Archive member included to satisfy reference by file (symbol)

c:/vsarm/armcc/102021~1.10/bin/../lib/gcc/arm-none-eabi/10.3.1/thumb/v6-m/nofp\libgcc.a(_dvmd_tls.o)
                              CMakeFiles/grumpy2-main.dir/C_/VSARM/sdk/pico/pico-sdk/src/rp2_common/pico_divider/divider.S.obj (__aeabi_idiv0)
c:/vsarm/armcc/102021~1.10/bin/../lib/gcc/arm-none-eabi/10.3.1/../../../../arm-none-eabi/lib/thumb/v6-m/nofp\libg.a(lib_a-calloc.o)
                              CMakeFiles/grumpy2-main.dir/C_/VSARM/sdk/pico/pico-sdk/src/rp2_common/pico_malloc/pico_malloc.c.obj (calloc)
c:/vsarm/armcc/102021~1.10/bin/../lib/gcc/arm-none-eabi/10.3.1/../../../../arm-none-eabi/lib/thumb/v6-m/nofp\libg.a(lib_a-callocr.o)
                              c:/vsarm/armcc/102021~1.10/bin/../lib/gcc/arm-none-eabi/10.3.1/../../../../arm-none-eabi/lib/thumb/v6-m/nofp\libg.a(lib_a-calloc.o) (_calloc_r)
c:/vsarm/armcc/102021~1.10/bin/../lib/gcc/arm-none-eabi/10.3.1/../../../../arm-none-eabi/lib/thumb/v6-m/nofp\libg.a(lib_a-errno.o)
                              CMakeFiles/grumpy2-main.dir/FatFs_SPI/src/ff_stdio.c.obj (__errno)
c:/vsarm/armcc/102021~1.10/bin/../lib/gcc/arm-none-eabi/10.3.1/../../../../arm-none-eabi/lib/thumb/v6-m/nofp\libg.a(lib_a-fflush.o)
                              CMakeFiles/grumpy2-main.dir/FatFs_SPI/sd_driver/demo_logging.c.obj (fflush)
c:/vsarm/armcc/102021~1.10/bin/../lib/gcc/arm-none-eabi/10.3.1/../../../../arm-none-eabi/lib/thumb/v6-m/nofp\libg.a(lib_a-findfp.o)
                              c:/vsarm/armcc/102021~1.10/bin/../lib/gcc/arm-none-eabi/10.3.1/../../../../arm-none-eabi/lib/thumb/v6-m/nofp\libg.a(lib_a-fflush.o) (__sinit)
c:/vsarm/armcc/102021~1.10/bin/../lib/gcc/arm-none-eabi/10.3.1/../../../../arm-none-eabi/lib/thumb/v6-m/nofp\libg.a(lib_a-freer.o)
                              c:/vsarm/armcc/102021~1.10/bin/../lib/gcc/arm-none-eabi/10.3.1/../../../../arm-none-eabi/lib/thumb/v6-m/nofp\libg.a(lib_a-fflush.o) (_free_r)
c:/vsarm/armcc/102021~1.10/bin/../lib/gcc/arm-none-eabi/10.3.1/../../../../arm-none-eabi/lib/thumb/v6-m/nofp\libg.a(lib_a-fwalk.o)
                              c:/vsarm/armcc/102021~1.10/bin/../lib/gcc/arm-none-eabi/10.3.1/../../../../arm-none-eabi/lib/thumb/v6-m/nofp\libg.a(lib_a-findfp.o) (_fwalk)
c:/vsarm/armcc/102021~1.10/bin/../lib/gcc/arm-none-eabi/10.3.1/../../../../arm-none-eabi/lib/thumb/v6-m/nofp\libg.a(lib_a-impure.o)
                              c:/vsarm/armcc/102021~1.10/bin/../lib/gcc/arm-none-eabi/10.3.1/../../../../arm-none-eabi/lib/thumb/v6-m/nofp\libg.a(lib_a-fflush.o) (_global_impure_ptr)
c:/vsarm/armcc/102021~1.10/bin/../lib/gcc/arm-none-eabi/10.3.1/../../../../arm-none-eabi/lib/thumb/v6-m/nofp\libg.a(lib_a-init.o)
                              c:/vsarm/armcc/102021~1.10/bin/../lib/gcc/arm-none-eabi/10.3.1/../../../../arm-none-eabi/lib/thumb/v6-m/nofp/crt0.o (__libc_init_array)
c:/vsarm/armcc/102021~1.10/bin/../lib/gcc/arm-none-eabi/10.3.1/../../../../arm-none-eabi/lib/thumb/v6-m/nofp\libg.a(lib_a-lock.o)
                              c:/vsarm/armcc/102021~1.10/bin/../lib/gcc/arm-none-eabi/10.3.1/../../../../arm-none-eabi/lib/thumb/v6-m/nofp\libg.a(lib_a-findfp.o) (__retarget_lock_init_recursive)
c:/vsarm/armcc/102021~1.10/bin/../lib/gcc/arm-none-eabi/10.3.1/../../../../arm-none-eabi/lib/thumb/v6-m/nofp\libg.a(lib_a-malloc.o)
                              CMakeFiles/grumpy2-main.dir/C_/VSARM/sdk/pico/pico-sdk/src/rp2_common/pico_malloc/pico_malloc.c.obj (malloc)
c:/vsarm/armcc/102021~1.10/bin/../lib/gcc/arm-none-eabi/10.3.1/../../../../arm-none-eabi/lib/thumb/v6-m/nofp\libg.a(lib_a-mallocr.o)
                              c:/vsarm/armcc/102021~1.10/bin/../lib/gcc/arm-none-eabi/10.3.1/../../../../arm-none-eabi/lib/thumb/v6-m/nofp\libg.a(lib_a-callocr.o) (_malloc_r)
c:/vsarm/armcc/102021~1.10/bin/../lib/gcc/arm-none-eabi/10.3.1/../../../../arm-none-eabi/lib/thumb/v6-m/nofp\libg.a(lib_a-memcmp.o)
                              CMakeFiles/grumpy2-main.dir/FatFs_SPI/ff15/source/ff.c.obj (memcmp)
c:/vsarm/armcc/102021~1.10/bin/../lib/gcc/arm-none-eabi/10.3.1/../../../../arm-none-eabi/lib/thumb/v6-m/nofp\libg.a(lib_a-mktime.o)
                              CMakeFiles/grumpy2-main.dir/FatFs_SPI/src/rtc.c.obj (mktime)
c:/vsarm/armcc/102021~1.10/bin/../lib/gcc/arm-none-eabi/10.3.1/../../../../arm-none-eabi/lib/thumb/v6-m/nofp\libg.a(lib_a-mlock.o)
                              c:/vsarm/armcc/102021~1.10/bin/../lib/gcc/arm-none-eabi/10.3.1/../../../../arm-none-eabi/lib/thumb/v6-m/nofp\libg.a(lib_a-freer.o) (__malloc_lock)
c:/vsarm/armcc/102021~1.10/bin/../lib/gcc/arm-none-eabi/10.3.1/../../../../arm-none-eabi/lib/thumb/v6-m/nofp\libg.a(lib_a-realloc.o)
                              CMakeFiles/grumpy2-main.dir/C_/VSARM/sdk/pico/pico-sdk/src/rp2_common/pico_malloc/pico_malloc.c.obj (realloc)
c:/vsarm/armcc/102021~1.10/bin/../lib/gcc/arm-none-eabi/10.3.1/../../../../arm-none-eabi/lib/thumb/v6-m/nofp\libg.a(lib_a-reallocr.o)
[...]
Memory Configuration

Name             Origin             Length             Attributes
FLASH            0x10000000         0x00200000         xr
RAM              0x20000000         0x00040000         xrw
SCRATCH_X        0x20040000         0x00001000         xrw
SCRATCH_Y        0x20041000         0x00001000         xrw
*default*        0x00000000         0xffffffff

Linker script and memory map

LOAD c:/vsarm/armcc/102021~1.10/bin/../lib/gcc/arm-none-eabi/10.3.1/thumb/v6-m/nofp/crti.o
LOAD c:/vsarm/armcc/102021~1.10/bin/../lib/gcc/arm-none-eabi/10.3.1/thumb/v6-m/nofp/crtbegin.o
LOAD c:/vsarm/armcc/102021~1.10/bin/../lib/gcc/arm-none-eabi/10.3.1/../../../../arm-none-eabi/lib/thumb/v6-m/nofp/crt0.o

.flash_begin    0x10000000        0x0
                0x10000000                __flash_binary_start = .

.boot2          0x10000000      0x100
                0x10000000                __boot2_start__ = .
 *(.boot2)
 .boot2         0x10000000      0x100 C:\Users\Branden\AppData\Local\Temp\ccOHgGG2.o
                0x10000100                __boot2_end__ = .
                0x00000001                ASSERT (((__boot2_end__ - __boot2_start__) == 0x100), ERROR: Pico second stage bootloader must be 256 bytes in size)

.text           0x10000100     0xdcd8
                0x10000100                __logical_binary_start = .
 *(.vectors)
 .vectors       0x10000100       0xd4 CMakeFiles/grumpy2-main.dir/C_/VSARM/sdk/pico/pico-sdk/src/rp2_common/pico_standard_link/crt0.S.obj
                0x10000100                __VECTOR_TABLE
                0x10000100                __vectors
                0x100001c0                isr_invalid
                0x100001c0                __default_isrs_start
                0x100001c2                isr_nmi
                0x100001c4                isr_hardfault
                0x100001c6                isr_svcall
                0x100001c8                isr_pendsv
                0x100001ca                isr_systick
                0x100001cc                isr_irq23
                0x100001cc                isr_irq18
                0x100001cc                isr_irq11
                0x100001cc                isr_irq28
                0x100001cc                isr_irq19
                0x100001cc                isr_irq0
                0x100001cc                isr_irq6
                0x100001cc                isr_irq5
                0x100001cc                isr_irq12
                0x100001cc                isr_irq22
                0x100001cc                isr_irq31
                0x100001cc                isr_irq17
                0x100001cc                isr_irq27
                0x100001cc                isr_irq30
                0x100001cc                isr_irq2
                0x100001cc                isr_irq10
                0x100001cc                isr_irq8
                0x100001cc                isr_irq24
                0x100001cc                isr_irq1
                0x100001cc                isr_irq7
                0x100001cc                isr_irq21
                0x100001cc                isr_irq20
                0x100001cc                isr_irq15
                0x100001cc                isr_irq25
                0x100001cc                isr_irq13
                0x100001cc                __unhandled_user_irq
                0x100001cc                isr_irq4
                0x100001cc                isr_irq16
                0x100001cc                isr_irq29
                0x100001cc                isr_irq26
                0x100001cc                __default_isrs_end
                0x100001cc                isr_irq3
                0x100001cc                isr_irq14
                0x100001cc                isr_irq9
                0x100001d2                unhandled_user_irq_num_in_r0
 *(.binary_info_header)
 .binary_info_header
                0x100001d4       0x14 CMakeFiles/grumpy2-main.dir/C_/VSARM/sdk/pico/pico-sdk/src/rp2_common/pico_standard_link/crt0.S.obj
                0x100001e8                __binary_info_header_end = .
 *(.reset)
 .reset         0x100001e8       0xa0 CMakeFiles/grumpy2-main.dir/C_/VSARM/sdk/pico/pico-sdk/src/rp2_common/pico_standard_link/crt0.S.obj
                0x100001e8                _entry_point
 .reset         0x10000288       0x30 CMakeFiles/grumpy2-main.dir/C_/VSARM/sdk/pico/pico-sdk/src/rp2_common/pico_standard_link/binary_info.c.obj
 *(.init)
 .init          0x100002b8        0x4 c:/vsarm/armcc/102021~1.10/bin/../lib/gcc/arm-none-eabi/10.3.1/thumb/v6-m/nofp/crti.o
                0x100002b8                _init
 *(EXCLUDE_FILE(*libm.a: *libc.a:*lib_a-mem*.o *libgcc.a:) .text*)
 .text          0x100002bc       0x48 c:/vsarm/armcc/102021~1.10/bin/../lib/gcc/arm-none-eabi/10.3.1/thumb/v6-m/nofp/crtbegin.o
 .text.alarm_in_us
                0x10000304       0x30 CMakeFiles/grumpy2-main.dir/main.c.obj
 .text.alarm_irq
                0x10000334       0x2c CMakeFiles/grumpy2-main.dir/main.c.obj
 .text.main     0x10000360      0x10c CMakeFiles/grumpy2-main.dir/main.c.obj
                0x10000360                main
 .text.sd_get_num
                0x1000046c        0x4 CMakeFiles/grumpy2-main.dir/hw_config.c.obj
                0x1000046c                sd_get_num
 .text.sd_get_by_num
                0x10000470       0x20 CMakeFiles/grumpy2-main.dir/hw_config.c.obj
                0x10000470                sd_get_by_num
 .text.spi_get_num
                0x10000490        0x4 CMakeFiles/grumpy2-main.dir/hw_config.c.obj
                0x10000490                spi_get_num
 .text.spi_get_by_num
                0x10000494       0x20 CMakeFiles/grumpy2-main.dir/hw_config.c.obj
                0x10000494                spi_get_by_num
 .text.get_VLQ  0x100004b4       0x22 CMakeFiles/grumpy2-main.dir/midi_file_utils.c.obj
                0x100004b4                get_VLQ
 .text.load_word
                0x100004d6        0xe CMakeFiles/grumpy2-main.dir/midi_file_utils.c.obj
                0x100004d6                load_word
 .text.load_midi_type
                0x100004e4       0x14 CMakeFiles/grumpy2-main.dir/midi_file_utils.c.obj
                0x100004e4                load_midi_type
 .text.load_track_count
                0x100004f8       0x14 CMakeFiles/grumpy2-main.dir/midi_file_utils.c.obj
                0x100004f8                load_track_count
 .text.load_time_div
                0x1000050c       0x14 CMakeFiles/grumpy2-main.dir/midi_file_utils.c.obj
                0x1000050c                load_time_div
 .text.load_midi_file
                0x10000520       0x68 CMakeFiles/grumpy2-main.dir/midi_file_utils.c.obj
                0x10000520                load_midi_file
 .text.init_track
                0x10000588       0x14 CMakeFiles/grumpy2-main.dir/midi_file_utils.c.obj
                0x10000588                init_track
 .text.load_track_chunk_info
                0x1000059c       0x74 CMakeFiles/grumpy2-main.dir/midi_file_utils.c.obj
                0x1000059c                load_track_chunk_info
 .text.midi_get_file_info
                0x10000610       0x2c CMakeFiles/grumpy2-main.dir/midi_file_utils.c.obj
                0x10000610                midi_get_file_info
 .text.midi_open_sd
                0x1000063c       0x38 CMakeFiles/grumpy2-main.dir/midi_file_utils.c.obj
                0x1000063c                midi_open_sd
 .text.midi_mount_root
                0x10000674       0x18 CMakeFiles/grumpy2-main.dir/midi_file_utils.c.obj
                0x10000674                midi_mount_root
 .text.get_file_at_index
                0x1000068c       0xc0 CMakeFiles/grumpy2-main.dir/midi_file_utils.c.obj
                0x1000068c                get_file_at_index
 .text.midi_next
                0x1000074c       0x34 CMakeFiles/grumpy2-main.dir/midi_file_utils.c.obj
                0x1000074c                midi_next
 .text.midi_init
                0x10000780       0x64 CMakeFiles/grumpy2-main.dir/midi_file_utils.c.obj
                0x10000780                midi_init
 .text.end_of_midi
                0x100007e4       0x32 CMakeFiles/grumpy2-main.dir/midi_utils.c.obj
                0x100007e4                end_of_midi
 .text.big_endian_to_int
                0x10000816       0x18 CMakeFiles/grumpy2-main.dir/midi_utils.c.obj
                0x10000816                big_endian_to_int
 .text.big_endian_to_word
                0x1000082e        0xe CMakeFiles/grumpy2-main.dir/midi_utils.c.obj
                0x1000082e                big_endian_to_word
 .text.process_track
                0x1000083c      0x1c8 CMakeFiles/grumpy2-main.dir/midi_player.c.obj
                0x1000083c                process_track
 .text.get_next_min_elapsed
                0x10000a04       0x40 CMakeFiles/grumpy2-main.dir/midi_player.c.obj
                0x10000a04                get_next_min_elapsed
 .text.process_all_tracks
                0x10000a44       0x72 CMakeFiles/grumpy2-main.dir/midi_player.c.obj
                0x10000a44                process_all_tracks
 *fill*         0x10000ab6        0x2 
 .text.uart0_isr
                0x10000ab8       0x84 CMakeFiles/grumpy2-main.dir/midi_uart.c.obj
 .text.serial_init
                0x10000b3c       0x5c CMakeFiles/grumpy2-main.dir/midi_uart.c.obj
                0x10000b3c                serial_init
 .text.start_transmit
                0x10000b98       0x54 CMakeFiles/grumpy2-main.dir/midi_uart.c.obj
                0x10000b98                start_transmit
 .text.is_transmitting
                0x10000bec        0xc CMakeFiles/grumpy2-main.dir/midi_uart.c.obj
                0x10000bec                is_transmitting
 .text.gpio_set_function
                0x10000bf8       0x30 CMakeFiles/grumpy2-main.dir/C_/VSARM/sdk/pico/pico-sdk/src/rp2_common/hardware_gpio/gpio.c.obj
                0x10000bf8                gpio_set_function
 .text.gpio_set_pulls
                0x10000c28       0x34 CMakeFiles/grumpy2-main.dir/C_/VSARM/sdk/pico/pico-sdk/src/rp2_common/hardware_gpio/gpio.c.obj
                0x10000c28                gpio_set_pulls
 .text.gpio_set_drive_strength
                0x10000c5c       0x20 CMakeFiles/grumpy2-main.dir/C_/VSARM/sdk/pico/pico-sdk/src/rp2_common/hardware_gpio/gpio.c.obj
                0x10000c5c                gpio_set_drive_strength
 .text.gpio_init
                0x10000c7c       0x16 CMakeFiles/grumpy2-main.dir/C_/VSARM/sdk/pico/pico-sdk/src/rp2_common/hardware_gpio/gpio.c.obj
                0x10000c7c                gpio_init
 *fill*         0x10000c92        0x2 
 .text.running_on_fpga
                0x10000c94       0x14 CMakeFiles/grumpy2-main.dir/C_/VSARM/sdk/pico/pico-sdk/src/rp2_common/pico_platform/platform.c.obj
                0x10000c94                running_on_fpga
 .text.hw_claim_lock
                0x10000ca8       0x18 CMakeFiles/grumpy2-main.dir/C_/VSARM/sdk/pico/pico-sdk/src/rp2_common/hardware_claim/claim.c.obj
                0x10000ca8                hw_claim_lock
 .text.hw_claim_unlock
                0x10000cc0       0x14 CMakeFiles/grumpy2-main.dir/C_/VSARM/sdk/pico/pico-sdk/src/rp2_common/hardware_claim/claim.c.obj
                0x10000cc0                hw_claim_unlock
 .text.hw_claim_or_assert
                0x10000cd4       0x32 CMakeFiles/grumpy2-main.dir/C_/VSARM/sdk/pico/pico-sdk/src/rp2_common/hardware_claim/claim.c.obj
                0x10000cd4                hw_claim_or_assert
 .text.hw_claim_unused_from_range
                0x10000d06       0x50 CMakeFiles/grumpy2-main.dir/C_/VSARM/sdk/pico/pico-sdk/src/rp2_common/hardware_claim/claim.c.obj
                0x10000d06                hw_claim_unused_from_range
 *fill*         0x10000d56        0x2 
 .text.spin_locks_reset
                0x10000d58       0x20 CMakeFiles/grumpy2-main.dir/C_/VSARM/sdk/pico/pico-sdk/src/rp2_common/hardware_sync/sync.c.obj
                0x10000d58                spin_locks_reset
 .text.next_striped_spin_lock_num
                0x10000d78       0x1c CMakeFiles/grumpy2-main.dir/C_/VSARM/sdk/pico/pico-sdk/src/rp2_common/hardware_sync/sync.c.obj
                0x10000d78                next_striped_spin_lock_num
 .text.spin_lock_claim_unused
                0x10000d94       0x20 CMakeFiles/grumpy2-main.dir/C_/VSARM/sdk/pico/pico-sdk/src/rp2_common/hardware_sync/sync.c.obj
                0x10000d94                spin_lock_claim_unused
 .text.set_raw_irq_handler_and_unlock
                0x10000db4       0x28 CMakeFiles/grumpy2-main.dir/C_/VSARM/sdk/pico/pico-sdk/src/rp2_common/hardware_irq/irq.c.obj
 .text.make_branch
                0x10000ddc       0x48 CMakeFiles/grumpy2-main.dir/C_/VSARM/sdk/pico/pico-sdk/src/rp2_common/hardware_irq/irq.c.obj
 .text.insert_branch_and_link
                0x10000e24       0x40 CMakeFiles/grumpy2-main.dir/C_/VSARM/sdk/pico/pico-sdk/src/rp2_common/hardware_irq/irq.c.obj
 .text.irq_is_enabled
                0x10000e64       0x18 CMakeFiles/grumpy2-main.dir/C_/VSARM/sdk/pico/pico-sdk/src/rp2_common/hardware_irq/irq.c.obj
                0x10000e64                irq_is_enabled
 .text.irq_set_mask_enabled
                0x10000e7c       0x20 CMakeFiles/grumpy2-main.dir/C_/VSARM/sdk/pico/pico-sdk/src/rp2_common/hardware_irq/irq.c.obj
                0x10000e7c                irq_set_mask_enabled
 .text.irq_set_enabled
                0x10000e9c        0xe CMakeFiles/grumpy2-main.dir/C_/VSARM/sdk/pico/pico-sdk/src/rp2_common/hardware_irq/irq.c.obj
                0x10000e9c                irq_set_enabled
 *fill*         0x10000eaa        0x2 
 .text.irq_set_pending
                0x10000eac       0x10 CMakeFiles/grumpy2-main.dir/C_/VSARM/sdk/pico/pico-sdk/src/rp2_common/hardware_irq/irq.c.obj
                0x10000eac                irq_set_pending
 .text.irq_get_vtable_handler
                0x10000ebc       0x10 CMakeFiles/grumpy2-main.dir/C_/VSARM/sdk/pico/pico-sdk/src/rp2_common/hardware_irq/irq.c.obj
                0x10000ebc                irq_get_vtable_handler
 .text.irq_has_shared_handler
                0x10000ecc       0x24 CMakeFiles/grumpy2-main.dir/C_/VSARM/sdk/pico/pico-sdk/src/rp2_common/hardware_irq/irq.c.obj
                0x10000ecc                irq_has_shared_handler
 .text.irq_set_exclusive_handler
                0x10000ef0       0x54 CMakeFiles/grumpy2-main.dir/C_/VSARM/sdk/pico/pico-sdk/src/rp2_common/hardware_irq/irq.c.obj
                0x10000ef0                irq_set_exclusive_handler
 .text.irq_add_shared_handler
                0x10000f44      0x234 CMakeFiles/grumpy2-main.dir/C_/VSARM/sdk/pico/pico-sdk/src/rp2_common/hardware_irq/irq.c.obj
                0x10000f44                irq_add_shared_handler
 .text.irq_remove_handler
                0x10001178      0x1ac CMakeFiles/grumpy2-main.dir/C_/VSARM/sdk/pico/pico-sdk/src/rp2_common/hardware_irq/irq.c.obj
                0x10001178                irq_remove_handler
 .text.irq_add_tail_to_free_list
                0x10001324       0xf0 CMakeFiles/grumpy2-main.dir/C_/VSARM/sdk/pico/pico-sdk/src/rp2_common/hardware_irq/irq.c.obj
                0x10001324                irq_add_tail_to_free_list
 .text.irq_init_priorities
                0x10001414       0x1c CMakeFiles/grumpy2-main.dir/C_/VSARM/sdk/pico/pico-sdk/src/rp2_common/hardware_irq/irq.c.obj
                0x10001414                irq_init_priorities
 .text.user_irq_claim_unused
                0x10001430       0x28 CMakeFiles/grumpy2-main.dir/C_/VSARM/sdk/pico/pico-sdk/src/rp2_common/hardware_irq/irq.c.obj
                0x10001430                user_irq_claim_unused
 .text.sem_init
                0x10001458       0x1e CMakeFiles/grumpy2-main.dir/C_/VSARM/sdk/pico/pico-sdk/src/common/pico_sync/sem.c.obj
                0x10001458                sem_init
 *fill*         0x10001476        0x2 
 .text.lock_init
                0x10001478       0x10 CMakeFiles/grumpy2-main.dir/C_/VSARM/sdk/pico/pico-sdk/src/common/pico_sync/lock_core.c.obj
                0x10001478                lock_init
 .text.mutex_init
                0x10001488       0x1a CMakeFiles/grumpy2-main.dir/C_/VSARM/sdk/pico/pico-sdk/src/common/pico_sync/mutex.c.obj
                0x10001488                mutex_init
 .text.recursive_mutex_init
                0x100014a2       0x1e CMakeFiles/grumpy2-main.dir/C_/VSARM/sdk/pico/pico-sdk/src/common/pico_sync/mutex.c.obj
                0x100014a2                recursive_mutex_init
 .text.critical_section_init_with_lock_num
                0x100014c0       0x14 CMakeFiles/grumpy2-main.dir/C_/VSARM/sdk/pico/pico-sdk/src/common/pico_sync/critical_section.c.obj
                0x100014c0                critical_section_init_with_lock_num
 .text.critical_section_init
                0x100014d4       0x14 CMakeFiles/grumpy2-main.dir/C_/VSARM/sdk/pico/pico-sdk/src/common/pico_sync/critical_section.c.obj
                0x100014d4                critical_section_init
 .text.alarm_pool_post_alloc_init
                0x100014e8       0x40 CMakeFiles/grumpy2-main.dir/C_/VSARM/sdk/pico/pico-sdk/src/common/pico_time/time.c.obj
 .text.sleep_until_callback
                0x10001528       0x30 CMakeFiles/grumpy2-main.dir/C_/VSARM/sdk/pico/pico-sdk/src/common/pico_time/time.c.obj
 .text.timer_pool_entry_comparator
                0x10001558       0x7c CMakeFiles/grumpy2-main.dir/C_/VSARM/sdk/pico/pico-sdk/src/common/pico_time/time.c.obj
                0x10001558                timer_pool_entry_comparator
 .text.ph_add_child_node
                0x100015d4       0xa4 CMakeFiles/grumpy2-main.dir/C_/VSARM/sdk/pico/pico-sdk/src/common/pico_time/time.c.obj
 .text.ph_merge_nodes
                0x10001678       0x3e CMakeFiles/grumpy2-main.dir/C_/VSARM/sdk/pico/pico-sdk/src/common/pico_time/time.c.obj
 *fill*         0x100016b6        0x2 
 .text.add_alarm_under_lock
                0x100016b8      0x174 CMakeFiles/grumpy2-main.dir/C_/VSARM/sdk/pico/pico-sdk/src/common/pico_time/time.c.obj
 .text.alarm_pool_alarm_callback
                0x1000182c      0x33c CMakeFiles/grumpy2-main.dir/C_/VSARM/sdk/pico/pico-sdk/src/common/pico_time/time.c.obj
 .text.alarm_pool_init_default
                0x10001b68       0x40 CMakeFiles/grumpy2-main.dir/C_/VSARM/sdk/pico/pico-sdk/src/common/pico_time/time.c.obj
                0x10001b68                alarm_pool_init_default
 .text.alarm_pool_get_default
                0x10001ba8       0x2c CMakeFiles/grumpy2-main.dir/C_/VSARM/sdk/pico/pico-sdk/src/common/pico_time/time.c.obj
                0x10001ba8                alarm_pool_get_default
 .text.alarm_pool_add_alarm_at
                0x10001bd4      0x168 CMakeFiles/grumpy2-main.dir/C_/VSARM/sdk/pico/pico-sdk/src/common/pico_time/time.c.obj
                0x10001bd4                alarm_pool_add_alarm_at
 .text.alarm_pool_cancel_alarm
                0x10001d3c       0xf8 CMakeFiles/grumpy2-main.dir/C_/VSARM/sdk/pico/pico-sdk/src/common/pico_time/time.c.obj
                0x10001d3c                alarm_pool_cancel_alarm
 .text.alarm_pool_core_num
                0x10001e34        0x4 CMakeFiles/grumpy2-main.dir/C_/VSARM/sdk/pico/pico-sdk/src/common/pico_time/time.c.obj
                0x10001e34                alarm_pool_core_num
 .text.sleep_until
                0x10001e38       0xfc CMakeFiles/grumpy2-main.dir/C_/VSARM/sdk/pico/pico-sdk/src/common/pico_time/time.c.obj
                0x10001e38                sleep_until
 .text.sleep_us
                0x10001f34       0x58 CMakeFiles/grumpy2-main.dir/C_/VSARM/sdk/pico/pico-sdk/src/common/pico_time/time.c.obj
                0x10001f34                sleep_us
 .text.sleep_ms
                0x10001f8c       0x14 CMakeFiles/grumpy2-main.dir/C_/VSARM/sdk/pico/pico-sdk/src/common/pico_time/time.c.obj
                0x10001f8c                sleep_ms
 .text.best_effort_wfe_or_timeout
                0x10001fa0       0xac CMakeFiles/grumpy2-main.dir/C_/VSARM/sdk/pico/pico-sdk/src/common/pico_time/time.c.obj
                0x10001fa0                best_effort_wfe_or_timeout
 .text.hardware_alarm_irq_handler
                0x1000204c       0x90 CMakeFiles/grumpy2-main.dir/C_/VSARM/sdk/pico/pico-sdk/src/rp2_common/hardware_timer/timer.c.obj
 .text.hardware_alarm_claim
                0x100020dc       0x18 CMakeFiles/grumpy2-main.dir/C_/VSARM/sdk/pico/pico-sdk/src/rp2_common/hardware_timer/timer.c.obj
                0x100020dc                hardware_alarm_claim
 .text.time_us_64
                0x100020f4       0x18 CMakeFiles/grumpy2-main.dir/C_/VSARM/sdk/pico/pico-sdk/src/rp2_common/hardware_timer/timer.c.obj
                0x100020f4                time_us_64
 .text.busy_wait_until
                0x1000210c       0x28 CMakeFiles/grumpy2-main.dir/C_/VSARM/sdk/pico/pico-sdk/src/rp2_common/hardware_timer/timer.c.obj
                0x1000210c                busy_wait_until
 .text.busy_wait_us
                0x10002134       0x48 CMakeFiles/grumpy2-main.dir/C_/VSARM/sdk/pico/pico-sdk/src/rp2_common/hardware_timer/timer.c.obj
                0x10002134                busy_wait_us
 .text.hardware_alarm_set_callback
                0x1000217c       0x90 CMakeFiles/grumpy2-main.dir/C_/VSARM/sdk/pico/pico-sdk/src/rp2_common/hardware_timer/timer.c.obj
                0x1000217c                hardware_alarm_set_callback
 .text.hardware_alarm_set_target
                0x1000220c       0xe8 CMakeFiles/grumpy2-main.dir/C_/VSARM/sdk/pico/pico-sdk/src/rp2_common/hardware_timer/timer.c.obj
                0x1000220c                hardware_alarm_set_target
 .text.hardware_alarm_cancel
                0x100022f4       0x40 CMakeFiles/grumpy2-main.dir/C_/VSARM/sdk/pico/pico-sdk/src/rp2_common/hardware_timer/timer.c.obj
                0x100022f4                hardware_alarm_cancel
 .text.ph_add_child_node
                0x10002334       0xa4 CMakeFiles/grumpy2-main.dir/C_/VSARM/sdk/pico/pico-sdk/src/common/pico_util/pheap.c.obj
 .text.ph_merge_nodes
                0x100023d8       0x3e CMakeFiles/grumpy2-main.dir/C_/VSARM/sdk/pico/pico-sdk/src/common/pico_util/pheap.c.obj
 *fill*         0x10002416        0x2 
 .text.ph_clear
                0x10002418       0x70 CMakeFiles/grumpy2-main.dir/C_/VSARM/sdk/pico/pico-sdk/src/common/pico_util/pheap.c.obj
                0x10002418                ph_clear
 .text.ph_post_alloc_init
                0x10002488        0xe CMakeFiles/grumpy2-main.dir/C_/VSARM/sdk/pico/pico-sdk/src/common/pico_util/pheap.c.obj
                0x10002488                ph_post_alloc_init
 *fill*         0x10002496        0x2 
 .text.ph_merge_two_pass
                0x10002498       0xa8 CMakeFiles/grumpy2-main.dir/C_/VSARM/sdk/pico/pico-sdk/src/common/pico_util/pheap.c.obj
                0x10002498                ph_merge_two_pass
 .text.ph_remove_any_head
                0x10002540      0x128 CMakeFiles/grumpy2-main.dir/C_/VSARM/sdk/pico/pico-sdk/src/common/pico_util/pheap.c.obj
 .text.ph_remove_head
                0x10002668       0x14 CMakeFiles/grumpy2-main.dir/C_/VSARM/sdk/pico/pico-sdk/src/common/pico_util/pheap.c.obj
                0x10002668                ph_remove_head
 .text.ph_remove_and_free_node
                0x1000267c       0xf8 CMakeFiles/grumpy2-main.dir/C_/VSARM/sdk/pico/pico-sdk/src/common/pico_util/pheap.c.obj
                0x1000267c                ph_remove_and_free_node
 .text.uart_disable_before_lcr_write
                0x10002774       0x48 CMakeFiles/grumpy2-main.dir/C_/VSARM/sdk/pico/pico-sdk/src/rp2_common/hardware_uart/uart.c.obj
 .text.uart_write_lcr_bits_masked
                0x100027bc       0x22 CMakeFiles/grumpy2-main.dir/C_/VSARM/sdk/pico/pico-sdk/src/rp2_common/hardware_uart/uart.c.obj
 *fill*         0x100027de        0x2 
 .text.uart_set_baudrate
                0x100027e0       0x5c CMakeFiles/grumpy2-main.dir/C_/VSARM/sdk/pico/pico-sdk/src/rp2_common/hardware_uart/uart.c.obj
                0x100027e0                uart_set_baudrate
 .text.uart_set_format
                0x1000283c       0x2c CMakeFiles/grumpy2-main.dir/C_/VSARM/sdk/pico/pico-sdk/src/rp2_common/hardware_uart/uart.c.obj
                0x1000283c                uart_set_format
 .text.uart_set_fifo_enabled
                0x10002868       0x10 CMakeFiles/grumpy2-main.dir/C_/VSARM/sdk/pico/pico-sdk/src/rp2_common/hardware_uart/uart.c.obj
                0x10002868                uart_set_fifo_enabled
 .text.uart_set_translate_crlf
                0x10002878       0x28 CMakeFiles/grumpy2-main.dir/C_/VSARM/sdk/pico/pico-sdk/src/rp2_common/hardware_uart/uart.c.obj
                0x10002878                uart_set_translate_crlf
 .text.uart_init
                0x100028a0       0x80 CMakeFiles/grumpy2-main.dir/C_/VSARM/sdk/pico/pico-sdk/src/rp2_common/hardware_uart/uart.c.obj
                0x100028a0                uart_init
 .text.clock_configure
                0x10002920      0x108 CMakeFiles/grumpy2-main.dir/C_/VSARM/sdk/pico/pico-sdk/src/rp2_common/hardware_clocks/clocks.c.obj
                0x10002920                clock_configure
 .text.clocks_init
                0x10002a28      0x100 CMakeFiles/grumpy2-main.dir/C_/VSARM/sdk/pico/pico-sdk/src/rp2_common/hardware_clocks/clocks.c.obj
                0x10002a28                clocks_init
 .text.clock_get_hz
                0x10002b28        0xc CMakeFiles/grumpy2-main.dir/C_/VSARM/sdk/pico/pico-sdk/src/rp2_common/hardware_clocks/clocks.c.obj
                0x10002b28                clock_get_hz
 .text.pll_init
                0x10002b34      0x120 CMakeFiles/grumpy2-main.dir/C_/VSARM/sdk/pico/pico-sdk/src/rp2_common/hardware_pll/pll.c.obj
                0x10002b34                pll_init
 .text.watchdog_start_tick
                0x10002c54       0x10 CMakeFiles/grumpy2-main.dir/C_/VSARM/sdk/pico/pico-sdk/src/rp2_common/hardware_watchdog/watchdog.c.obj
                0x10002c54                watchdog_start_tick
 .text.watchdog_update
                0x10002c64       0x14 CMakeFiles/grumpy2-main.dir/C_/VSARM/sdk/pico/pico-sdk/src/rp2_common/hardware_watchdog/watchdog.c.obj
                0x10002c64                watchdog_update
 .text._watchdog_enable
                0x10002c78       0x78 CMakeFiles/grumpy2-main.dir/C_/VSARM/sdk/pico/pico-sdk/src/rp2_common/hardware_watchdog/watchdog.c.obj
                0x10002c78                _watchdog_enable
 .text.watchdog_reboot
                0x10002cf0       0x48 CMakeFiles/grumpy2-main.dir/C_/VSARM/sdk/pico/pico-sdk/src/rp2_common/hardware_watchdog/watchdog.c.obj
                0x10002cf0                watchdog_reboot
 .text.xosc_init
                0x10002d38       0x28 CMakeFiles/grumpy2-main.dir/C_/VSARM/sdk/pico/pico-sdk/src/rp2_common/hardware_xosc/xosc.c.obj
                0x10002d38                xosc_init
 .text._exit    0x10002d60        0x4 CMakeFiles/grumpy2-main.dir/C_/VSARM/sdk/pico/pico-sdk/src/rp2_common/pico_runtime/runtime.c.obj
                0x10002d60                _exit
 .text._sbrk    0x10002d64       0x38 CMakeFiles/grumpy2-main.dir/C_/VSARM/sdk/pico/pico-sdk/src/rp2_common/pico_runtime/runtime.c.obj
                0x10002d64                _sbrk
 .text.exit     0x10002d9c        0x6 CMakeFiles/grumpy2-main.dir/C_/VSARM/sdk/pico/pico-sdk/src/rp2_common/pico_runtime/runtime.c.obj
                0x10002d9c                exit
 *fill*         0x10002da2        0x2 
 .text.__assert_func
                0x10002da4       0x3c CMakeFiles/grumpy2-main.dir/C_/VSARM/sdk/pico/pico-sdk/src/rp2_common/pico_runtime/runtime.c.obj
                0x10002da4                __assert_func
 .text.runtime_init
                0x10002de0       0xf8 CMakeFiles/grumpy2-main.dir/C_/VSARM/sdk/pico/pico-sdk/src/rp2_common/pico_runtime/runtime.c.obj
                0x10002de0                runtime_init
 .text.panic    0x10002ed8       0x30 CMakeFiles/grumpy2-main.dir/C_/VSARM/sdk/pico/pico-sdk/src/rp2_common/pico_runtime/runtime.c.obj
                0x10002ed8                panic
 .text._out_buffer
                0x10002f08        0x8 CMakeFiles/grumpy2-main.dir/C_/VSARM/sdk/pico/pico-sdk/src/rp2_common/pico_printf/printf.c.obj
 .text._out_null
                0x10002f10        0x2 CMakeFiles/grumpy2-main.dir/C_/VSARM/sdk/pico/pico-sdk/src/rp2_common/pico_printf/printf.c.obj
 .text._out_fct
                0x10002f12        0xe CMakeFiles/grumpy2-main.dir/C_/VSARM/sdk/pico/pico-sdk/src/rp2_common/pico_printf/printf.c.obj
 .text._atoi    0x10002f20       0x24 CMakeFiles/grumpy2-main.dir/C_/VSARM/sdk/pico/pico-sdk/src/rp2_common/pico_printf/printf.c.obj
 .text._out_rev
                0x10002f44       0xae CMakeFiles/grumpy2-main.dir/C_/VSARM/sdk/pico/pico-sdk/src/rp2_common/pico_printf/printf.c.obj
 .text._ntoa_format
                0x10002ff2      0x112 CMakeFiles/grumpy2-main.dir/C_/VSARM/sdk/pico/pico-sdk/src/rp2_common/pico_printf/printf.c.obj
 .text._ntoa_long
                0x10003104       0xbc CMakeFiles/grumpy2-main.dir/C_/VSARM/sdk/pico/pico-sdk/src/rp2_common/pico_printf/printf.c.obj
 .text._ntoa_long_long
                0x100031c0       0xe2 CMakeFiles/grumpy2-main.dir/C_/VSARM/sdk/pico/pico-sdk/src/rp2_common/pico_printf/printf.c.obj
 *fill*         0x100032a2        0x2 
 .text._etoa    0x100032a4      0x414 CMakeFiles/grumpy2-main.dir/C_/VSARM/sdk/pico/pico-sdk/src/rp2_common/pico_printf/printf.c.obj
 .text._ftoa    0x100036b8      0x354 CMakeFiles/grumpy2-main.dir/C_/VSARM/sdk/pico/pico-sdk/src/rp2_common/pico_printf/printf.c.obj
 .text._vsnprintf
                0x10003a0c      0x624 CMakeFiles/grumpy2-main.dir/C_/VSARM/sdk/pico/pico-sdk/src/rp2_common/pico_printf/printf.c.obj
 .text.__wrap_vsnprintf
                0x10004030       0x1c CMakeFiles/grumpy2-main.dir/C_/VSARM/sdk/pico/pico-sdk/src/rp2_common/pico_printf/printf.c.obj
                0x10004030                __wrap_vsnprintf
 .text.vfctprintf
                0x1000404c       0x20 CMakeFiles/grumpy2-main.dir/C_/VSARM/sdk/pico/pico-sdk/src/rp2_common/pico_printf/printf.c.obj
                0x1000404c                vfctprintf
 .text          0x1000406c       0x10 CMakeFiles/grumpy2-main.dir/C_/VSARM/sdk/pico/pico-sdk/src/rp2_common/pico_bit_ops/bit_ops_aeabi.S.obj
 .text.rom_func_lookup
                0x1000407c       0x10 CMakeFiles/grumpy2-main.dir/C_/VSARM/sdk/pico/pico-sdk/src/rp2_common/pico_bootrom/bootrom.c.obj
                0x1000407c                rom_func_lookup
 .text.rom_data_lookup
                0x1000408c       0x10 CMakeFiles/grumpy2-main.dir/C_/VSARM/sdk/pico/pico-sdk/src/rp2_common/pico_bootrom/bootrom.c.obj
                0x1000408c                rom_data_lookup
 .text.rom_funcs_lookup
                0x1000409c       0x36 CMakeFiles/grumpy2-main.dir/C_/VSARM/sdk/pico/pico-sdk/src/rp2_common/pico_bootrom/bootrom.c.obj
                0x1000409c                rom_funcs_lookup
 *fill*         0x100040d2        0x2 
 .text.__wrap___aeabi_idiv
                0x100040d4       0x50 CMakeFiles/grumpy2-main.dir/C_/VSARM/sdk/pico/pico-sdk/src/rp2_common/pico_divider/divider.S.obj
                0x100040d4                __wrap___aeabi_idivmod
                0x100040d4                divmod_s32s32
                0x100040d4                div_s32s32
                0x100040d4                __wrap___aeabi_idiv
                0x100040dc                divmod_s32s32_unsafe
                0x10004108                divmod_s32s32_savestate
 .text.__wrap___aeabi_uidiv
                0x10004124       0x4c CMakeFiles/grumpy2-main.dir/C_/VSARM/sdk/pico/pico-sdk/src/rp2_common/pico_divider/divider.S.obj
                0x10004124                __wrap___aeabi_uidiv
                0x10004124                __wrap___aeabi_uidivmod
                0x10004124                div_u32u32
                0x10004124                divmod_u32u32
                0x1000412c                divmod_u32u32_unsafe
                0x10004154                divmod_u32u32_savestate
 .text.__wrap___aeabi_ldiv
                0x10004170      0x424 CMakeFiles/grumpy2-main.dir/C_/VSARM/sdk/pico/pico-sdk/src/rp2_common/pico_divider/divider.S.obj
                0x10004170                div_s64s64
                0x10004170                divmod_s64s64
                0x10004170                __wrap___aeabi_ldivmod
                0x100041a0                divmod_u64u64
                0x100041a0                div_u64u64
                0x100041a0                __wrap___aeabi_uldivmod
                0x100041b0                divmod_u64u64_savestate
                0x100041d0                divmod_s64s64_unsafe
                0x10004258                divmod_u64u64_unsafe
 .text.__wrap___aeabi_darithmetic
                0x10004594       0x80 CMakeFiles/grumpy2-main.dir/C_/VSARM/sdk/pico/pico-sdk/src/rp2_common/pico_double/double_aeabi.S.obj
                0x10004594                __wrap___aeabi_drsub
                0x1000459a                __wrap___aeabi_dsub
                0x100045ac                __wrap___aeabi_dadd
                0x100045be                __wrap___aeabi_ddiv
                0x100045fa                __wrap___aeabi_dmul
 .text.__wrap___aeabi_cdcmple
                0x10004614       0x6c CMakeFiles/grumpy2-main.dir/C_/VSARM/sdk/pico/pico-sdk/src/rp2_common/pico_double/double_aeabi.S.obj
                0x10004614                __wrap___aeabi_cdrcmple
                0x10004624                __wrap___aeabi_cdcmpeq
                0x10004624                __wrap___aeabi_cdcmple
 .text.__wrap___aeabi_dcmplt
                0x10004680        0xc CMakeFiles/grumpy2-main.dir/C_/VSARM/sdk/pico/pico-sdk/src/rp2_common/pico_double/double_aeabi.S.obj
                0x10004680                __wrap___aeabi_dcmplt
 .text.__wrap___aeabi_dcmple
                0x1000468c       0x10 CMakeFiles/grumpy2-main.dir/C_/VSARM/sdk/pico/pico-sdk/src/rp2_common/pico_double/double_aeabi.S.obj
                0x1000468c                __wrap___aeabi_dcmple
 .text.__wrap___aeabi_dcmpge
                0x1000469c       0x10 CMakeFiles/grumpy2-main.dir/C_/VSARM/sdk/pico/pico-sdk/src/rp2_common/pico_double/double_aeabi.S.obj
                0x1000469c                __wrap___aeabi_dcmpge
 .text.__wrap___aeabi_dcmpgt
                0x100046ac        0xa CMakeFiles/grumpy2-main.dir/C_/VSARM/sdk/pico/pico-sdk/src/rp2_common/pico_double/double_aeabi.S.obj
                0x100046ac                __wrap___aeabi_dcmpgt
 .text.__wrap___aeabi_dcmpun
                0x100046b6       0x1c CMakeFiles/grumpy2-main.dir/C_/VSARM/sdk/pico/pico-sdk/src/rp2_common/pico_double/double_aeabi.S.obj
                0x100046b6                __wrap___aeabi_dcmpun
 *fill*         0x100046d2        0x2 
 .text.__wrap___aeabi_i2d
                0x100046d4       0x38 CMakeFiles/grumpy2-main.dir/C_/VSARM/sdk/pico/pico-sdk/src/rp2_common/pico_double/double_aeabi.S.obj
                0x100046d4                __wrap___aeabi_ui2d
                0x100046dc                __wrap___aeabi_i2d
 .text.__wrap___aeabi_d2iz
                0x1000470c       0x48 CMakeFiles/grumpy2-main.dir/C_/VSARM/sdk/pico/pico-sdk/src/rp2_common/pico_double/double_aeabi.S.obj
                0x1000470c                double2int_z
                0x1000470c                __wrap___aeabi_d2iz
 .text.__wrap___aeabi_d2uiz
                0x10004754       0x18 CMakeFiles/grumpy2-main.dir/C_/VSARM/sdk/pico/pico-sdk/src/rp2_common/pico_double/double_aeabi.S.obj
                0x10004754                __wrap___aeabi_d2uiz
                0x10004754                double2uint
 .text.__aeabi_double_init
                0x1000476c       0xc8 CMakeFiles/grumpy2-main.dir/C_/VSARM/sdk/pico/pico-sdk/src/rp2_common/pico_double/double_init_rom.c.obj
                0x1000476c                __aeabi_double_init
 .text.double_table_shim_on_use_helper
                0x10004834       0x34 CMakeFiles/grumpy2-main.dir/C_/VSARM/sdk/pico/pico-sdk/src/rp2_common/pico_double/double_v1_rom_shim.S.obj
                0x10004834                double_table_shim_on_use_helper
 .text.__wrap___aeabi_dsub
                0x10004868       0x10 CMakeFiles/grumpy2-main.dir/C_/VSARM/sdk/pico/pico-sdk/src/rp2_common/pico_double/double_v1_rom_shim.S.obj
                0x10004868                drsub_shim
                0x1000486e                dsub_shim
 .text.dadd_shim
                0x10004878      0x15c CMakeFiles/grumpy2-main.dir/C_/VSARM/sdk/pico/pico-sdk/src/rp2_common/pico_double/double_v1_rom_shim.S.obj
                0x10004878                dadd_shim
 .text.dmul_shim
                0x100049d4      0x15c CMakeFiles/grumpy2-main.dir/C_/VSARM/sdk/pico/pico-sdk/src/rp2_common/pico_double/double_v1_rom_shim.S.obj
                0x100049d4                dmul_shim
 .text.ddiv_shim
                0x10004b30      0x1b0 CMakeFiles/grumpy2-main.dir/C_/VSARM/sdk/pico/pico-sdk/src/rp2_common/pico_double/double_v1_rom_shim.S.obj
                0x10004b30                ddiv_shim
 .text.double2uint_shim
                0x10004ce0        0xe CMakeFiles/grumpy2-main.dir/C_/VSARM/sdk/pico/pico-sdk/src/rp2_common/pico_double/double_v1_rom_shim.S.obj
                0x10004ce0                double2uint_shim
                0x10004ce2                double2ufix_shim
 *fill*         0x10004cee        0x2 
 .text.double2uint64_shim
                0x10004cf0       0x70 CMakeFiles/grumpy2-main.dir/C_/VSARM/sdk/pico/pico-sdk/src/rp2_common/pico_double/double_v1_rom_shim.S.obj
                0x10004cf0                double2uint64_shim
                0x10004cf2                double2ufix64_shim
                0x10004d12                d2fix_a
 .text.dunpacks
                0x10004d60       0x3c CMakeFiles/grumpy2-main.dir/C_/VSARM/sdk/pico/pico-sdk/src/rp2_common/pico_double/double_v1_rom_shim.S.obj
                0x10004d60                dunpacks
 .text.__aeabi_lmul
                0x10004d9c       0x32 CMakeFiles/grumpy2-main.dir/C_/VSARM/sdk/pico/pico-sdk/src/rp2_common/pico_int64_ops/pico_int64_ops_aeabi.S.obj
                0x10004d9c                __wrap___aeabi_lmul
 *fill*         0x10004dce        0x2 
 .text.__aeabi_float_init
                0x10004dd0       0xfc CMakeFiles/grumpy2-main.dir/C_/VSARM/sdk/pico/pico-sdk/src/rp2_common/pico_float/float_init_rom.c.obj
                0x10004dd0                __aeabi_float_init
 .text.float_table_shim_on_use_helper
                0x10004ecc       0x34 CMakeFiles/grumpy2-main.dir/C_/VSARM/sdk/pico/pico-sdk/src/rp2_common/pico_float/float_v1_rom_shim.S.obj
                0x10004ecc                float_table_shim_on_use_helper
 .text.__wrap_malloc
                0x10004f00       0x24 CMakeFiles/grumpy2-main.dir/C_/VSARM/sdk/pico/pico-sdk/src/rp2_common/pico_malloc/pico_malloc.c.obj
                0x10004f00                __wrap_malloc
 .text.__wrap_free
                0x10004f24        0x8 CMakeFiles/grumpy2-main.dir/C_/VSARM/sdk/pico/pico-sdk/src/rp2_common/pico_malloc/pico_malloc.c.obj
                0x10004f24                __wrap_free
 .text          0x10004f2c       0x10 CMakeFiles/grumpy2-main.dir/C_/VSARM/sdk/pico/pico-sdk/src/rp2_common/pico_mem_ops/mem_ops_aeabi.S.obj
                0x10004f2c                __aeabi_mem_init
 .text.memset   0x10004f3c        0xc CMakeFiles/grumpy2-main.dir/C_/VSARM/sdk/pico/pico-sdk/src/rp2_common/pico_mem_ops/mem_ops_aeabi.S.obj
                0x10004f3c                __wrap_memset
 .text.memcpy   0x10004f48        0xc CMakeFiles/grumpy2-main.dir/C_/VSARM/sdk/pico/pico-sdk/src/rp2_common/pico_mem_ops/mem_ops_aeabi.S.obj
                0x10004f48                __wrap_memcpy
                0x10004f48                __wrap___aeabi_memcpy
 .text.stdio_out_chars_no_crlf
                0x10004f54        0xe CMakeFiles/grumpy2-main.dir/C_/VSARM/sdk/pico/pico-sdk/src/rp2_common/pico_stdio/stdio.c.obj
 *fill*         0x10004f62        0x2 
 .text.stdio_out_chars_crlf
                0x10004f64       0x80 CMakeFiles/grumpy2-main.dir/C_/VSARM/sdk/pico/pico-sdk/src/rp2_common/pico_stdio/stdio.c.obj
 .text.stdio_stack_buffer_flush
                0x10004fe4       0x44 CMakeFiles/grumpy2-main.dir/C_/VSARM/sdk/pico/pico-sdk/src/rp2_common/pico_stdio/stdio.c.obj
 .text.stdio_buffered_printer
                0x10005028       0x20 CMakeFiles/grumpy2-main.dir/C_/VSARM/sdk/pico/pico-sdk/src/rp2_common/pico_stdio/stdio.c.obj
 .text.stdio_get_until
                0x10005048       0x80 CMakeFiles/grumpy2-main.dir/C_/VSARM/sdk/pico/pico-sdk/src/rp2_common/pico_stdio/stdio.c.obj
 .text.stdout_serialize_begin
                0x100050c8       0x5c CMakeFiles/grumpy2-main.dir/C_/VSARM/sdk/pico/pico-sdk/src/rp2_common/pico_stdio/stdio.c.obj
                0x100050c8                stdout_serialize_begin
 .text.stdout_serialize_end
                0x10005124       0x10 CMakeFiles/grumpy2-main.dir/C_/VSARM/sdk/pico/pico-sdk/src/rp2_common/pico_stdio/stdio.c.obj
                0x10005124                stdout_serialize_end
 .text.stdio_put_string
                0x10005134       0x98 CMakeFiles/grumpy2-main.dir/C_/VSARM/sdk/pico/pico-sdk/src/rp2_common/pico_stdio/stdio.c.obj
 .text._read    0x100051cc       0x24 CMakeFiles/grumpy2-main.dir/C_/VSARM/sdk/pico/pico-sdk/src/rp2_common/pico_stdio/stdio.c.obj
                0x100051cc                _read
 .text._write   0x100051f0       0x22 CMakeFiles/grumpy2-main.dir/C_/VSARM/sdk/pico/pico-sdk/src/rp2_common/pico_stdio/stdio.c.obj
                0x100051f0                _write
 .text._close   0x10005212        0x6 CMakeFiles/grumpy2-main.dir/C_/VSARM/sdk/pico/pico-sdk/src/rp2_common/pico_stdio/stdio.c.obj
                0x10005212                _close
 .text._lseek   0x10005218        0x6 CMakeFiles/grumpy2-main.dir/C_/VSARM/sdk/pico/pico-sdk/src/rp2_common/pico_stdio/stdio.c.obj
                0x10005218                _lseek
 *fill*         0x1000521e        0x2 
 .text.stdio_set_driver_enabled
                0x10005220       0x2c CMakeFiles/grumpy2-main.dir/C_/VSARM/sdk/pico/pico-sdk/src/rp2_common/pico_stdio/stdio.c.obj
                0x10005220                stdio_set_driver_enabled
 .text.stdio_flush
                0x1000524c       0x20 CMakeFiles/grumpy2-main.dir/C_/VSARM/sdk/pico/pico-sdk/src/rp2_common/pico_stdio/stdio.c.obj
                0x1000524c                stdio_flush
 .text.__wrap_puts
                0x1000526c       0x1e CMakeFiles/grumpy2-main.dir/C_/VSARM/sdk/pico/pico-sdk/src/rp2_common/pico_stdio/stdio.c.obj
                0x1000526c                __wrap_puts
 *fill*         0x1000528a        0x2 
 .text.__wrap_vprintf
                0x1000528c       0x40 CMakeFiles/grumpy2-main.dir/C_/VSARM/sdk/pico/pico-sdk/src/rp2_common/pico_stdio/stdio.c.obj
                0x1000528c                __wrap_vprintf
 .text.__wrap_printf
                0x100052cc       0x18 CMakeFiles/grumpy2-main.dir/C_/VSARM/sdk/pico/pico-sdk/src/rp2_common/pico_stdio/stdio.c.obj
                0x100052cc                __wrap_printf
 .text.stdio_init_all
                0x100052e4        0x8 CMakeFiles/grumpy2-main.dir/C_/VSARM/sdk/pico/pico-sdk/src/rp2_common/pico_stdio/stdio.c.obj
                0x100052e4                stdio_init_all
 .text.resetd_init
                0x100052ec        0x2 CMakeFiles/grumpy2-main.dir/C_/VSARM/sdk/pico/pico-sdk/src/rp2_common/pico_stdio_usb/reset_interface.c.obj
 *fill*         0x100052ee        0x2 
 .text.resetd_reset
                0x100052f0        0xc CMakeFiles/grumpy2-main.dir/C_/VSARM/sdk/pico/pico-sdk/src/rp2_common/pico_stdio_usb/reset_interface.c.obj
 .text.resetd_open
                0x100052fc       0x34 CMakeFiles/grumpy2-main.dir/C_/VSARM/sdk/pico/pico-sdk/src/rp2_common/pico_stdio_usb/reset_interface.c.obj
 .text.resetd_xfer_cb
                0x10005330        0x4 CMakeFiles/grumpy2-main.dir/C_/VSARM/sdk/pico/pico-sdk/src/rp2_common/pico_stdio_usb/reset_interface.c.obj
 .text.reset_usb_boot
                0x10005334       0x18 CMakeFiles/grumpy2-main.dir/C_/VSARM/sdk/pico/pico-sdk/src/rp2_common/pico_stdio_usb/reset_interface.c.obj
 .text.resetd_control_xfer_cb
                0x1000534c       0x5c CMakeFiles/grumpy2-main.dir/C_/VSARM/sdk/pico/pico-sdk/src/rp2_common/pico_stdio_usb/reset_interface.c.obj
 .text.usbd_app_driver_get_cb
                0x100053a8        0xc CMakeFiles/grumpy2-main.dir/C_/VSARM/sdk/pico/pico-sdk/src/rp2_common/pico_stdio_usb/reset_interface.c.obj
                0x100053a8                usbd_app_driver_get_cb
 .text.tud_cdc_line_coding_cb
                0x100053b4       0x28 CMakeFiles/grumpy2-main.dir/C_/VSARM/sdk/pico/pico-sdk/src/rp2_common/pico_stdio_usb/reset_interface.c.obj
                0x100053b4                tud_cdc_line_coding_cb
 .text.stdio_usb_set_chars_available_callback
                0x100053dc       0x14 CMakeFiles/grumpy2-main.dir/C_/VSARM/sdk/pico/pico-sdk/src/rp2_common/pico_stdio_usb/stdio_usb.c.obj
                0x100053dc                stdio_usb_set_chars_available_callback
 .text.usb_irq  0x100053f0       0x10 CMakeFiles/grumpy2-main.dir/C_/VSARM/sdk/pico/pico-sdk/src/rp2_common/pico_stdio_usb/stdio_usb.c.obj
 .text.timer_task
                0x10005400       0x5c CMakeFiles/grumpy2-main.dir/C_/VSARM/sdk/pico/pico-sdk/src/rp2_common/pico_stdio_usb/stdio_usb.c.obj
 .text.low_priority_worker_irq
                0x1000545c       0xdc CMakeFiles/grumpy2-main.dir/C_/VSARM/sdk/pico/pico-sdk/src/rp2_common/pico_stdio_usb/stdio_usb.c.obj
 .text.tud_cdc_rx_cb
                0x10005538       0x20 CMakeFiles/grumpy2-main.dir/C_/VSARM/sdk/pico/pico-sdk/src/rp2_common/pico_stdio_usb/stdio_usb.c.obj
                0x10005538                tud_cdc_rx_cb
 .text.stdio_usb_init
                0x10005558      0x11c CMakeFiles/grumpy2-main.dir/C_/VSARM/sdk/pico/pico-sdk/src/rp2_common/pico_stdio_usb/stdio_usb.c.obj
                0x10005558                stdio_usb_init
 .text.stdio_usb_connected
                0x10005674        0xa CMakeFiles/grumpy2-main.dir/C_/VSARM/sdk/pico/pico-sdk/src/rp2_common/pico_stdio_usb/stdio_usb.c.obj
                0x10005674                stdio_usb_connected
 *fill*         0x1000567e        0x2 
 .text.stdio_usb_in_chars
                0x10005680       0xc4 CMakeFiles/grumpy2-main.dir/C_/VSARM/sdk/pico/pico-sdk/src/rp2_common/pico_stdio_usb/stdio_usb.c.obj
                0x10005680                stdio_usb_in_chars
 .text.stdio_usb_out_chars
                0x10005744      0x114 CMakeFiles/grumpy2-main.dir/C_/VSARM/sdk/pico/pico-sdk/src/rp2_common/pico_stdio_usb/stdio_usb.c.obj
 .text.tud_descriptor_device_cb
                0x10005858        0x8 CMakeFiles/grumpy2-main.dir/C_/VSARM/sdk/pico/pico-sdk/src/rp2_common/pico_stdio_usb/stdio_usb_descriptors.c.obj
                0x10005858                tud_descriptor_device_cb
 .text.tud_descriptor_configuration_cb
                0x10005860        0x8 CMakeFiles/grumpy2-main.dir/C_/VSARM/sdk/pico/pico-sdk/src/rp2_common/pico_stdio_usb/stdio_usb_descriptors.c.obj
                0x10005860                tud_descriptor_configuration_cb
 .text.tud_descriptor_string_cb
                0x10005868       0x6c CMakeFiles/grumpy2-main.dir/C_/VSARM/sdk/pico/pico-sdk/src/rp2_common/pico_stdio_usb/stdio_usb_descriptors.c.obj
                0x10005868                tud_descriptor_string_cb
 .text._retrieve_unique_id_on_boot
                0x100058d4       0x10 CMakeFiles/grumpy2-main.dir/C_/VSARM/sdk/pico/pico-sdk/src/rp2_common/pico_unique_id/unique_id.c.obj
 .text.pico_get_unique_board_id_string
                0x100058e4       0x60 CMakeFiles/grumpy2-main.dir/C_/VSARM/sdk/pico/pico-sdk/src/rp2_common/pico_unique_id/unique_id.c.obj
                0x100058e4                pico_get_unique_board_id_string
 .text.flash_get_unique_id
                0x10005944       0x46 CMakeFiles/grumpy2-main.dir/C_/VSARM/sdk/pico/pico-sdk/src/rp2_common/hardware_flash/flash.c.obj
                0x10005944                flash_get_unique_id
 *fill*         0x1000598a        0x2 
 .text.hw_endpoint_get_by_addr
                0x1000598c       0x18 CMakeFiles/grumpy2-main.dir/C_/VSARM/sdk/pico/pico-sdk/lib/tinyusb/src/portable/raspberrypi/rp2040/dcd_rp2040.c.obj
 .text._hw_endpoint_alloc
                0x100059a4       0x70 CMakeFiles/grumpy2-main.dir/C_/VSARM/sdk/pico/pico-sdk/lib/tinyusb/src/portable/raspberrypi/rp2040/dcd_rp2040.c.obj
 .text.hw_endpoint_init
                0x10005a14       0x88 CMakeFiles/grumpy2-main.dir/C_/VSARM/sdk/pico/pico-sdk/lib/tinyusb/src/portable/raspberrypi/rp2040/dcd_rp2040.c.obj
 .text.hw_endpoint_xfer
                0x10005a9c       0x14 CMakeFiles/grumpy2-main.dir/C_/VSARM/sdk/pico/pico-sdk/lib/tinyusb/src/portable/raspberrypi/rp2040/dcd_rp2040.c.obj
 .text.dcd_int_enable
                0x10005ab0       0x2c CMakeFiles/grumpy2-main.dir/C_/VSARM/sdk/pico/pico-sdk/lib/tinyusb/src/portable/raspberrypi/rp2040/dcd_rp2040.c.obj
                0x10005ab0                dcd_int_enable
 .text.dcd_set_address
                0x10005adc       0x2c CMakeFiles/grumpy2-main.dir/C_/VSARM/sdk/pico/pico-sdk/lib/tinyusb/src/portable/raspberrypi/rp2040/dcd_rp2040.c.obj
                0x10005adc                dcd_set_address
 .text.dcd_connect
                0x10005b08       0x10 CMakeFiles/grumpy2-main.dir/C_/VSARM/sdk/pico/pico-sdk/lib/tinyusb/src/portable/raspberrypi/rp2040/dcd_rp2040.c.obj
                0x10005b08                dcd_connect
 .text.dcd_init
                0x10005b18       0x80 CMakeFiles/grumpy2-main.dir/C_/VSARM/sdk/pico/pico-sdk/lib/tinyusb/src/portable/raspberrypi/rp2040/dcd_rp2040.c.obj
                0x10005b18                dcd_init
 .text.dcd_edpt0_status_complete
                0x10005b98       0x1c CMakeFiles/grumpy2-main.dir/C_/VSARM/sdk/pico/pico-sdk/lib/tinyusb/src/portable/raspberrypi/rp2040/dcd_rp2040.c.obj
                0x10005b98                dcd_edpt0_status_complete
 .text.dcd_edpt_open
                0x10005bb4       0x40 CMakeFiles/grumpy2-main.dir/C_/VSARM/sdk/pico/pico-sdk/lib/tinyusb/src/portable/raspberrypi/rp2040/dcd_rp2040.c.obj
                0x10005bb4                dcd_edpt_open
 .text.dcd_edpt_close_all
                0x10005bf4        0x8 CMakeFiles/grumpy2-main.dir/C_/VSARM/sdk/pico/pico-sdk/lib/tinyusb/src/portable/raspberrypi/rp2040/dcd_rp2040.c.obj
                0x10005bf4                dcd_edpt_close_all
 .text.dcd_edpt_xfer
                0x10005bfc       0x34 CMakeFiles/grumpy2-main.dir/C_/VSARM/sdk/pico/pico-sdk/lib/tinyusb/src/portable/raspberrypi/rp2040/dcd_rp2040.c.obj
                0x10005bfc                dcd_edpt_xfer
 .text.dcd_edpt_stall
                0x10005c30       0x2c CMakeFiles/grumpy2-main.dir/C_/VSARM/sdk/pico/pico-sdk/lib/tinyusb/src/portable/raspberrypi/rp2040/dcd_rp2040.c.obj
                0x10005c30                dcd_edpt_stall
 .text.dcd_edpt_clear_stall
                0x10005c5c       0x20 CMakeFiles/grumpy2-main.dir/C_/VSARM/sdk/pico/pico-sdk/lib/tinyusb/src/portable/raspberrypi/rp2040/dcd_rp2040.c.obj
                0x10005c5c                dcd_edpt_clear_stall
 .text.rp2040_usb_init
                0x10005c7c       0x4c CMakeFiles/grumpy2-main.dir/C_/VSARM/sdk/pico/pico-sdk/lib/tinyusb/src/portable/raspberrypi/rp2040/rp2040_usb.c.obj
                0x10005c7c                rp2040_usb_init
 .text.hw_endpoint_xfer_start
                0x10005cc8       0x50 CMakeFiles/grumpy2-main.dir/C_/VSARM/sdk/pico/pico-sdk/lib/tinyusb/src/portable/raspberrypi/rp2040/rp2040_usb.c.obj
                0x10005cc8                hw_endpoint_xfer_start
 .text.configuration_reset
                0x10005d18       0x84 CMakeFiles/grumpy2-main.dir/C_/VSARM/sdk/pico/pico-sdk/lib/tinyusb/src/device/usbd.c.obj
 .text.usbd_reset
                0x10005d9c        0xc CMakeFiles/grumpy2-main.dir/C_/VSARM/sdk/pico/pico-sdk/lib/tinyusb/src/device/usbd.c.obj
 .text.invoke_class_control
                0x10005da8       0x1a CMakeFiles/grumpy2-main.dir/C_/VSARM/sdk/pico/pico-sdk/lib/tinyusb/src/device/usbd.c.obj
 *fill*         0x10005dc2        0x2 
 .text.process_set_config
                0x10005dc4      0x178 CMakeFiles/grumpy2-main.dir/C_/VSARM/sdk/pico/pico-sdk/lib/tinyusb/src/device/usbd.c.obj
 .text.process_get_descriptor
                0x10005f3c       0xdc CMakeFiles/grumpy2-main.dir/C_/VSARM/sdk/pico/pico-sdk/lib/tinyusb/src/device/usbd.c.obj
 .text.tud_mounted
                0x10006018       0x10 CMakeFiles/grumpy2-main.dir/C_/VSARM/sdk/pico/pico-sdk/lib/tinyusb/src/device/usbd.c.obj
                0x10006018                tud_mounted
 .text.tud_suspended
                0x10006028       0x10 CMakeFiles/grumpy2-main.dir/C_/VSARM/sdk/pico/pico-sdk/lib/tinyusb/src/device/usbd.c.obj
                0x10006028                tud_suspended
 .text.tud_inited
                0x10006038       0x14 CMakeFiles/grumpy2-main.dir/C_/VSARM/sdk/pico/pico-sdk/lib/tinyusb/src/device/usbd.c.obj
                0x10006038                tud_inited
 .text.tud_init
                0x1000604c       0xcc CMakeFiles/grumpy2-main.dir/C_/VSARM/sdk/pico/pico-sdk/lib/tinyusb/src/device/usbd.c.obj
                0x1000604c                tud_init
 .text.usbd_defer_func
                0x10006118       0x2a CMakeFiles/grumpy2-main.dir/C_/VSARM/sdk/pico/pico-sdk/lib/tinyusb/src/device/usbd.c.obj
                0x10006118                usbd_defer_func
 *fill*         0x10006142        0x2 
 .text.usbd_edpt_open
                0x10006144       0x34 CMakeFiles/grumpy2-main.dir/C_/VSARM/sdk/pico/pico-sdk/lib/tinyusb/src/device/usbd.c.obj
                0x10006144                usbd_edpt_open
 .text.usbd_open_edpt_pair
                0x10006178       0x62 CMakeFiles/grumpy2-main.dir/C_/VSARM/sdk/pico/pico-sdk/lib/tinyusb/src/device/usbd.c.obj
                0x10006178                usbd_open_edpt_pair
 *fill*         0x100061da        0x2 
 .text.usbd_edpt_claim
                0x100061dc       0x28 CMakeFiles/grumpy2-main.dir/C_/VSARM/sdk/pico/pico-sdk/lib/tinyusb/src/device/usbd.c.obj
                0x100061dc                usbd_edpt_claim
 .text.usbd_edpt_release
                0x10006204       0x28 CMakeFiles/grumpy2-main.dir/C_/VSARM/sdk/pico/pico-sdk/lib/tinyusb/src/device/usbd.c.obj
                0x10006204                usbd_edpt_release
 .text.usbd_edpt_xfer
                0x1000622c       0x78 CMakeFiles/grumpy2-main.dir/C_/VSARM/sdk/pico/pico-sdk/lib/tinyusb/src/device/usbd.c.obj
                0x1000622c                usbd_edpt_xfer
 .text.usbd_edpt_stall
                0x100062a4       0x48 CMakeFiles/grumpy2-main.dir/C_/VSARM/sdk/pico/pico-sdk/lib/tinyusb/src/device/usbd.c.obj
                0x100062a4                usbd_edpt_stall
 .text.usbd_edpt_clear_stall
                0x100062ec       0x48 CMakeFiles/grumpy2-main.dir/C_/VSARM/sdk/pico/pico-sdk/lib/tinyusb/src/device/usbd.c.obj
                0x100062ec                usbd_edpt_clear_stall
 .text.usbd_edpt_stalled
                0x10006334       0x1c CMakeFiles/grumpy2-main.dir/C_/VSARM/sdk/pico/pico-sdk/lib/tinyusb/src/device/usbd.c.obj
                0x10006334                usbd_edpt_stalled
 .text.process_control_request
                0x10006350      0x37c CMakeFiles/grumpy2-main.dir/C_/VSARM/sdk/pico/pico-sdk/lib/tinyusb/src/device/usbd.c.obj
 .text.tud_task_ext
                0x100066cc      0x1b8 CMakeFiles/grumpy2-main.dir/C_/VSARM/sdk/pico/pico-sdk/lib/tinyusb/src/device/usbd.c.obj
                0x100066cc                tud_task_ext
 .text._data_stage_xact
                0x10006884       0x58 CMakeFiles/grumpy2-main.dir/C_/VSARM/sdk/pico/pico-sdk/lib/tinyusb/src/device/usbd_control.c.obj
 .text.tud_control_status
                0x100068dc       0x38 CMakeFiles/grumpy2-main.dir/C_/VSARM/sdk/pico/pico-sdk/lib/tinyusb/src/device/usbd_control.c.obj
                0x100068dc                tud_control_status
 .text.tud_control_xfer
                0x10006914       0x74 CMakeFiles/grumpy2-main.dir/C_/VSARM/sdk/pico/pico-sdk/lib/tinyusb/src/device/usbd_control.c.obj
                0x10006914                tud_control_xfer
 .text.usbd_control_reset
                0x10006988       0x14 CMakeFiles/grumpy2-main.dir/C_/VSARM/sdk/pico/pico-sdk/lib/tinyusb/src/device/usbd_control.c.obj
                0x10006988                usbd_control_reset
 .text.usbd_control_set_complete_callback
                0x1000699c        0xc CMakeFiles/grumpy2-main.dir/C_/VSARM/sdk/pico/pico-sdk/lib/tinyusb/src/device/usbd_control.c.obj
                0x1000699c                usbd_control_set_complete_callback
 .text.usbd_control_set_request
                0x100069a8       0x1c CMakeFiles/grumpy2-main.dir/C_/VSARM/sdk/pico/pico-sdk/lib/tinyusb/src/device/usbd_control.c.obj
                0x100069a8                usbd_control_set_request
 .text.usbd_control_xfer_cb
                0x100069c4       0xcc CMakeFiles/grumpy2-main.dir/C_/VSARM/sdk/pico/pico-sdk/lib/tinyusb/src/device/usbd_control.c.obj
                0x100069c4                usbd_control_xfer_cb
 .text._prep_out_transaction
                0x10006a90       0x4a CMakeFiles/grumpy2-main.dir/C_/VSARM/sdk/pico/pico-sdk/lib/tinyusb/src/class/cdc/cdc_device.c.obj
 *fill*         0x10006ada        0x2 
 .text.tud_cdc_n_connected
                0x10006adc       0x44 CMakeFiles/grumpy2-main.dir/C_/VSARM/sdk/pico/pico-sdk/lib/tinyusb/src/class/cdc/cdc_device.c.obj
                0x10006adc                tud_cdc_n_connected
 .text.tud_cdc_n_available
                0x10006b20       0x18 CMakeFiles/grumpy2-main.dir/C_/VSARM/sdk/pico/pico-sdk/lib/tinyusb/src/class/cdc/cdc_device.c.obj
                0x10006b20                tud_cdc_n_available
 .text.tud_cdc_n_read
                0x10006b38       0x28 CMakeFiles/grumpy2-main.dir/C_/VSARM/sdk/pico/pico-sdk/lib/tinyusb/src/class/cdc/cdc_device.c.obj
                0x10006b38                tud_cdc_n_read
 .text.tud_cdc_n_write_flush
                0x10006b60       0xb8 CMakeFiles/grumpy2-main.dir/C_/VSARM/sdk/pico/pico-sdk/lib/tinyusb/src/class/cdc/cdc_device.c.obj
                0x10006b60                tud_cdc_n_write_flush
 .text.tud_cdc_n_write
                0x10006c18       0x38 CMakeFiles/grumpy2-main.dir/C_/VSARM/sdk/pico/pico-sdk/lib/tinyusb/src/class/cdc/cdc_device.c.obj
                0x10006c18                tud_cdc_n_write
 .text.tud_cdc_n_write_available
                0x10006c50       0x1c CMakeFiles/grumpy2-main.dir/C_/VSARM/sdk/pico/pico-sdk/lib/tinyusb/src/class/cdc/cdc_device.c.obj
                0x10006c50                tud_cdc_n_write_available
 .text.cdcd_init
                0x10006c6c       0xbc CMakeFiles/grumpy2-main.dir/C_/VSARM/sdk/pico/pico-sdk/lib/tinyusb/src/class/cdc/cdc_device.c.obj
                0x10006c6c                cdcd_init
 .text.cdcd_reset
                0x10006d28       0x44 CMakeFiles/grumpy2-main.dir/C_/VSARM/sdk/pico/pico-sdk/lib/tinyusb/src/class/cdc/cdc_device.c.obj
                0x10006d28                cdcd_reset
 .text.cdcd_open
                0x10006d6c       0xcc CMakeFiles/grumpy2-main.dir/C_/VSARM/sdk/pico/pico-sdk/lib/tinyusb/src/class/cdc/cdc_device.c.obj
                0x10006d6c                cdcd_open
 .text.cdcd_control_xfer_cb
                0x10006e38      0x134 CMakeFiles/grumpy2-main.dir/C_/VSARM/sdk/pico/pico-sdk/lib/tinyusb/src/class/cdc/cdc_device.c.obj
                0x10006e38                cdcd_control_xfer_cb
 .text.cdcd_xfer_cb
                0x10006f6c      0x130 CMakeFiles/grumpy2-main.dir/C_/VSARM/sdk/pico/pico-sdk/lib/tinyusb/src/class/cdc/cdc_device.c.obj
                0x10006f6c                cdcd_xfer_cb
 .text.tusb_init
                0x1000709c        0xa CMakeFiles/grumpy2-main.dir/C_/VSARM/sdk/pico/pico-sdk/lib/tinyusb/src/tusb.c.obj
                0x1000709c                tusb_init
 .text.tusb_inited
                0x100070a6        0xe CMakeFiles/grumpy2-main.dir/C_/VSARM/sdk/pico/pico-sdk/lib/tinyusb/src/tusb.c.obj
                0x100070a6                tusb_inited
 .text.tu_edpt_claim
                0x100070b4       0x50 CMakeFiles/grumpy2-main.dir/C_/VSARM/sdk/pico/pico-sdk/lib/tinyusb/src/tusb.c.obj
                0x100070b4                tu_edpt_claim
 .text.tu_edpt_release
                0x10007104       0x3c CMakeFiles/grumpy2-main.dir/C_/VSARM/sdk/pico/pico-sdk/lib/tinyusb/src/tusb.c.obj
                0x10007104                tu_edpt_release
 .text.tu_edpt_validate
                0x10007140       0x78 CMakeFiles/grumpy2-main.dir/C_/VSARM/sdk/pico/pico-sdk/lib/tinyusb/src/tusb.c.obj
                0x10007140                tu_edpt_validate
 .text.tu_edpt_bind_driver
                0x100071b8       0x26 CMakeFiles/grumpy2-main.dir/C_/VSARM/sdk/pico/pico-sdk/lib/tinyusb/src/tusb.c.obj
                0x100071b8                tu_edpt_bind_driver
 .text.advance_index
                0x100071de       0x1a CMakeFiles/grumpy2-main.dir/C_/VSARM/sdk/pico/pico-sdk/lib/tinyusb/src/common/tusb_fifo.c.obj
 .text._tu_fifo_peek
                0x100071f8       0x56 CMakeFiles/grumpy2-main.dir/C_/VSARM/sdk/pico/pico-sdk/lib/tinyusb/src/common/tusb_fifo.c.obj
 .text._ff_pull_const_addr
                0x1000724e       0x4c CMakeFiles/grumpy2-main.dir/C_/VSARM/sdk/pico/pico-sdk/lib/tinyusb/src/common/tusb_fifo.c.obj
 .text._ff_pull_n
                0x1000729a      0x110 CMakeFiles/grumpy2-main.dir/C_/VSARM/sdk/pico/pico-sdk/lib/tinyusb/src/common/tusb_fifo.c.obj
 .text._tu_fifo_peek_n
                0x100073aa       0x6a CMakeFiles/grumpy2-main.dir/C_/VSARM/sdk/pico/pico-sdk/lib/tinyusb/src/common/tusb_fifo.c.obj
 .text._tu_fifo_read_n
                0x10007414       0x4e CMakeFiles/grumpy2-main.dir/C_/VSARM/sdk/pico/pico-sdk/lib/tinyusb/src/common/tusb_fifo.c.obj
 .text._ff_push_const_addr
                0x10007462       0x40 CMakeFiles/grumpy2-main.dir/C_/VSARM/sdk/pico/pico-sdk/lib/tinyusb/src/common/tusb_fifo.c.obj
 .text._ff_push_n
                0x100074a2      0x10c CMakeFiles/grumpy2-main.dir/C_/VSARM/sdk/pico/pico-sdk/lib/tinyusb/src/common/tusb_fifo.c.obj
 .text._tu_fifo_write_n
                0x100075ae       0xf0 CMakeFiles/grumpy2-main.dir/C_/VSARM/sdk/pico/pico-sdk/lib/tinyusb/src/common/tusb_fifo.c.obj
 .text.tu_fifo_config
                0x1000769e       0x7c CMakeFiles/grumpy2-main.dir/C_/VSARM/sdk/pico/pico-sdk/lib/tinyusb/src/common/tusb_fifo.c.obj
                0x1000769e                tu_fifo_config
 .text.tu_fifo_count
                0x1000771a       0x2a CMakeFiles/grumpy2-main.dir/C_/VSARM/sdk/pico/pico-sdk/lib/tinyusb/src/common/tusb_fifo.c.obj
                0x1000771a                tu_fifo_count
 .text.tu_fifo_empty
                0x10007744       0x10 CMakeFiles/grumpy2-main.dir/C_/VSARM/sdk/pico/pico-sdk/lib/tinyusb/src/common/tusb_fifo.c.obj
                0x10007744                tu_fifo_empty
 .text.tu_fifo_full
                0x10007754       0x28 CMakeFiles/grumpy2-main.dir/C_/VSARM/sdk/pico/pico-sdk/lib/tinyusb/src/common/tusb_fifo.c.obj
                0x10007754                tu_fifo_full
 .text.tu_fifo_remaining
                0x1000777c       0x2c CMakeFiles/grumpy2-main.dir/C_/VSARM/sdk/pico/pico-sdk/lib/tinyusb/src/common/tusb_fifo.c.obj
                0x1000777c                tu_fifo_remaining
 .text.tu_fifo_read
                0x100077a8       0x42 CMakeFiles/grumpy2-main.dir/C_/VSARM/sdk/pico/pico-sdk/lib/tinyusb/src/common/tusb_fifo.c.obj
                0x100077a8                tu_fifo_read
 .text.tu_fifo_read_n
                0x100077ea        0xa CMakeFiles/grumpy2-main.dir/C_/VSARM/sdk/pico/pico-sdk/lib/tinyusb/src/common/tusb_fifo.c.obj
                0x100077ea                tu_fifo_read_n
 .text.tu_fifo_write
                0x100077f4       0x64 CMakeFiles/grumpy2-main.dir/C_/VSARM/sdk/pico/pico-sdk/lib/tinyusb/src/common/tusb_fifo.c.obj
                0x100077f4                tu_fifo_write
 .text.tu_fifo_write_n
                0x10007858        0xa CMakeFiles/grumpy2-main.dir/C_/VSARM/sdk/pico/pico-sdk/lib/tinyusb/src/common/tusb_fifo.c.obj
                0x10007858                tu_fifo_write_n
 .text.tu_fifo_clear
                0x10007862       0x3e CMakeFiles/grumpy2-main.dir/C_/VSARM/sdk/pico/pico-sdk/lib/tinyusb/src/common/tusb_fifo.c.obj
                0x10007862                tu_fifo_clear
 .text.tu_fifo_set_overwritable
                0x100078a0       0x46 CMakeFiles/grumpy2-main.dir/C_/VSARM/sdk/pico/pico-sdk/lib/tinyusb/src/common/tusb_fifo.c.obj
                0x100078a0                tu_fifo_set_overwritable
 .text.ff_memalloc
                0x100078e6        0x8 CMakeFiles/grumpy2-main.dir/FatFs_SPI/ff15/source/ffsystem.c.obj
                0x100078e6                ff_memalloc
 .text.ff_memfree
                0x100078ee        0x8 CMakeFiles/grumpy2-main.dir/FatFs_SPI/ff15/source/ffsystem.c.obj
                0x100078ee                ff_memfree
 *fill*         0x100078f6        0x2 
 .text.ff_uni2oem
                0x100078f8       0x44 CMakeFiles/grumpy2-main.dir/FatFs_SPI/ff15/source/ffunicode.c.obj
                0x100078f8                ff_uni2oem
 .text.ff_oem2uni
                0x1000793c       0x30 CMakeFiles/grumpy2-main.dir/FatFs_SPI/ff15/source/ffunicode.c.obj
                0x1000793c                ff_oem2uni
 .text.ff_wtoupper
                0x1000796c       0xa8 CMakeFiles/grumpy2-main.dir/FatFs_SPI/ff15/source/ffunicode.c.obj
                0x1000796c                ff_wtoupper
 .text.ld_word  0x10007a14        0xa CMakeFiles/grumpy2-main.dir/FatFs_SPI/ff15/source/ff.c.obj
 .text.ld_dword
                0x10007a1e       0x18 CMakeFiles/grumpy2-main.dir/FatFs_SPI/ff15/source/ff.c.obj
 .text.ld_qword
                0x10007a36       0x42 CMakeFiles/grumpy2-main.dir/FatFs_SPI/ff15/source/ff.c.obj
 .text.st_word  0x10007a78        0x8 CMakeFiles/grumpy2-main.dir/FatFs_SPI/ff15/source/ff.c.obj
 .text.st_dword
                0x10007a80       0x10 CMakeFiles/grumpy2-main.dir/FatFs_SPI/ff15/source/ff.c.obj
 .text.st_qword
                0x10007a90       0x1e CMakeFiles/grumpy2-main.dir/FatFs_SPI/ff15/source/ff.c.obj
 .text.dbc_1st  0x10007aae        0x4 CMakeFiles/grumpy2-main.dir/FatFs_SPI/ff15/source/ff.c.obj
 .text.dbc_2nd  0x10007ab2        0x4 CMakeFiles/grumpy2-main.dir/FatFs_SPI/ff15/source/ff.c.obj
 *fill*         0x10007ab6        0x2 
 .text.tchar2uni
                0x10007ab8       0xd0 CMakeFiles/grumpy2-main.dir/FatFs_SPI/ff15/source/ff.c.obj
 .text.put_utf  0x10007b88       0xfc CMakeFiles/grumpy2-main.dir/FatFs_SPI/ff15/source/ff.c.obj
 .text.chk_share
                0x10007c84       0x78 CMakeFiles/grumpy2-main.dir/FatFs_SPI/ff15/source/ff.c.obj
 .text.enq_share
                0x10007cfc       0x20 CMakeFiles/grumpy2-main.dir/FatFs_SPI/ff15/source/ff.c.obj
 .text.inc_share
                0x10007d1c       0xa8 CMakeFiles/grumpy2-main.dir/FatFs_SPI/ff15/source/ff.c.obj
 .text.dec_share
                0x10007dc4       0x44 CMakeFiles/grumpy2-main.dir/FatFs_SPI/ff15/source/ff.c.obj
 .text.clear_share
                0x10007e08       0x24 CMakeFiles/grumpy2-main.dir/FatFs_SPI/ff15/source/ff.c.obj
 .text.clst2sect
                0x10007e2c       0x28 CMakeFiles/grumpy2-main.dir/FatFs_SPI/ff15/source/ff.c.obj
 .text.clmt_clust
                0x10007e54       0x30 CMakeFiles/grumpy2-main.dir/FatFs_SPI/ff15/source/ff.c.obj
 .text.ld_clust
                0x10007e84       0x26 CMakeFiles/grumpy2-main.dir/FatFs_SPI/ff15/source/ff.c.obj
 .text.st_clust
                0x10007eaa       0x26 CMakeFiles/grumpy2-main.dir/FatFs_SPI/ff15/source/ff.c.obj
 .text.pick_lfn
                0x10007ed0       0x94 CMakeFiles/grumpy2-main.dir/FatFs_SPI/ff15/source/ff.c.obj
 .text.put_lfn  0x10007f64       0x8c CMakeFiles/grumpy2-main.dir/FatFs_SPI/ff15/source/ff.c.obj
 .text.sum_sfn  0x10007ff0       0x20 CMakeFiles/grumpy2-main.dir/FatFs_SPI/ff15/source/ff.c.obj
 .text.xdir_sum
                0x10008010       0x2e CMakeFiles/grumpy2-main.dir/FatFs_SPI/ff15/source/ff.c.obj
 .text.init_alloc_info
                0x1000803e       0x2e CMakeFiles/grumpy2-main.dir/FatFs_SPI/ff15/source/ff.c.obj
 .text.get_ldnumber
                0x1000806c       0x5c CMakeFiles/grumpy2-main.dir/FatFs_SPI/ff15/source/ff.c.obj
 .text.crc32    0x100080c8       0x2c CMakeFiles/grumpy2-main.dir/FatFs_SPI/ff15/source/ff.c.obj
 .text.validate
                0x100080f4       0x52 CMakeFiles/grumpy2-main.dir/FatFs_SPI/ff15/source/ff.c.obj
 *fill*         0x10008146        0x2 
 .text.test_gpt_header
                0x10008148       0x7c CMakeFiles/grumpy2-main.dir/FatFs_SPI/ff15/source/ff.c.obj
 .text.sync_window
                0x100081c4       0x70 CMakeFiles/grumpy2-main.dir/FatFs_SPI/ff15/source/ff.c.obj
 .text.move_window
                0x10008234       0x4c CMakeFiles/grumpy2-main.dir/FatFs_SPI/ff15/source/ff.c.obj
 .text.check_fs
                0x10008280      0x100 CMakeFiles/grumpy2-main.dir/FatFs_SPI/ff15/source/ff.c.obj
 .text.find_volume
                0x10008380      0x14c CMakeFiles/grumpy2-main.dir/FatFs_SPI/ff15/source/ff.c.obj
 .text.mount_volume
                0x100084cc      0x540 CMakeFiles/grumpy2-main.dir/FatFs_SPI/ff15/source/ff.c.obj
 .text.find_bitmap
                0x10008a0c       0xa6 CMakeFiles/grumpy2-main.dir/FatFs_SPI/ff15/source/ff.c.obj
 .text.change_bitmap
                0x10008ab2       0x96 CMakeFiles/grumpy2-main.dir/FatFs_SPI/ff15/source/ff.c.obj
 .text.put_fat  0x10008b48      0x176 CMakeFiles/grumpy2-main.dir/FatFs_SPI/ff15/source/ff.c.obj
 .text.fill_last_frag
                0x10008cbe       0x32 CMakeFiles/grumpy2-main.dir/FatFs_SPI/ff15/source/ff.c.obj
 .text.fill_first_frag
                0x10008cf0       0x32 CMakeFiles/grumpy2-main.dir/FatFs_SPI/ff15/source/ff.c.obj
 *fill*         0x10008d22        0x2 
 .text.get_fat  0x10008d24      0x1ac CMakeFiles/grumpy2-main.dir/FatFs_SPI/ff15/source/ff.c.obj
 .text.create_chain
                0x10008ed0      0x1c6 CMakeFiles/grumpy2-main.dir/FatFs_SPI/ff15/source/ff.c.obj
 .text.dir_sdi  0x10009096       0xd4 CMakeFiles/grumpy2-main.dir/FatFs_SPI/ff15/source/ff.c.obj
 .text.remove_chain
                0x1000916a      0x14c CMakeFiles/grumpy2-main.dir/FatFs_SPI/ff15/source/ff.c.obj
 .text.dir_clear
                0x100092b6       0xf0 CMakeFiles/grumpy2-main.dir/FatFs_SPI/ff15/source/ff.c.obj
 .text.dir_next
                0x100093a6      0x104 CMakeFiles/grumpy2-main.dir/FatFs_SPI/ff15/source/ff.c.obj
 .text.dir_alloc
                0x100094aa       0x70 CMakeFiles/grumpy2-main.dir/FatFs_SPI/ff15/source/ff.c.obj
 .text.load_xdir
                0x1000951a      0x10c CMakeFiles/grumpy2-main.dir/FatFs_SPI/ff15/source/ff.c.obj
 .text.load_obj_xdir
                0x10009626       0x36 CMakeFiles/grumpy2-main.dir/FatFs_SPI/ff15/source/ff.c.obj
 .text.dir_read
                0x1000965c      0x114 CMakeFiles/grumpy2-main.dir/FatFs_SPI/ff15/source/ff.c.obj
 .text.gen_numname
                0x10009770       0xac CMakeFiles/grumpy2-main.dir/FatFs_SPI/ff15/source/ff.c.obj
 .text.store_xdir
                0x1000981c       0x66 CMakeFiles/grumpy2-main.dir/FatFs_SPI/ff15/source/ff.c.obj
 *fill*         0x10009882        0x2 
 .text.create_name
                0x10009884      0x324 CMakeFiles/grumpy2-main.dir/FatFs_SPI/ff15/source/ff.c.obj
 .text.xname_sum
                0x10009ba8       0x38 CMakeFiles/grumpy2-main.dir/FatFs_SPI/ff15/source/ff.c.obj
 .text.create_xdir
                0x10009be0       0x90 CMakeFiles/grumpy2-main.dir/FatFs_SPI/ff15/source/ff.c.obj
 .text.cmp_lfn  0x10009c70       0xb0 CMakeFiles/grumpy2-main.dir/FatFs_SPI/ff15/source/ff.c.obj
 .text.dir_find
                0x10009d20      0x18c CMakeFiles/grumpy2-main.dir/FatFs_SPI/ff15/source/ff.c.obj
 .text.follow_path
                0x10009eac      0x11a CMakeFiles/grumpy2-main.dir/FatFs_SPI/ff15/source/ff.c.obj
 .text.dir_register
                0x10009fc6      0x202 CMakeFiles/grumpy2-main.dir/FatFs_SPI/ff15/source/ff.c.obj
 .text.get_achar
                0x1000a1c8       0x14 CMakeFiles/grumpy2-main.dir/FatFs_SPI/ff15/source/ff.c.obj
 .text.pattern_match
                0x1000a1dc       0xce CMakeFiles/grumpy2-main.dir/FatFs_SPI/ff15/source/ff.c.obj
 *fill*         0x1000a2aa        0x2 
 .text.sync_fs  0x1000a2ac       0xa8 CMakeFiles/grumpy2-main.dir/FatFs_SPI/ff15/source/ff.c.obj
 .text.get_fileinfo
                0x1000a354      0x294 CMakeFiles/grumpy2-main.dir/FatFs_SPI/ff15/source/ff.c.obj
 .text.f_mount  0x1000a5e8       0x60 CMakeFiles/grumpy2-main.dir/FatFs_SPI/ff15/source/ff.c.obj
                0x1000a5e8                f_mount
 .text.f_open   0x1000a648      0x366 CMakeFiles/grumpy2-main.dir/FatFs_SPI/ff15/source/ff.c.obj
                0x1000a648                f_open
 .text.f_read   0x1000a9ae      0x250 CMakeFiles/grumpy2-main.dir/FatFs_SPI/ff15/source/ff.c.obj
                0x1000a9ae                f_read
 .text.f_sync   0x1000abfe      0x17e CMakeFiles/grumpy2-main.dir/FatFs_SPI/ff15/source/ff.c.obj
                0x1000abfe                f_sync
 .text.f_close  0x1000ad7c       0x2e CMakeFiles/grumpy2-main.dir/FatFs_SPI/ff15/source/ff.c.obj
                0x1000ad7c                f_close
 .text.f_lseek  0x1000adaa      0x4c0 CMakeFiles/grumpy2-main.dir/FatFs_SPI/ff15/source/ff.c.obj
                0x1000adaa                f_lseek
 .text.f_opendir
                0x1000b26a       0xd2 CMakeFiles/grumpy2-main.dir/FatFs_SPI/ff15/source/ff.c.obj
                0x1000b26a                f_opendir
 .text.f_readdir
                0x1000b33c       0x74 CMakeFiles/grumpy2-main.dir/FatFs_SPI/ff15/source/ff.c.obj
                0x1000b33c                f_readdir
 .text.f_findnext
                0x1000b3b0       0x32 CMakeFiles/grumpy2-main.dir/FatFs_SPI/ff15/source/ff.c.obj
                0x1000b3b0                f_findnext
 .text.f_findfirst
                0x1000b3e2       0x1e CMakeFiles/grumpy2-main.dir/FatFs_SPI/ff15/source/ff.c.obj
                0x1000b3e2                f_findfirst
 .text.sd_spi_deselect
                0x1000b400       0x26 CMakeFiles/grumpy2-main.dir/FatFs_SPI/sd_driver/sd_spi.c.obj
 .text.sd_spi_select
                0x1000b426       0x26 CMakeFiles/grumpy2-main.dir/FatFs_SPI/sd_driver/sd_spi.c.obj
 .text.sd_spi_lock
                0x1000b44c        0xa CMakeFiles/grumpy2-main.dir/FatFs_SPI/sd_driver/sd_spi.c.obj
 .text.sd_spi_unlock
                0x1000b456        0xa CMakeFiles/grumpy2-main.dir/FatFs_SPI/sd_driver/sd_spi.c.obj
 .text.sd_spi_go_high_frequency
                0x1000b460        0xe CMakeFiles/grumpy2-main.dir/FatFs_SPI/sd_driver/sd_spi.c.obj
                0x1000b460                sd_spi_go_high_frequency
 *fill*         0x1000b46e        0x2 
 .text.sd_spi_go_low_frequency
                0x1000b470       0x14 CMakeFiles/grumpy2-main.dir/FatFs_SPI/sd_driver/sd_spi.c.obj
                0x1000b470                sd_spi_go_low_frequency
 .text.sd_spi_deselect_pulse
                0x1000b484       0x10 CMakeFiles/grumpy2-main.dir/FatFs_SPI/sd_driver/sd_spi.c.obj
                0x1000b484                sd_spi_deselect_pulse
 .text.sd_spi_acquire
                0x1000b494       0x10 CMakeFiles/grumpy2-main.dir/FatFs_SPI/sd_driver/sd_spi.c.obj
                0x1000b494                sd_spi_acquire
 .text.sd_spi_release
                0x1000b4a4       0x10 CMakeFiles/grumpy2-main.dir/FatFs_SPI/sd_driver/sd_spi.c.obj
                0x1000b4a4                sd_spi_release
 .text.sd_spi_transfer
                0x1000b4b4        0xa CMakeFiles/grumpy2-main.dir/FatFs_SPI/sd_driver/sd_spi.c.obj
                0x1000b4b4                sd_spi_transfer
 *fill*         0x1000b4be        0x2 
 .text.sd_spi_write
                0x1000b4c0       0x44 CMakeFiles/grumpy2-main.dir/FatFs_SPI/sd_driver/sd_spi.c.obj
                0x1000b4c0                sd_spi_write
 .text.sd_spi_send_initializing_sequence
                0x1000b504       0xc0 CMakeFiles/grumpy2-main.dir/FatFs_SPI/sd_driver/sd_spi.c.obj
                0x1000b504                sd_spi_send_initializing_sequence
 .text.in_spi_irq_handler
                0x1000b5c4       0x90 CMakeFiles/grumpy2-main.dir/FatFs_SPI/sd_driver/spi.c.obj
 .text.spi_lock
                0x1000b654       0x28 CMakeFiles/grumpy2-main.dir/FatFs_SPI/sd_driver/spi.c.obj
                0x1000b654                spi_lock
 .text.spi_unlock
                0x1000b67c       0x28 CMakeFiles/grumpy2-main.dir/FatFs_SPI/sd_driver/spi.c.obj
                0x1000b67c                spi_unlock
 .text.my_spi_init
                0x1000b6a4      0x2b4 CMakeFiles/grumpy2-main.dir/FatFs_SPI/sd_driver/spi.c.obj
                0x1000b6a4                my_spi_init
 .text.ext_bits
                0x1000b958       0x30 CMakeFiles/grumpy2-main.dir/FatFs_SPI/sd_driver/sd_card.c.obj
 .text.sd_ctor  0x1000b988       0x30 CMakeFiles/grumpy2-main.dir/FatFs_SPI/sd_driver/sd_card.c.obj
 .text.sd_lock  0x1000b9b8       0x30 CMakeFiles/grumpy2-main.dir/FatFs_SPI/sd_driver/sd_card.c.obj
 .text.sd_acquire
                0x1000b9e8       0x10 CMakeFiles/grumpy2-main.dir/FatFs_SPI/sd_driver/sd_card.c.obj
 .text.sd_cmd_spi
                0x1000b9f8       0x74 CMakeFiles/grumpy2-main.dir/FatFs_SPI/sd_driver/sd_card.c.obj
 .text.sd_unlock
                0x1000ba6c       0x30 CMakeFiles/grumpy2-main.dir/FatFs_SPI/sd_driver/sd_card.c.obj
 .text.sd_release
                0x1000ba9c       0x10 CMakeFiles/grumpy2-main.dir/FatFs_SPI/sd_driver/sd_card.c.obj
 .text.sd_wait_token
                0x1000baac       0x9c CMakeFiles/grumpy2-main.dir/FatFs_SPI/sd_driver/sd_card.c.obj
 .text.sd_read_bytes
                0x1000bb48       0x90 CMakeFiles/grumpy2-main.dir/FatFs_SPI/sd_driver/sd_card.c.obj
 .text.sd_read_block
                0x1000bbd8       0x8c CMakeFiles/grumpy2-main.dir/FatFs_SPI/sd_driver/sd_card.c.obj
 .text.sd_wait_ready
                0x1000bc64       0xb8 CMakeFiles/grumpy2-main.dir/FatFs_SPI/sd_driver/sd_card.c.obj
 .text.sd_cmd   0x1000bd1c      0x2f0 CMakeFiles/grumpy2-main.dir/FatFs_SPI/sd_driver/sd_card.c.obj
 .text.sd_cmd8  0x1000c00c       0x50 CMakeFiles/grumpy2-main.dir/FatFs_SPI/sd_driver/sd_card.c.obj
 .text.sd_sectors_nolock
                0x1000c05c      0x148 CMakeFiles/grumpy2-main.dir/FatFs_SPI/sd_driver/sd_card.c.obj
 .text.in_sd_read_blocks
                0x1000c1a4       0xbc CMakeFiles/grumpy2-main.dir/FatFs_SPI/sd_driver/sd_card.c.obj
 .text.sd_read_blocks
                0x1000c260       0x2e CMakeFiles/grumpy2-main.dir/FatFs_SPI/sd_driver/sd_card.c.obj
                0x1000c260                sd_read_blocks
 *fill*         0x1000c28e        0x2 
 .text.sd_go_idle_state
                0x1000c290       0x44 CMakeFiles/grumpy2-main.dir/FatFs_SPI/sd_driver/sd_card.c.obj
 .text.sd_init_medium
                0x1000c2d4      0x188 CMakeFiles/grumpy2-main.dir/FatFs_SPI/sd_driver/sd_card.c.obj
 .text.sd_write_block
                0x1000c45c       0x8c CMakeFiles/grumpy2-main.dir/FatFs_SPI/sd_driver/sd_card.c.obj
 .text.in_sd_write_blocks
                0x1000c4e8       0xf8 CMakeFiles/grumpy2-main.dir/FatFs_SPI/sd_driver/sd_card.c.obj
 .text.sd_write_blocks
                0x1000c5e0       0x2e CMakeFiles/grumpy2-main.dir/FatFs_SPI/sd_driver/sd_card.c.obj
                0x1000c5e0                sd_write_blocks
 .text.sd_test_com
                0x1000c60e       0x9a CMakeFiles/grumpy2-main.dir/FatFs_SPI/sd_driver/sd_card.c.obj
 .text.sd_card_detect
                0x1000c6a8       0x50 CMakeFiles/grumpy2-main.dir/FatFs_SPI/sd_driver/sd_card.c.obj
                0x1000c6a8                sd_card_detect
 .text.sd_init  0x1000c6f8       0xe8 CMakeFiles/grumpy2-main.dir/FatFs_SPI/sd_driver/sd_card.c.obj
 .text.sd_sectors
                0x1000c7e0       0x1e CMakeFiles/grumpy2-main.dir/FatFs_SPI/sd_driver/sd_card.c.obj
                0x1000c7e0                sd_sectors
 *fill*         0x1000c7fe        0x2 
 .text.sd_init_driver
                0x1000c800       0xc0 CMakeFiles/grumpy2-main.dir/FatFs_SPI/sd_driver/sd_card.c.obj
                0x1000c800                sd_init_driver
 .text.crc7     0x1000c8c0       0x20 CMakeFiles/grumpy2-main.dir/FatFs_SPI/sd_driver/crc.c.obj
                0x1000c8c0                crc7
 .text.crc16    0x1000c8e0       0x28 CMakeFiles/grumpy2-main.dir/FatFs_SPI/sd_driver/crc.c.obj
                0x1000c8e0                crc16
 .text.sdrc2dresult
                0x1000c908       0x60 CMakeFiles/grumpy2-main.dir/FatFs_SPI/src/glue.c.obj
 .text.disk_status
                0x1000c968       0x16 CMakeFiles/grumpy2-main.dir/FatFs_SPI/src/glue.c.obj
                0x1000c968                disk_status
 .text.disk_initialize
                0x1000c97e       0x2a CMakeFiles/grumpy2-main.dir/FatFs_SPI/src/glue.c.obj
                0x1000c97e                disk_initialize
 .text.disk_read
                0x1000c9a8       0x32 CMakeFiles/grumpy2-main.dir/FatFs_SPI/src/glue.c.obj
                0x1000c9a8                disk_read
 .text.disk_write
                0x1000c9da       0x32 CMakeFiles/grumpy2-main.dir/FatFs_SPI/src/glue.c.obj
                0x1000c9da                disk_write
 .text.disk_ioctl
                0x1000ca0c       0x4c CMakeFiles/grumpy2-main.dir/FatFs_SPI/src/glue.c.obj
                0x1000ca0c                disk_ioctl
 .text.my_printf
                0x1000ca58       0x4c CMakeFiles/grumpy2-main.dir/FatFs_SPI/src/my_debug.c.obj
                0x1000ca58                my_printf
 .text.my_assert_func
                0x1000caa4       0x2c CMakeFiles/grumpy2-main.dir/FatFs_SPI/src/my_debug.c.obj
                0x1000caa4                my_assert_func
 .text.get_fattime
                0x1000cad0       0x6c CMakeFiles/grumpy2-main.dir/FatFs_SPI/src/rtc.c.obj
                0x1000cad0                get_fattime
 .text.spi_set_baudrate
                0x1000cb3c       0xcc CMakeFiles/grumpy2-main.dir/C_/VSARM/sdk/pico/pico-sdk/src/rp2_common/hardware_spi/spi.c.obj
                0x1000cb3c                spi_set_baudrate
 .text.spi_init
                0x1000cc08       0x74 CMakeFiles/grumpy2-main.dir/C_/VSARM/sdk/pico/pico-sdk/src/rp2_common/hardware_spi/spi.c.obj
                0x1000cc08                spi_init
 .text.dma_claim_unused_channel
                0x1000cc7c       0x20 CMakeFiles/grumpy2-main.dir/C_/VSARM/sdk/pico/pico-sdk/src/rp2_common/hardware_dma/dma.c.obj
                0x1000cc7c                dma_claim_unused_channel
 .text.rtc_running
                0x1000cc9c       0x10 CMakeFiles/grumpy2-main.dir/C_/VSARM/sdk/pico/pico-sdk/src/rp2_common/hardware_rtc/rtc.c.obj
                0x1000cc9c                rtc_running
 .text.rtc_get_datetime
                0x1000ccac       0x4c CMakeFiles/grumpy2-main.dir/C_/VSARM/sdk/pico/pico-sdk/src/rp2_common/hardware_rtc/rtc.c.obj
                0x1000ccac                rtc_get_datetime
 .text.__sflush_r
                0x1000ccf8      0x140 c:/vsarm/armcc/102021~1.10/bin/../lib/gcc/arm-none-eabi/10.3.1/../../../../arm-none-eabi/lib/thumb/v6-m/nofp\libg.a(lib_a-fflush.o)
                0x1000ccf8                __sflush_r
 .text._fflush_r
                0x1000ce38       0x6c c:/vsarm/armcc/102021~1.10/bin/../lib/gcc/arm-none-eabi/10.3.1/../../../../arm-none-eabi/lib/thumb/v6-m/nofp\libg.a(lib_a-fflush.o)
                0x1000ce38                _fflush_r
 .text.fflush   0x1000cea4       0x78 c:/vsarm/armcc/102021~1.10/bin/../lib/gcc/arm-none-eabi/10.3.1/../../../../arm-none-eabi/lib/thumb/v6-m/nofp\libg.a(lib_a-fflush.o)
                0x1000cea4                fflush
 .text._cleanup_r
                0x1000cf1c       0x10 c:/vsarm/armcc/102021~1.10/bin/../lib/gcc/arm-none-eabi/10.3.1/../../../../arm-none-eabi/lib/thumb/v6-m/nofp\libg.a(lib_a-findfp.o)
                0x1000cf1c                _cleanup_r
 .text.__sinit  0x1000cf2c      0x120 c:/vsarm/armcc/102021~1.10/bin/../lib/gcc/arm-none-eabi/10.3.1/../../../../arm-none-eabi/lib/thumb/v6-m/nofp\libg.a(lib_a-findfp.o)
                0x1000cf2c                __sinit
 .text.__sfp_lock_acquire
                0x1000d04c       0x10 c:/vsarm/armcc/102021~1.10/bin/../lib/gcc/arm-none-eabi/10.3.1/../../../../arm-none-eabi/lib/thumb/v6-m/nofp\libg.a(lib_a-findfp.o)
                0x1000d04c                __sfp_lock_acquire
 .text.__sfp_lock_release
                0x1000d05c       0x10 c:/vsarm/armcc/102021~1.10/bin/../lib/gcc/arm-none-eabi/10.3.1/../../../../arm-none-eabi/lib/thumb/v6-m/nofp\libg.a(lib_a-findfp.o)
                0x1000d05c                __sfp_lock_release
 .text._malloc_trim_r
                0x1000d06c       0x9c c:/vsarm/armcc/102021~1.10/bin/../lib/gcc/arm-none-eabi/10.3.1/../../../../arm-none-eabi/lib/thumb/v6-m/nofp\libg.a(lib_a-freer.o)
                0x1000d06c                _malloc_trim_r
 .text._free_r  0x1000d108      0x1c4 c:/vsarm/armcc/102021~1.10/bin/../lib/gcc/arm-none-eabi/10.3.1/../../../../arm-none-eabi/lib/thumb/v6-m/nofp\libg.a(lib_a-freer.o)
                0x1000d108                _free_r
 .text._fwalk_reent
                0x1000d2cc       0x48 c:/vsarm/armcc/102021~1.10/bin/../lib/gcc/arm-none-eabi/10.3.1/../../../../arm-none-eabi/lib/thumb/v6-m/nofp\libg.a(lib_a-fwalk.o)
                0x1000d2cc                _fwalk_reent
 .text.__retarget_lock_init_recursive
                0x1000d314        0x4 c:/vsarm/armcc/102021~1.10/bin/../lib/gcc/arm-none-eabi/10.3.1/../../../../arm-none-eabi/lib/thumb/v6-m/nofp\libg.a(lib_a-lock.o)
                0x1000d314                __retarget_lock_init_recursive
 .text.__retarget_lock_close_recursive
                0x1000d318        0x4 c:/vsarm/armcc/102021~1.10/bin/../lib/gcc/arm-none-eabi/10.3.1/../../../../arm-none-eabi/lib/thumb/v6-m/nofp\libg.a(lib_a-lock.o)
                0x1000d318                __retarget_lock_close_recursive
 .text.__retarget_lock_acquire_recursive
                0x1000d31c        0x4 c:/vsarm/armcc/102021~1.10/bin/../lib/gcc/arm-none-eabi/10.3.1/../../../../arm-none-eabi/lib/thumb/v6-m/nofp\libg.a(lib_a-lock.o)
                0x1000d31c                __retarget_lock_acquire_recursive
 .text.__retarget_lock_release_recursive
                0x1000d320        0x4 c:/vsarm/armcc/102021~1.10/bin/../lib/gcc/arm-none-eabi/10.3.1/../../../../arm-none-eabi/lib/thumb/v6-m/nofp\libg.a(lib_a-lock.o)
                0x1000d320                __retarget_lock_release_recursive
 .text.malloc   0x1000d324       0x14 c:/vsarm/armcc/102021~1.10/bin/../lib/gcc/arm-none-eabi/10.3.1/../../../../arm-none-eabi/lib/thumb/v6-m/nofp\libg.a(lib_a-malloc.o)
                0x1000d324                malloc
 .text.free     0x1000d338       0x14 c:/vsarm/armcc/102021~1.10/bin/../lib/gcc/arm-none-eabi/10.3.1/../../../../arm-none-eabi/lib/thumb/v6-m/nofp\libg.a(lib_a-malloc.o)
                0x1000d338                free
 .text._malloc_r
                0x1000d34c      0x584 c:/vsarm/armcc/102021~1.10/bin/../lib/gcc/arm-none-eabi/10.3.1/../../../../arm-none-eabi/lib/thumb/v6-m/nofp\libg.a(lib_a-mallocr.o)
                0x1000d34c                _malloc_r
 .text.memcmp   0x1000d8d0       0x48 c:/vsarm/armcc/102021~1.10/bin/../lib/gcc/arm-none-eabi/10.3.1/../../../../arm-none-eabi/lib/thumb/v6-m/nofp\libg.a(lib_a-memcmp.o)
                0x1000d8d0                memcmp
 .text.__malloc_lock
                0x1000d918       0x10 c:/vsarm/armcc/102021~1.10/bin/../lib/gcc/arm-none-eabi/10.3.1/../../../../arm-none-eabi/lib/thumb/v6-m/nofp\libg.a(lib_a-mlock.o)
                0x1000d918                __malloc_lock
 .text.__malloc_unlock
                0x1000d928       0x10 c:/vsarm/armcc/102021~1.10/bin/../lib/gcc/arm-none-eabi/10.3.1/../../../../arm-none-eabi/lib/thumb/v6-m/nofp\libg.a(lib_a-mlock.o)
                0x1000d928                __malloc_unlock
 .text._sbrk_r  0x1000d938       0x24 c:/vsarm/armcc/102021~1.10/bin/../lib/gcc/arm-none-eabi/10.3.1/../../../../arm-none-eabi/lib/thumb/v6-m/nofp\libg.a(lib_a-sbrkr.o)
                0x1000d938                _sbrk_r
 .text.__sread  0x1000d95c       0x28 c:/vsarm/armcc/102021~1.10/bin/../lib/gcc/arm-none-eabi/10.3.1/../../../../arm-none-eabi/lib/thumb/v6-m/nofp\libg.a(lib_a-stdio.o)
                0x1000d95c                __sread
 .text.__swrite
                0x1000d984       0x40 c:/vsarm/armcc/102021~1.10/bin/../lib/gcc/arm-none-eabi/10.3.1/../../../../arm-none-eabi/lib/thumb/v6-m/nofp\libg.a(lib_a-stdio.o)
                0x1000d984                __swrite
 .text.__sseek  0x1000d9c4       0x2c c:/vsarm/armcc/102021~1.10/bin/../lib/gcc/arm-none-eabi/10.3.1/../../../../arm-none-eabi/lib/thumb/v6-m/nofp\libg.a(lib_a-stdio.o)
                0x1000d9c4                __sseek
 .text.__sclose
                0x1000d9f0        0xc c:/vsarm/armcc/102021~1.10/bin/../lib/gcc/arm-none-eabi/10.3.1/../../../../arm-none-eabi/lib/thumb/v6-m/nofp\libg.a(lib_a-stdio.o)
                0x1000d9f0                __sclose
 .text.strchr   0x1000d9fc       0xc0 c:/vsarm/armcc/102021~1.10/bin/../lib/gcc/arm-none-eabi/10.3.1/../../../../arm-none-eabi/lib/thumb/v6-m/nofp\libg.a(lib_a-strchr.o)
                0x1000d9fc                strchr
 .text.strcpy   0x1000dabc       0x10 c:/vsarm/armcc/102021~1.10/bin/../lib/gcc/arm-none-eabi/10.3.1/../../../../arm-none-eabi/lib/thumb/v6-m/nofp\libg.a(lib_a-strcpy.o)
                0x1000dabc                strcpy
 .text.strlen   0x1000dacc       0x5c c:/vsarm/armcc/102021~1.10/bin/../lib/gcc/arm-none-eabi/10.3.1/../../../../arm-none-eabi/lib/thumb/v6-m/nofp\libg.a(lib_a-strlen-stub.o)
                0x1000dacc                strlen
 .text._write_r
                0x1000db28       0x28 c:/vsarm/armcc/102021~1.10/bin/../lib/gcc/arm-none-eabi/10.3.1/../../../../arm-none-eabi/lib/thumb/v6-m/nofp\libg.a(lib_a-writer.o)
                0x1000db28                _write_r
 .text._close_r
                0x1000db50       0x24 c:/vsarm/armcc/102021~1.10/bin/../lib/gcc/arm-none-eabi/10.3.1/../../../../arm-none-eabi/lib/thumb/v6-m/nofp\libg.a(lib_a-closer.o)
                0x1000db50                _close_r
 .text._fclose_r
                0x1000db74       0xdc c:/vsarm/armcc/102021~1.10/bin/../lib/gcc/arm-none-eabi/10.3.1/../../../../arm-none-eabi/lib/thumb/v6-m/nofp\libg.a(lib_a-fclose.o)
                0x1000db74                _fclose_r
 .text._lseek_r
                0x1000dc50       0x28 c:/vsarm/armcc/102021~1.10/bin/../lib/gcc/arm-none-eabi/10.3.1/../../../../arm-none-eabi/lib/thumb/v6-m/nofp\libg.a(lib_a-lseekr.o)
                0x1000dc50                _lseek_r
 .text._read_r  0x1000dc78       0x28 c:/vsarm/armcc/102021~1.10/bin/../lib/gcc/arm-none-eabi/10.3.1/../../../../arm-none-eabi/lib/thumb/v6-m/nofp\libg.a(lib_a-readr.o)
                0x1000dc78                _read_r
 *(.fini)
 .fini          0x1000dca0        0x4 c:/vsarm/armcc/102021~1.10/bin/../lib/gcc/arm-none-eabi/10.3.1/thumb/v6-m/nofp/crti.o
                0x1000dca0                _fini
 *fill*         0x1000dca4        0x4 
 .fini.__stub   0x1000dca8      0x130 linker stubs
 *crtbegin.o(.ctors)
 *crtbegin?.o(.ctors)
 *(EXCLUDE_FILE(*crtend.o *crtend?.o) .ctors)
 *(SORT_BY_NAME(.ctors.*))
 *(.ctors)
 *crtbegin.o(.dtors)
 *crtbegin?.o(.dtors)
 *(EXCLUDE_FILE(*crtend.o *crtend?.o) .dtors)
 *(SORT_BY_NAME(.dtors.*))
 *(.dtors)
 *(.eh_frame*)
 .eh_frame      0x1000ddd8        0x0 c:/vsarm/armcc/102021~1.10/bin/../lib/gcc/arm-none-eabi/10.3.1/thumb/v6-m/nofp/crtbegin.o
                0x1000ddd8                . = ALIGN (0x4)

.glue_7         0x1000ddd8        0x0
 .glue_7        0x1000ddd8        0x0 linker stubs

.glue_7t        0x1000ddd8        0x0
 .glue_7t       0x1000ddd8        0x0 linker stubs

.vfp11_veneer   0x1000ddd8        0x0
 .vfp11_veneer  0x1000ddd8        0x0 linker stubs

.v4_bx          0x1000ddd8        0x0
 .v4_bx         0x1000ddd8        0x0 linker stubs

.iplt           0x1000ddd8        0x0
 .iplt          0x1000ddd8        0x0 c:/vsarm/armcc/102021~1.10/bin/../lib/gcc/arm-none-eabi/10.3.1/thumb/v6-m/nofp/crtbegin.o

.rodata         0x1000ddd8     0x2a78
 *(EXCLUDE_FILE(*libm.a: *libc.a:*lib_a-mem*.o *libgcc.a:) .rodata*)
 .rodata.main.str1.4
                0x1000ddd8       0xac CMakeFiles/grumpy2-main.dir/main.c.obj
 .rodata.str1.4
                0x1000de84        0x3 CMakeFiles/grumpy2-main.dir/hw_config.c.obj
 *fill*         0x1000de87        0x1 
 .rodata.load_midi_file.str1.4
                0x1000de88       0x31 CMakeFiles/grumpy2-main.dir/midi_file_utils.c.obj
 *fill*         0x1000deb9        0x3 
 .rodata.midi_mount_root.str1.4
                0x1000debc        0x2 CMakeFiles/grumpy2-main.dir/midi_file_utils.c.obj
 *fill*         0x1000debe        0x2 
 .rodata.get_file_at_index.str1.4
                0x1000dec0       0x2e CMakeFiles/grumpy2-main.dir/midi_file_utils.c.obj
                                 0x32 (size before relaxing)
 *fill*         0x1000deee        0x2 
 .rodata.process_track.str1.4
                0x1000def0       0x48 CMakeFiles/grumpy2-main.dir/midi_player.c.obj
 .rodata.spin_lock_claim_unused.str1.4
                0x1000df38       0x1b CMakeFiles/grumpy2-main.dir/C_/VSARM/sdk/pico/pico-sdk/src/rp2_common/hardware_sync/sync.c.obj
 *fill*         0x1000df53        0x1 
 .rodata.make_branch.str1.4
                0x1000df54       0x6d CMakeFiles/grumpy2-main.dir/C_/VSARM/sdk/pico/pico-sdk/src/rp2_common/hardware_irq/irq.c.obj
 *fill*         0x1000dfc1        0x3 
 .rodata.insert_branch_and_link.str1.4
                0x1000dfc4       0x10 CMakeFiles/grumpy2-main.dir/C_/VSARM/sdk/pico/pico-sdk/src/rp2_common/hardware_irq/irq.c.obj
 .rodata.irq_set_exclusive_handler.str1.4
                0x1000dfd4       0x36 CMakeFiles/grumpy2-main.dir/C_/VSARM/sdk/pico/pico-sdk/src/rp2_common/hardware_irq/irq.c.obj
 *fill*         0x1000e00a        0x2 
 .rodata.irq_add_shared_handler.str1.4
                0x1000e00c       0xd9 CMakeFiles/grumpy2-main.dir/C_/VSARM/sdk/pico/pico-sdk/src/rp2_common/hardware_irq/irq.c.obj
 *fill*         0x1000e0e5        0x3 
 .rodata.irq_remove_handler.str1.4
                0x1000e0e8       0x3a CMakeFiles/grumpy2-main.dir/C_/VSARM/sdk/pico/pico-sdk/src/rp2_common/hardware_irq/irq.c.obj
 *fill*         0x1000e122        0x2 
 .rodata.irq_add_tail_to_free_list.str1.4
                0x1000e124       0x3a CMakeFiles/grumpy2-main.dir/C_/VSARM/sdk/pico/pico-sdk/src/rp2_common/hardware_irq/irq.c.obj
 *fill*         0x1000e15e        0x2 
 .rodata.user_irq_claim_unused.str1.4
                0x1000e160       0x1b CMakeFiles/grumpy2-main.dir/C_/VSARM/sdk/pico/pico-sdk/src/rp2_common/hardware_irq/irq.c.obj
 *fill*         0x1000e17b        0x1 
 .rodata.__func__.0
                0x1000e17c       0x1a CMakeFiles/grumpy2-main.dir/C_/VSARM/sdk/pico/pico-sdk/src/rp2_common/hardware_irq/irq.c.obj
 *fill*         0x1000e196        0x2 
 .rodata.__func__.1
                0x1000e198       0x17 CMakeFiles/grumpy2-main.dir/C_/VSARM/sdk/pico/pico-sdk/src/rp2_common/hardware_irq/irq.c.obj
 *fill*         0x1000e1af        0x1 
 .rodata.__func__.2