Archive member included to satisfy reference by file (symbol)

c:/vsarm/armcc/102021~1.10/bin/../lib/gcc/arm-none-eabi/10.3.1/thumb/v6-m/nofp\libgcc.a(_dvmd_tls.o)
                              CMakeFiles/grumpy2-main.dir/C_/VSARM/sdk/pico/pico-sdk/src/rp2_common/pico_divider/divider.S.obj (__aeabi_idiv0)
c:/vsarm/armcc/102021~1.10/bin/../lib/gcc/arm-none-eabi/10.3.1/../../../../arm-none-eabi/lib/thumb/v6-m/nofp\libg.a(lib_a-calloc.o)
                              CMakeFiles/grumpy2-main.dir/C_/VSARM/sdk/pico/pico-sdk/src/rp2_common/pico_malloc/pico_malloc.c.obj (calloc)
c:/vsarm/armcc/102021~1.10/bin/../lib/gcc/arm-none-eabi/10.3.1/../../../../arm-none-eabi/lib/thumb/v6-m/nofp\libg.a(lib_a-callocr.o)
                              c:/vsarm/armcc/102021~1.10/bin/../lib/gcc/arm-none-eabi/10.3.1/../../../../arm-none-eabi/lib/thumb/v6-m/nofp\libg.a(lib_a-calloc.o) (_calloc_r)
c:/vsarm/armcc/102021~1.10/bin/../lib/gcc/arm-none-eabi/10.3.1/../../../../arm-none-eabi/lib/thumb/v6-m/nofp\libg.a(lib_a-errno.o)
                              CMakeFiles/grumpy2-main.dir/FatFs_SPI/src/ff_stdio.c.obj (__errno)
c:/vsarm/armcc/102021~1.10/bin/../lib/gcc/arm-none-eabi/10.3.1/../../../../arm-none-eabi/lib/thumb/v6-m/nofp\libg.a(lib_a-fflush.o)
                              CMakeFiles/grumpy2-main.dir/FatFs_SPI/sd_driver/demo_logging.c.obj (fflush)
c:/vsarm/armcc/102021~1.10/bin/../lib/gcc/arm-none-eabi/10.3.1/../../../../arm-none-eabi/lib/thumb/v6-m/nofp\libg.a(lib_a-findfp.o)
                              c:/vsarm/armcc/102021~1.10/bin/../lib/gcc/arm-none-eabi/10.3.1/../../../../arm-none-eabi/lib/thumb/v6-m/nofp\libg.a(lib_a-fflush.o) (__sinit)
c:/vsarm/armcc/102021~1.10/bin/../lib/gcc/arm-none-eabi/10.3.1/../../../../arm-none-eabi/lib/thumb/v6-m/nofp\libg.a(lib_a-freer.o)
                              c:/vsarm/armcc/102021~1.10/bin/../lib/gcc/arm-none-eabi/10.3.1/../../../../arm-none-eabi/lib/thumb/v6-m/nofp\libg.a(lib_a-fflush.o) (_free_r)
c:/vsarm/armcc/102021~1.10/bin/../lib/gcc/arm-none-eabi/10.3.1/../../../../arm-none-eabi/lib/thumb/v6-m/nofp\libg.a(lib_a-fwalk.o)
                              c:/vsarm/armcc/102021~1.10/bin/../lib/gcc/arm-none-eabi/10.3.1/../../../../arm-none-eabi/lib/thumb/v6-m/nofp\libg.a(lib_a-findfp.o) (_fwalk)
c:/vsarm/armcc/102021~1.10/bin/../lib/gcc/arm-none-eabi/10.3.1/../../../../arm-none-eabi/lib/thumb/v6-m/nofp\libg.a(lib_a-impure.o)
                              c:/vsarm/armcc/102021~1.10/bin/../lib/gcc/arm-none-eabi/10.3.1/../../../../arm-none-eabi/lib/thumb/v6-m/nofp\libg.a(lib_a-fflush.o) (_global_impure_ptr)
c:/vsarm/armcc/102021~1.10/bin/../lib/gcc/arm-none-eabi/10.3.1/../../../../arm-none-eabi/lib/thumb/v6-m/nofp\libg.a(lib_a-init.o)
                              c:/vsarm/armcc/102021~1.10/bin/../lib/gcc/arm-none-eabi/10.3.1/../../../../arm-none-eabi/lib/thumb/v6-m/nofp/crt0.o (__libc_init_array)
c:/vsarm/armcc/102021~1.10/bin/../lib/gcc/arm-none-eabi/10.3.1/../../../../arm-none-eabi/lib/thumb/v6-m/nofp\libg.a(lib_a-lock.o)
                              c:/vsarm/armcc/102021~1.10/bin/../lib/gcc/arm-none-eabi/10.3.1/../../../../arm-none-eabi/lib/thumb/v6-m/nofp\libg.a(lib_a-findfp.o) (__retarget_lock_init_recursive)
c:/vsarm/armcc/102021~1.10/bin/../lib/gcc/arm-none-eabi/10.3.1/../../../../arm-none-eabi/lib/thumb/v6-m/nofp\libg.a(lib_a-malloc.o)
                              CMakeFiles/grumpy2-main.dir/C_/VSARM/sdk/pico/pico-sdk/src/rp2_common/pico_malloc/pico_malloc.c.obj (malloc)
c:/vsarm/armcc/102021~1.10/bin/../lib/gcc/arm-none-eabi/10.3.1/../../../../arm-none-eabi/lib/thumb/v6-m/nofp\libg.a(lib_a-mallocr.o)
                              c:/vsarm/armcc/102021~1.10/bin/../lib/gcc/arm-none-eabi/10.3.1/../../../../arm-none-eabi/lib/thumb/v6-m/nofp\libg.a(lib_a-callocr.o) (_malloc_r)
c:/vsarm/armcc/102021~1.10/bin/../lib/gcc/arm-none-eabi/10.3.1/../../../../arm-none-eabi/lib/thumb/v6-m/nofp\libg.a(lib_a-memcmp.o)
                              CMakeFiles/grumpy2-main.dir/FatFs_SPI/ff15/source/ff.c.obj (memcmp)
c:/vsarm/armcc/102021~1.10/bin/../lib/gcc/arm-none-eabi/10.3.1/../../../../arm-none-eabi/lib/thumb/v6-m/nofp\libg.a(lib_a-mktime.o)
                              CMakeFiles/grumpy2-main.dir/FatFs_SPI/src/rtc.c.obj (mktime)
c:/vsarm/armcc/102021~1.10/bin/../lib/gcc/arm-none-eabi/10.3.1/../../../../arm-none-eabi/lib/thumb/v6-m/nofp\libg.a(lib_a-mlock.o)
                              c:/vsarm/armcc/102021~1.10/bin/../lib/gcc/arm-none-eabi/10.3.1/../../../../arm-none-eabi/lib/thumb/v6-m/nofp\libg.a(lib_a-freer.o) (__malloc_lock)
c:/vsarm/armcc/102021~1.10/bin/../lib/gcc/arm-none-eabi/10.3.1/../../../../arm-none-eabi/lib/thumb/v6-m/nofp\libg.a(lib_a-realloc.o)
                              CMakeFiles/grumpy2-main.dir/C_/VSARM/sdk/pico/pico-sdk/src/rp2_common/pico_malloc/pico_malloc.c.obj (realloc)
c:/vsarm/armcc/102021~1.10/bin/../lib/gcc/arm-none-eabi/10.3.1/../../../../arm-none-eabi/lib/thumb/v6-m/nofp\libg.a(lib_a-reallocr.o)
[...]
Memory Configuration

Name             Origin             Length             Attributes
FLASH            0x10000000         0x00200000         xr
RAM              0x20000000         0x00040000         xrw
SCRATCH_X        0x20040000         0x00001000         xrw
SCRATCH_Y        0x20041000         0x00001000         xrw
*default*        0x00000000         0xffffffff

Linker script and memory map

LOAD c:/vsarm/armcc/102021~1.10/bin/../lib/gcc/arm-none-eabi/10.3.1/thumb/v6-m/nofp/crti.o
LOAD c:/vsarm/armcc/102021~1.10/bin/../lib/gcc/arm-none-eabi/10.3.1/thumb/v6-m/nofp/crtbegin.o
LOAD c:/vsarm/armcc/102021~1.10/bin/../lib/gcc/arm-none-eabi/10.3.1/../../../../arm-none-eabi/lib/thumb/v6-m/nofp/crt0.o

.flash_begin    0x10000000        0x0
                0x10000000                __flash_binary_start = .

.boot2          0x10000000      0x100
                0x10000000                __boot2_start__ = .
 *(.boot2)
 .boot2         0x10000000      0x100 C:\Users\Branden\AppData\Local\Temp\ccELX9wD.o
                0x10000100                __boot2_end__ = .
                0x00000001                ASSERT (((__boot2_end__ - __boot2_start__) == 0x100), ERROR: Pico second stage bootloader must be 256 bytes in size)

.text           0x10000100    0x94ba0
                0x10000100                __logical_binary_start = .
 *(.vectors)
 .vectors       0x10000100       0xd4 CMakeFiles/grumpy2-main.dir/C_/VSARM/sdk/pico/pico-sdk/src/rp2_common/pico_standard_link/crt0.S.obj
                0x10000100                __VECTOR_TABLE
                0x10000100                __vectors
                0x100001c0                isr_invalid
                0x100001c0                __default_isrs_start
                0x100001c2                isr_nmi
                0x100001c4                isr_hardfault
                0x100001c6                isr_svcall
                0x100001c8                isr_pendsv
                0x100001ca                isr_systick
                0x100001cc                isr_irq23
                0x100001cc                isr_irq18
                0x100001cc                isr_irq11
                0x100001cc                isr_irq28
                0x100001cc                isr_irq19
                0x100001cc                isr_irq0
                0x100001cc                isr_irq6
                0x100001cc                isr_irq5
                0x100001cc                isr_irq12
                0x100001cc                isr_irq22
                0x100001cc                isr_irq31
                0x100001cc                isr_irq17
                0x100001cc                isr_irq27
                0x100001cc                isr_irq30
                0x100001cc                isr_irq2
                0x100001cc                isr_irq10
                0x100001cc                isr_irq8
                0x100001cc                isr_irq24
                0x100001cc                isr_irq1
                0x100001cc                isr_irq7
                0x100001cc                isr_irq21
                0x100001cc                isr_irq20
                0x100001cc                isr_irq15
                0x100001cc                isr_irq25
                0x100001cc                isr_irq13
                0x100001cc                __unhandled_user_irq
                0x100001cc                isr_irq4
                0x100001cc                isr_irq16
                0x100001cc                isr_irq29
                0x100001cc                isr_irq26
                0x100001cc                __default_isrs_end
                0x100001cc                isr_irq3
                0x100001cc                isr_irq14
                0x100001cc                isr_irq9
                0x100001d2                unhandled_user_irq_num_in_r0
 *(.binary_info_header)
 .binary_info_header
                0x100001d4       0x14 CMakeFiles/grumpy2-main.dir/C_/VSARM/sdk/pico/pico-sdk/src/rp2_common/pico_standard_link/crt0.S.obj
                0x100001e8                __binary_info_header_end = .
 *(.reset)
 .reset         0x100001e8       0xa0 CMakeFiles/grumpy2-main.dir/C_/VSARM/sdk/pico/pico-sdk/src/rp2_common/pico_standard_link/crt0.S.obj
                0x100001e8                _entry_point
 .reset         0x10000288       0x30 CMakeFiles/grumpy2-main.dir/C_/VSARM/sdk/pico/pico-sdk/src/rp2_common/pico_standard_link/binary_info.c.obj
 *(.init)
 .init          0x100002b8        0x4 c:/vsarm/armcc/102021~1.10/bin/../lib/gcc/arm-none-eabi/10.3.1/thumb/v6-m/nofp/crti.o
                0x100002b8                _init
 *(EXCLUDE_FILE(*libm.a: *libc.a:*lib_a-mem*.o *libgcc.a:) .text*)
 .text          0x100002bc       0x48 c:/vsarm/armcc/102021~1.10/bin/../lib/gcc/arm-none-eabi/10.3.1/thumb/v6-m/nofp/crtbegin.o
 .text.alarm_2_in_us
                0x10000304       0x30 CMakeFiles/grumpy2-main.dir/main.c.obj
 .text.alarm_2_irq
                0x10000334       0x6c CMakeFiles/grumpy2-main.dir/main.c.obj
 .text.InterpolateHermite4pt3oX
                0x100003a0       0xd0 CMakeFiles/grumpy2-main.dir/main.c.obj
                0x100003a0                InterpolateHermite4pt3oX
 .text.ScratchMix
                0x10000470       0x6a CMakeFiles/grumpy2-main.dir/main.c.obj
                0x10000470                ScratchMix
 *fill*         0x100004da        0x2 
 .text.main2    0x100004dc       0xf0 CMakeFiles/grumpy2-main.dir/main.c.obj
                0x100004dc                main2
 .text.dac_io_init
                0x100005cc       0x58 CMakeFiles/grumpy2-main.dir/main.c.obj
                0x100005cc                dac_io_init
 .text.load_channel
                0x10000624       0x74 CMakeFiles/grumpy2-main.dir/main.c.obj
                0x10000624                load_channel
 .text.main     0x10000698       0xc0 CMakeFiles/grumpy2-main.dir/main.c.obj
                0x10000698                main
 .text.uart0_isr
                0x10000758       0x84 CMakeFiles/grumpy2-main.dir/midi_uart.c.obj
 .text.serial_init
                0x100007dc       0x5c CMakeFiles/grumpy2-main.dir/midi_uart.c.obj
                0x100007dc                serial_init
 .text          0x10000838    0x8c7c2 CMakeFiles/grumpy2-main.dir/data.S.obj
                0x10000838                map_start
                0x100037dd                samples_start
                0x100037dd                map_end
                0x1008cff9                samples_end
 *fill*         0x1008cffa        0x2 
 .text.gpio_set_function
                0x1008cffc       0x30 CMakeFiles/grumpy2-main.dir/C_/VSARM/sdk/pico/pico-sdk/src/rp2_common/hardware_gpio/gpio.c.obj
                0x1008cffc                gpio_set_function
 .text.gpio_set_drive_strength
                0x1008d02c       0x20 CMakeFiles/grumpy2-main.dir/C_/VSARM/sdk/pico/pico-sdk/src/rp2_common/hardware_gpio/gpio.c.obj
                0x1008d02c                gpio_set_drive_strength
 .text.gpio_init
                0x1008d04c       0x16 CMakeFiles/grumpy2-main.dir/C_/VSARM/sdk/pico/pico-sdk/src/rp2_common/hardware_gpio/gpio.c.obj
                0x1008d04c                gpio_init
 .text.gpio_init_mask
                0x1008d062       0x1e CMakeFiles/grumpy2-main.dir/C_/VSARM/sdk/pico/pico-sdk/src/rp2_common/hardware_gpio/gpio.c.obj
                0x1008d062                gpio_init_mask
 .text.running_on_fpga
                0x1008d080       0x14 CMakeFiles/grumpy2-main.dir/C_/VSARM/sdk/pico/pico-sdk/src/rp2_common/pico_platform/platform.c.obj
                0x1008d080                running_on_fpga
 .text.hw_claim_lock
                0x1008d094       0x18 CMakeFiles/grumpy2-main.dir/C_/VSARM/sdk/pico/pico-sdk/src/rp2_common/hardware_claim/claim.c.obj
                0x1008d094                hw_claim_lock
 .text.hw_claim_unlock
                0x1008d0ac       0x14 CMakeFiles/grumpy2-main.dir/C_/VSARM/sdk/pico/pico-sdk/src/rp2_common/hardware_claim/claim.c.obj
                0x1008d0ac                hw_claim_unlock
 .text.hw_claim_or_assert
                0x1008d0c0       0x32 CMakeFiles/grumpy2-main.dir/C_/VSARM/sdk/pico/pico-sdk/src/rp2_common/hardware_claim/claim.c.obj
                0x1008d0c0                hw_claim_or_assert
 .text.hw_claim_unused_from_range
                0x1008d0f2       0x50 CMakeFiles/grumpy2-main.dir/C_/VSARM/sdk/pico/pico-sdk/src/rp2_common/hardware_claim/claim.c.obj
                0x1008d0f2                hw_claim_unused_from_range
 *fill*         0x1008d142        0x2 
 .text.spin_locks_reset
                0x1008d144       0x20 CMakeFiles/grumpy2-main.dir/C_/VSARM/sdk/pico/pico-sdk/src/rp2_common/hardware_sync/sync.c.obj
                0x1008d144                spin_locks_reset
 .text.next_striped_spin_lock_num
                0x1008d164       0x1c CMakeFiles/grumpy2-main.dir/C_/VSARM/sdk/pico/pico-sdk/src/rp2_common/hardware_sync/sync.c.obj
                0x1008d164                next_striped_spin_lock_num
 .text.spin_lock_claim_unused
                0x1008d180       0x20 CMakeFiles/grumpy2-main.dir/C_/VSARM/sdk/pico/pico-sdk/src/rp2_common/hardware_sync/sync.c.obj
                0x1008d180                spin_lock_claim_unused
 .text.set_raw_irq_handler_and_unlock
                0x1008d1a0       0x28 CMakeFiles/grumpy2-main.dir/C_/VSARM/sdk/pico/pico-sdk/src/rp2_common/hardware_irq/irq.c.obj
 .text.make_branch
                0x1008d1c8       0x48 CMakeFiles/grumpy2-main.dir/C_/VSARM/sdk/pico/pico-sdk/src/rp2_common/hardware_irq/irq.c.obj
 .text.insert_branch_and_link
                0x1008d210       0x40 CMakeFiles/grumpy2-main.dir/C_/VSARM/sdk/pico/pico-sdk/src/rp2_common/hardware_irq/irq.c.obj
 .text.irq_is_enabled
                0x1008d250       0x18 CMakeFiles/grumpy2-main.dir/C_/VSARM/sdk/pico/pico-sdk/src/rp2_common/hardware_irq/irq.c.obj
                0x1008d250                irq_is_enabled
 .text.irq_set_mask_enabled
                0x1008d268       0x20 CMakeFiles/grumpy2-main.dir/C_/VSARM/sdk/pico/pico-sdk/src/rp2_common/hardware_irq/irq.c.obj
                0x1008d268                irq_set_mask_enabled
 .text.irq_set_enabled
                0x1008d288        0xe CMakeFiles/grumpy2-main.dir/C_/VSARM/sdk/pico/pico-sdk/src/rp2_common/hardware_irq/irq.c.obj
                0x1008d288                irq_set_enabled
 *fill*         0x1008d296        0x2 
 .text.irq_set_pending
                0x1008d298       0x10 CMakeFiles/grumpy2-main.dir/C_/VSARM/sdk/pico/pico-sdk/src/rp2_common/hardware_irq/irq.c.obj
                0x1008d298                irq_set_pending
 .text.irq_get_vtable_handler
                0x1008d2a8       0x10 CMakeFiles/grumpy2-main.dir/C_/VSARM/sdk/pico/pico-sdk/src/rp2_common/hardware_irq/irq.c.obj
                0x1008d2a8                irq_get_vtable_handler
 .text.irq_has_shared_handler
                0x1008d2b8       0x24 CMakeFiles/grumpy2-main.dir/C_/VSARM/sdk/pico/pico-sdk/src/rp2_common/hardware_irq/irq.c.obj
                0x1008d2b8                irq_has_shared_handler
 .text.irq_set_exclusive_handler
                0x1008d2dc       0x54 CMakeFiles/grumpy2-main.dir/C_/VSARM/sdk/pico/pico-sdk/src/rp2_common/hardware_irq/irq.c.obj
                0x1008d2dc                irq_set_exclusive_handler
 .text.irq_add_shared_handler
                0x1008d330      0x234 CMakeFiles/grumpy2-main.dir/C_/VSARM/sdk/pico/pico-sdk/src/rp2_common/hardware_irq/irq.c.obj
                0x1008d330                irq_add_shared_handler
 .text.irq_remove_handler
                0x1008d564      0x1ac CMakeFiles/grumpy2-main.dir/C_/VSARM/sdk/pico/pico-sdk/src/rp2_common/hardware_irq/irq.c.obj
                0x1008d564                irq_remove_handler
 .text.irq_add_tail_to_free_list
                0x1008d710       0xf0 CMakeFiles/grumpy2-main.dir/C_/VSARM/sdk/pico/pico-sdk/src/rp2_common/hardware_irq/irq.c.obj
                0x1008d710                irq_add_tail_to_free_list
 .text.irq_init_priorities
                0x1008d800       0x1c CMakeFiles/grumpy2-main.dir/C_/VSARM/sdk/pico/pico-sdk/src/rp2_common/hardware_irq/irq.c.obj
                0x1008d800                irq_init_priorities
 .text.user_irq_claim_unused
                0x1008d81c       0x28 CMakeFiles/grumpy2-main.dir/C_/VSARM/sdk/pico/pico-sdk/src/rp2_common/hardware_irq/irq.c.obj
                0x1008d81c                user_irq_claim_unused
 .text.lock_init
                0x1008d844       0x10 CMakeFiles/grumpy2-main.dir/C_/VSARM/sdk/pico/pico-sdk/src/common/pico_sync/lock_core.c.obj
                0x1008d844                lock_init
 .text.mutex_init
                0x1008d854       0x1a CMakeFiles/grumpy2-main.dir/C_/VSARM/sdk/pico/pico-sdk/src/common/pico_sync/mutex.c.obj
                0x1008d854                mutex_init
 .text.recursive_mutex_init
                0x1008d86e       0x1e CMakeFiles/grumpy2-main.dir/C_/VSARM/sdk/pico/pico-sdk/src/common/pico_sync/mutex.c.obj
                0x1008d86e                recursive_mutex_init
 .text.critical_section_init_with_lock_num
                0x1008d88c       0x14 CMakeFiles/grumpy2-main.dir/C_/VSARM/sdk/pico/pico-sdk/src/common/pico_sync/critical_section.c.obj
                0x1008d88c                critical_section_init_with_lock_num
 .text.critical_section_init
                0x1008d8a0       0x14 CMakeFiles/grumpy2-main.dir/C_/VSARM/sdk/pico/pico-sdk/src/common/pico_sync/critical_section.c.obj
                0x1008d8a0                critical_section_init
 .text.alarm_pool_post_alloc_init
                0x1008d8b4       0x40 CMakeFiles/grumpy2-main.dir/C_/VSARM/sdk/pico/pico-sdk/src/common/pico_time/time.c.obj
 .text.sleep_until_callback
                0x1008d8f4       0x30 CMakeFiles/grumpy2-main.dir/C_/VSARM/sdk/pico/pico-sdk/src/common/pico_time/time.c.obj
 .text.timer_pool_entry_comparator
                0x1008d924       0x7c CMakeFiles/grumpy2-main.dir/C_/VSARM/sdk/pico/pico-sdk/src/common/pico_time/time.c.obj
                0x1008d924                timer_pool_entry_comparator
 .text.ph_add_child_node
                0x1008d9a0       0xa4 CMakeFiles/grumpy2-main.dir/C_/VSARM/sdk/pico/pico-sdk/src/common/pico_time/time.c.obj
 .text.ph_merge_nodes
                0x1008da44       0x3e CMakeFiles/grumpy2-main.dir/C_/VSARM/sdk/pico/pico-sdk/src/common/pico_time/time.c.obj
 *fill*         0x1008da82        0x2 
 .text.add_alarm_under_lock
                0x1008da84      0x174 CMakeFiles/grumpy2-main.dir/C_/VSARM/sdk/pico/pico-sdk/src/common/pico_time/time.c.obj
 .text.alarm_pool_alarm_callback
                0x1008dbf8      0x33c CMakeFiles/grumpy2-main.dir/C_/VSARM/sdk/pico/pico-sdk/src/common/pico_time/time.c.obj
 .text.alarm_pool_init_default
                0x1008df34       0x40 CMakeFiles/grumpy2-main.dir/C_/VSARM/sdk/pico/pico-sdk/src/common/pico_time/time.c.obj
                0x1008df34                alarm_pool_init_default
 .text.alarm_pool_get_default
                0x1008df74       0x2c CMakeFiles/grumpy2-main.dir/C_/VSARM/sdk/pico/pico-sdk/src/common/pico_time/time.c.obj
                0x1008df74                alarm_pool_get_default
 .text.alarm_pool_add_alarm_at
                0x1008dfa0      0x168 CMakeFiles/grumpy2-main.dir/C_/VSARM/sdk/pico/pico-sdk/src/common/pico_time/time.c.obj
                0x1008dfa0                alarm_pool_add_alarm_at
 .text.alarm_pool_cancel_alarm
                0x1008e108       0xf8 CMakeFiles/grumpy2-main.dir/C_/VSARM/sdk/pico/pico-sdk/src/common/pico_time/time.c.obj
                0x1008e108                alarm_pool_cancel_alarm
 .text.alarm_pool_core_num
                0x1008e200        0x4 CMakeFiles/grumpy2-main.dir/C_/VSARM/sdk/pico/pico-sdk/src/common/pico_time/time.c.obj
                0x1008e200                alarm_pool_core_num
 .text.sleep_until
                0x1008e204       0xfc CMakeFiles/grumpy2-main.dir/C_/VSARM/sdk/pico/pico-sdk/src/common/pico_time/time.c.obj
                0x1008e204                sleep_until
 .text.sleep_us
                0x1008e300       0x58 CMakeFiles/grumpy2-main.dir/C_/VSARM/sdk/pico/pico-sdk/src/common/pico_time/time.c.obj
                0x1008e300                sleep_us
 .text.sleep_ms
                0x1008e358       0x14 CMakeFiles/grumpy2-main.dir/C_/VSARM/sdk/pico/pico-sdk/src/common/pico_time/time.c.obj
                0x1008e358                sleep_ms
 .text.best_effort_wfe_or_timeout
                0x1008e36c       0xac CMakeFiles/grumpy2-main.dir/C_/VSARM/sdk/pico/pico-sdk/src/common/pico_time/time.c.obj
                0x1008e36c                best_effort_wfe_or_timeout
 .text.hardware_alarm_irq_handler
                0x1008e418       0x90 CMakeFiles/grumpy2-main.dir/C_/VSARM/sdk/pico/pico-sdk/src/rp2_common/hardware_timer/timer.c.obj
 .text.hardware_alarm_claim
                0x1008e4a8       0x18 CMakeFiles/grumpy2-main.dir/C_/VSARM/sdk/pico/pico-sdk/src/rp2_common/hardware_timer/timer.c.obj
                0x1008e4a8                hardware_alarm_claim
 .text.time_us_64
                0x1008e4c0       0x18 CMakeFiles/grumpy2-main.dir/C_/VSARM/sdk/pico/pico-sdk/src/rp2_common/hardware_timer/timer.c.obj
                0x1008e4c0                time_us_64
 .text.busy_wait_until
                0x1008e4d8       0x28 CMakeFiles/grumpy2-main.dir/C_/VSARM/sdk/pico/pico-sdk/src/rp2_common/hardware_timer/timer.c.obj
                0x1008e4d8                busy_wait_until
 .text.busy_wait_us
                0x1008e500       0x48 CMakeFiles/grumpy2-main.dir/C_/VSARM/sdk/pico/pico-sdk/src/rp2_common/hardware_timer/timer.c.obj
                0x1008e500                busy_wait_us
 .text.hardware_alarm_set_callback
                0x1008e548       0x90 CMakeFiles/grumpy2-main.dir/C_/VSARM/sdk/pico/pico-sdk/src/rp2_common/hardware_timer/timer.c.obj
                0x1008e548                hardware_alarm_set_callback
 .text.hardware_alarm_set_target
                0x1008e5d8       0xe8 CMakeFiles/grumpy2-main.dir/C_/VSARM/sdk/pico/pico-sdk/src/rp2_common/hardware_timer/timer.c.obj
                0x1008e5d8                hardware_alarm_set_target
 .text.hardware_alarm_cancel
                0x1008e6c0       0x40 CMakeFiles/grumpy2-main.dir/C_/VSARM/sdk/pico/pico-sdk/src/rp2_common/hardware_timer/timer.c.obj
                0x1008e6c0                hardware_alarm_cancel
 .text.ph_add_child_node
                0x1008e700       0xa4 CMakeFiles/grumpy2-main.dir/C_/VSARM/sdk/pico/pico-sdk/src/common/pico_util/pheap.c.obj
 .text.ph_merge_nodes
                0x1008e7a4       0x3e CMakeFiles/grumpy2-main.dir/C_/VSARM/sdk/pico/pico-sdk/src/common/pico_util/pheap.c.obj
 *fill*         0x1008e7e2        0x2 
 .text.ph_clear
                0x1008e7e4       0x70 CMakeFiles/grumpy2-main.dir/C_/VSARM/sdk/pico/pico-sdk/src/common/pico_util/pheap.c.obj
                0x1008e7e4                ph_clear
 .text.ph_post_alloc_init
                0x1008e854        0xe CMakeFiles/grumpy2-main.dir/C_/VSARM/sdk/pico/pico-sdk/src/common/pico_util/pheap.c.obj
                0x1008e854                ph_post_alloc_init
 *fill*         0x1008e862        0x2 
 .text.ph_merge_two_pass
                0x1008e864       0xa8 CMakeFiles/grumpy2-main.dir/C_/VSARM/sdk/pico/pico-sdk/src/common/pico_util/pheap.c.obj
                0x1008e864                ph_merge_two_pass
 .text.ph_remove_any_head
                0x1008e90c      0x128 CMakeFiles/grumpy2-main.dir/C_/VSARM/sdk/pico/pico-sdk/src/common/pico_util/pheap.c.obj
 .text.ph_remove_head
                0x1008ea34       0x14 CMakeFiles/grumpy2-main.dir/C_/VSARM/sdk/pico/pico-sdk/src/common/pico_util/pheap.c.obj
                0x1008ea34                ph_remove_head
 .text.ph_remove_and_free_node
                0x1008ea48       0xf8 CMakeFiles/grumpy2-main.dir/C_/VSARM/sdk/pico/pico-sdk/src/common/pico_util/pheap.c.obj
                0x1008ea48                ph_remove_and_free_node
 .text.uart_disable_before_lcr_write
                0x1008eb40       0x48 CMakeFiles/grumpy2-main.dir/C_/VSARM/sdk/pico/pico-sdk/src/rp2_common/hardware_uart/uart.c.obj
 .text.uart_write_lcr_bits_masked
                0x1008eb88       0x22 CMakeFiles/grumpy2-main.dir/C_/VSARM/sdk/pico/pico-sdk/src/rp2_common/hardware_uart/uart.c.obj
 *fill*         0x1008ebaa        0x2 
 .text.uart_set_baudrate
                0x1008ebac       0x5c CMakeFiles/grumpy2-main.dir/C_/VSARM/sdk/pico/pico-sdk/src/rp2_common/hardware_uart/uart.c.obj
                0x1008ebac                uart_set_baudrate
 .text.uart_set_format
                0x1008ec08       0x2c CMakeFiles/grumpy2-main.dir/C_/VSARM/sdk/pico/pico-sdk/src/rp2_common/hardware_uart/uart.c.obj
                0x1008ec08                uart_set_format
 .text.uart_set_fifo_enabled
                0x1008ec34       0x10 CMakeFiles/grumpy2-main.dir/C_/VSARM/sdk/pico/pico-sdk/src/rp2_common/hardware_uart/uart.c.obj
                0x1008ec34                uart_set_fifo_enabled
 .text.uart_set_translate_crlf
                0x1008ec44       0x28 CMakeFiles/grumpy2-main.dir/C_/VSARM/sdk/pico/pico-sdk/src/rp2_common/hardware_uart/uart.c.obj
                0x1008ec44                uart_set_translate_crlf
 .text.uart_init
                0x1008ec6c       0x80 CMakeFiles/grumpy2-main.dir/C_/VSARM/sdk/pico/pico-sdk/src/rp2_common/hardware_uart/uart.c.obj
                0x1008ec6c                uart_init
 .text.clock_configure
                0x1008ecec      0x108 CMakeFiles/grumpy2-main.dir/C_/VSARM/sdk/pico/pico-sdk/src/rp2_common/hardware_clocks/clocks.c.obj
                0x1008ecec                clock_configure
 .text.clocks_init
                0x1008edf4      0x100 CMakeFiles/grumpy2-main.dir/C_/VSARM/sdk/pico/pico-sdk/src/rp2_common/hardware_clocks/clocks.c.obj
                0x1008edf4                clocks_init
 .text.clock_get_hz
                0x1008eef4        0xc CMakeFiles/grumpy2-main.dir/C_/VSARM/sdk/pico/pico-sdk/src/rp2_common/hardware_clocks/clocks.c.obj
                0x1008eef4                clock_get_hz
 .text.pll_init
                0x1008ef00      0x120 CMakeFiles/grumpy2-main.dir/C_/VSARM/sdk/pico/pico-sdk/src/rp2_common/hardware_pll/pll.c.obj
                0x1008ef00                pll_init
 .text.watchdog_start_tick
                0x1008f020       0x10 CMakeFiles/grumpy2-main.dir/C_/VSARM/sdk/pico/pico-sdk/src/rp2_common/hardware_watchdog/watchdog.c.obj
                0x1008f020                watchdog_start_tick
 .text.watchdog_update
                0x1008f030       0x14 CMakeFiles/grumpy2-main.dir/C_/VSARM/sdk/pico/pico-sdk/src/rp2_common/hardware_watchdog/watchdog.c.obj
                0x1008f030                watchdog_update
 .text._watchdog_enable
                0x1008f044       0x78 CMakeFiles/grumpy2-main.dir/C_/VSARM/sdk/pico/pico-sdk/src/rp2_common/hardware_watchdog/watchdog.c.obj
                0x1008f044                _watchdog_enable
 .text.watchdog_reboot
                0x1008f0bc       0x48 CMakeFiles/grumpy2-main.dir/C_/VSARM/sdk/pico/pico-sdk/src/rp2_common/hardware_watchdog/watchdog.c.obj
                0x1008f0bc                watchdog_reboot
 .text.xosc_init
                0x1008f104       0x28 CMakeFiles/grumpy2-main.dir/C_/VSARM/sdk/pico/pico-sdk/src/rp2_common/hardware_xosc/xosc.c.obj
                0x1008f104                xosc_init
 .text._exit    0x1008f12c        0x4 CMakeFiles/grumpy2-main.dir/C_/VSARM/sdk/pico/pico-sdk/src/rp2_common/pico_runtime/runtime.c.obj
                0x1008f12c                _exit
 .text._sbrk    0x1008f130       0x38 CMakeFiles/grumpy2-main.dir/C_/VSARM/sdk/pico/pico-sdk/src/rp2_common/pico_runtime/runtime.c.obj
                0x1008f130                _sbrk
 .text.exit     0x1008f168        0x6 CMakeFiles/grumpy2-main.dir/C_/VSARM/sdk/pico/pico-sdk/src/rp2_common/pico_runtime/runtime.c.obj
                0x1008f168                exit
 *fill*         0x1008f16e        0x2 
 .text.__assert_func
                0x1008f170       0x3c CMakeFiles/grumpy2-main.dir/C_/VSARM/sdk/pico/pico-sdk/src/rp2_common/pico_runtime/runtime.c.obj
                0x1008f170                __assert_func
 .text.runtime_init
                0x1008f1ac       0xf8 CMakeFiles/grumpy2-main.dir/C_/VSARM/sdk/pico/pico-sdk/src/rp2_common/pico_runtime/runtime.c.obj
                0x1008f1ac                runtime_init
 .text.panic    0x1008f2a4       0x30 CMakeFiles/grumpy2-main.dir/C_/VSARM/sdk/pico/pico-sdk/src/rp2_common/pico_runtime/runtime.c.obj
                0x1008f2a4                panic
 .text._out_null
                0x1008f2d4        0x2 CMakeFiles/grumpy2-main.dir/C_/VSARM/sdk/pico/pico-sdk/src/rp2_common/pico_printf/printf.c.obj
 .text._out_fct
                0x1008f2d6        0xe CMakeFiles/grumpy2-main.dir/C_/VSARM/sdk/pico/pico-sdk/src/rp2_common/pico_printf/printf.c.obj
 .text._atoi    0x1008f2e4       0x24 CMakeFiles/grumpy2-main.dir/C_/VSARM/sdk/pico/pico-sdk/src/rp2_common/pico_printf/printf.c.obj
 .text._out_rev
                0x1008f308       0xae CMakeFiles/grumpy2-main.dir/C_/VSARM/sdk/pico/pico-sdk/src/rp2_common/pico_printf/printf.c.obj
 .text._ntoa_format
                0x1008f3b6      0x112 CMakeFiles/grumpy2-main.dir/C_/VSARM/sdk/pico/pico-sdk/src/rp2_common/pico_printf/printf.c.obj
 .text._ntoa_long
                0x1008f4c8       0xbc CMakeFiles/grumpy2-main.dir/C_/VSARM/sdk/pico/pico-sdk/src/rp2_common/pico_printf/printf.c.obj
 .text._ntoa_long_long
                0x1008f584       0xe2 CMakeFiles/grumpy2-main.dir/C_/VSARM/sdk/pico/pico-sdk/src/rp2_common/pico_printf/printf.c.obj
 *fill*         0x1008f666        0x2 
 .text._etoa    0x1008f668      0x414 CMakeFiles/grumpy2-main.dir/C_/VSARM/sdk/pico/pico-sdk/src/rp2_common/pico_printf/printf.c.obj
 .text._ftoa    0x1008fa7c      0x354 CMakeFiles/grumpy2-main.dir/C_/VSARM/sdk/pico/pico-sdk/src/rp2_common/pico_printf/printf.c.obj
 .text._vsnprintf
                0x1008fdd0      0x624 CMakeFiles/grumpy2-main.dir/C_/VSARM/sdk/pico/pico-sdk/src/rp2_common/pico_printf/printf.c.obj
 .text.vfctprintf
                0x100903f4       0x20 CMakeFiles/grumpy2-main.dir/C_/VSARM/sdk/pico/pico-sdk/src/rp2_common/pico_printf/printf.c.obj
                0x100903f4                vfctprintf
 .text          0x10090414       0x10 CMakeFiles/grumpy2-main.dir/C_/VSARM/sdk/pico/pico-sdk/src/rp2_common/pico_bit_ops/bit_ops_aeabi.S.obj
 .text.rom_func_lookup
                0x10090424       0x10 CMakeFiles/grumpy2-main.dir/C_/VSARM/sdk/pico/pico-sdk/src/rp2_common/pico_bootrom/bootrom.c.obj
                0x10090424                rom_func_lookup
 .text.rom_data_lookup
                0x10090434       0x10 CMakeFiles/grumpy2-main.dir/C_/VSARM/sdk/pico/pico-sdk/src/rp2_common/pico_bootrom/bootrom.c.obj
                0x10090434                rom_data_lookup
 .text.rom_funcs_lookup
                0x10090444       0x36 CMakeFiles/grumpy2-main.dir/C_/VSARM/sdk/pico/pico-sdk/src/rp2_common/pico_bootrom/bootrom.c.obj
                0x10090444                rom_funcs_lookup
 *fill*         0x1009047a        0x2 
 .text.__wrap___aeabi_idiv
                0x1009047c       0x50 CMakeFiles/grumpy2-main.dir/C_/VSARM/sdk/pico/pico-sdk/src/rp2_common/pico_divider/divider.S.obj
                0x1009047c                __wrap___aeabi_idivmod
                0x1009047c                divmod_s32s32
                0x1009047c                div_s32s32
                0x1009047c                __wrap___aeabi_idiv
                0x10090484                divmod_s32s32_unsafe
                0x100904b0                divmod_s32s32_savestate
 .text.__wrap___aeabi_uidiv
                0x100904cc       0x4c CMakeFiles/grumpy2-main.dir/C_/VSARM/sdk/pico/pico-sdk/src/rp2_common/pico_divider/divider.S.obj
                0x100904cc                __wrap___aeabi_uidiv
                0x100904cc                __wrap___aeabi_uidivmod
                0x100904cc                div_u32u32
                0x100904cc                divmod_u32u32
                0x100904d4                divmod_u32u32_unsafe
                0x100904fc                divmod_u32u32_savestate
 .text.__wrap___aeabi_ldiv
                0x10090518      0x424 CMakeFiles/grumpy2-main.dir/C_/VSARM/sdk/pico/pico-sdk/src/rp2_common/pico_divider/divider.S.obj
                0x10090518                div_s64s64
                0x10090518                divmod_s64s64
                0x10090518                __wrap___aeabi_ldivmod
                0x10090548                divmod_u64u64
                0x10090548                div_u64u64
                0x10090548                __wrap___aeabi_uldivmod
                0x10090558                divmod_u64u64_savestate
                0x10090578                divmod_s64s64_unsafe
                0x10090600                divmod_u64u64_unsafe
 .text.__wrap___aeabi_darithmetic
                0x1009093c       0x80 CMakeFiles/grumpy2-main.dir/C_/VSARM/sdk/pico/pico-sdk/src/rp2_common/pico_double/double_aeabi.S.obj
                0x1009093c                __wrap___aeabi_drsub
                0x10090942                __wrap___aeabi_dsub
                0x10090954                __wrap___aeabi_dadd
                0x10090966                __wrap___aeabi_ddiv
                0x100909a2                __wrap___aeabi_dmul
 .text.__wrap___aeabi_cdcmple
                0x100909bc       0x6c CMakeFiles/grumpy2-main.dir/C_/VSARM/sdk/pico/pico-sdk/src/rp2_common/pico_double/double_aeabi.S.obj
                0x100909bc                __wrap___aeabi_cdrcmple
                0x100909cc                __wrap___aeabi_cdcmpeq
                0x100909cc                __wrap___aeabi_cdcmple
 .text.__wrap___aeabi_dcmplt
                0x10090a28        0xc CMakeFiles/grumpy2-main.dir/C_/VSARM/sdk/pico/pico-sdk/src/rp2_common/pico_double/double_aeabi.S.obj
                0x10090a28                __wrap___aeabi_dcmplt
 .text.__wrap___aeabi_dcmple
                0x10090a34       0x10 CMakeFiles/grumpy2-main.dir/C_/VSARM/sdk/pico/pico-sdk/src/rp2_common/pico_double/double_aeabi.S.obj
                0x10090a34                __wrap___aeabi_dcmple
 .text.__wrap___aeabi_dcmpge
                0x10090a44       0x10 CMakeFiles/grumpy2-main.dir/C_/VSARM/sdk/pico/pico-sdk/src/rp2_common/pico_double/double_aeabi.S.obj
                0x10090a44                __wrap___aeabi_dcmpge
 .text.__wrap___aeabi_dcmpgt
                0x10090a54        0xa CMakeFiles/grumpy2-main.dir/C_/VSARM/sdk/pico/pico-sdk/src/rp2_common/pico_double/double_aeabi.S.obj
                0x10090a54                __wrap___aeabi_dcmpgt
 .text.__wrap___aeabi_dcmpun
                0x10090a5e       0x1c CMakeFiles/grumpy2-main.dir/C_/VSARM/sdk/pico/pico-sdk/src/rp2_common/pico_double/double_aeabi.S.obj
                0x10090a5e                __wrap___aeabi_dcmpun
 *fill*         0x10090a7a        0x2 
 .text.__wrap___aeabi_i2d
                0x10090a7c       0x38 CMakeFiles/grumpy2-main.dir/C_/VSARM/sdk/pico/pico-sdk/src/rp2_common/pico_double/double_aeabi.S.obj
                0x10090a7c                __wrap___aeabi_ui2d
                0x10090a84                __wrap___aeabi_i2d
 .text.__wrap___aeabi_d2iz
                0x10090ab4       0x48 CMakeFiles/grumpy2-main.dir/C_/VSARM/sdk/pico/pico-sdk/src/rp2_common/pico_double/double_aeabi.S.obj
                0x10090ab4                double2int_z
                0x10090ab4                __wrap___aeabi_d2iz
 .text.__wrap___aeabi_d2uiz
                0x10090afc       0x18 CMakeFiles/grumpy2-main.dir/C_/VSARM/sdk/pico/pico-sdk/src/rp2_common/pico_double/double_aeabi.S.obj
                0x10090afc                __wrap___aeabi_d2uiz
                0x10090afc                double2uint
 .text.__aeabi_double_init
                0x10090b14       0xc8 CMakeFiles/grumpy2-main.dir/C_/VSARM/sdk/pico/pico-sdk/src/rp2_common/pico_double/double_init_rom.c.obj
                0x10090b14                __aeabi_double_init
 .text.double_table_shim_on_use_helper
                0x10090bdc       0x34 CMakeFiles/grumpy2-main.dir/C_/VSARM/sdk/pico/pico-sdk/src/rp2_common/pico_double/double_v1_rom_shim.S.obj
                0x10090bdc                double_table_shim_on_use_helper
 .text.__wrap___aeabi_dsub
                0x10090c10       0x10 CMakeFiles/grumpy2-main.dir/C_/VSARM/sdk/pico/pico-sdk/src/rp2_common/pico_double/double_v1_rom_shim.S.obj
                0x10090c10                drsub_shim
                0x10090c16                dsub_shim
 .text.dadd_shim
                0x10090c20      0x15c CMakeFiles/grumpy2-main.dir/C_/VSARM/sdk/pico/pico-sdk/src/rp2_common/pico_double/double_v1_rom_shim.S.obj
                0x10090c20                dadd_shim
 .text.dmul_shim
                0x10090d7c      0x15c CMakeFiles/grumpy2-main.dir/C_/VSARM/sdk/pico/pico-sdk/src/rp2_common/pico_double/double_v1_rom_shim.S.obj
                0x10090d7c                dmul_shim
 .text.ddiv_shim
                0x10090ed8      0x1b0 CMakeFiles/grumpy2-main.dir/C_/VSARM/sdk/pico/pico-sdk/src/rp2_common/pico_double/double_v1_rom_shim.S.obj
                0x10090ed8                ddiv_shim
 .text.double2uint_shim
                0x10091088        0xe CMakeFiles/grumpy2-main.dir/C_/VSARM/sdk/pico/pico-sdk/src/rp2_common/pico_double/double_v1_rom_shim.S.obj
                0x10091088                double2uint_shim
                0x1009108a                double2ufix_shim
 *fill*         0x10091096        0x2 
 .text.double2uint64_shim
                0x10091098       0x70 CMakeFiles/grumpy2-main.dir/C_/VSARM/sdk/pico/pico-sdk/src/rp2_common/pico_double/double_v1_rom_shim.S.obj
                0x10091098                double2uint64_shim
                0x1009109a                double2ufix64_shim
                0x100910ba                d2fix_a
 .text.dunpacks
                0x10091108       0x3c CMakeFiles/grumpy2-main.dir/C_/VSARM/sdk/pico/pico-sdk/src/rp2_common/pico_double/double_v1_rom_shim.S.obj
                0x10091108                dunpacks
 .text.__aeabi_lmul
                0x10091144       0x32 CMakeFiles/grumpy2-main.dir/C_/VSARM/sdk/pico/pico-sdk/src/rp2_common/pico_int64_ops/pico_int64_ops_aeabi.S.obj
                0x10091144                __wrap___aeabi_lmul
 *fill*         0x10091176        0x2 
 .text.__wrap___aeabi_farithmetic
                0x10091178       0x58 CMakeFiles/grumpy2-main.dir/C_/VSARM/sdk/pico/pico-sdk/src/rp2_common/pico_float/float_aeabi.S.obj
                0x10091178                __wrap___aeabi_frsub
                0x1009117e                __wrap___aeabi_fsub
                0x10091188                __wrap___aeabi_fadd
                0x10091192                __wrap___aeabi_fdiv
                0x100911be                __wrap___aeabi_fmul
 .text.__wrap___aeabi_cfcmple
                0x100911d0       0x50 CMakeFiles/grumpy2-main.dir/C_/VSARM/sdk/pico/pico-sdk/src/rp2_common/pico_float/float_aeabi.S.obj
                0x100911d0                __wrap___aeabi_cfrcmple
                0x100911dc                __wrap___aeabi_cfcmple
                0x100911dc                __wrap___aeabi_cfcmpeq
 .text.__wrap___aeabi_fcmpgt
                0x10091220        0xa CMakeFiles/grumpy2-main.dir/C_/VSARM/sdk/pico/pico-sdk/src/rp2_common/pico_float/float_aeabi.S.obj
                0x10091220                __wrap___aeabi_fcmpgt
 .text.__wrap___aeabi_ui2f
                0x1009122a        0xa CMakeFiles/grumpy2-main.dir/C_/VSARM/sdk/pico/pico-sdk/src/rp2_common/pico_float/float_aeabi.S.obj
                0x1009122a                __wrap___aeabi_ui2f
 .text.__wrap___aeabi_i2f
                0x10091234       0x44 CMakeFiles/grumpy2-main.dir/C_/VSARM/sdk/pico/pico-sdk/src/rp2_common/pico_float/float_aeabi.S.obj
                0x10091234                __wrap___aeabi_i2f
 .text.__wrap___aeabi_f2iz
                0x10091278       0x4e CMakeFiles/grumpy2-main.dir/C_/VSARM/sdk/pico/pico-sdk/src/rp2_common/pico_float/float_aeabi.S.obj
                0x10091278                float2int_z
                0x10091278                __wrap___aeabi_f2iz
 *fill*         0x100912c6        0x2 
 .text.float2int
                0x100912c8       0x14 CMakeFiles/grumpy2-main.dir/C_/VSARM/sdk/pico/pico-sdk/src/rp2_common/pico_float/float_aeabi.S.obj
                0x100912c8                float2int
 .text.__wrap___aeabi_f2uiz
                0x100912dc       0x10 CMakeFiles/grumpy2-main.dir/C_/VSARM/sdk/pico/pico-sdk/src/rp2_common/pico_float/float_aeabi.S.obj
                0x100912dc                __wrap___aeabi_f2uiz
 .text.__wrap___aeabi_f2d
                0x100912ec       0x14 CMakeFiles/grumpy2-main.dir/C_/VSARM/sdk/pico/pico-sdk/src/rp2_common/pico_float/float_aeabi.S.obj
                0x100912ec                __wrap___aeabi_f2d
 .text.__aeabi_float_init
                0x10091300       0xfc CMakeFiles/grumpy2-main.dir/C_/VSARM/sdk/pico/pico-sdk/src/rp2_common/pico_float/float_init_rom.c.obj
                0x10091300                __aeabi_float_init
 .text.float_table_shim_on_use_helper
                0x100913fc       0x34 CMakeFiles/grumpy2-main.dir/C_/VSARM/sdk/pico/pico-sdk/src/rp2_common/pico_float/float_v1_rom_shim.S.obj
                0x100913fc                float_table_shim_on_use_helper
 .text.float232_shims
                0x10091430       0x18 CMakeFiles/grumpy2-main.dir/C_/VSARM/sdk/pico/pico-sdk/src/rp2_common/pico_float/float_v1_rom_shim.S.obj
                0x10091430                float2int_shim
                0x10091432                float2fix_shim
 .text.float2double_shim
                0x10091448       0x30 CMakeFiles/grumpy2-main.dir/C_/VSARM/sdk/pico/pico-sdk/src/rp2_common/pico_float/float_v1_rom_shim.S.obj
                0x10091448                float2double_shim
 .text.__wrap_malloc
                0x10091478       0x3c CMakeFiles/grumpy2-main.dir/C_/VSARM/sdk/pico/pico-sdk/src/rp2_common/pico_malloc/pico_malloc.c.obj
                0x10091478                __wrap_malloc
 .text.__wrap_realloc
                0x100914b4       0x40 CMakeFiles/grumpy2-main.dir/C_/VSARM/sdk/pico/pico-sdk/src/rp2_common/pico_malloc/pico_malloc.c.obj
                0x100914b4                __wrap_realloc
 .text          0x100914f4       0x10 CMakeFiles/grumpy2-main.dir/C_/VSARM/sdk/pico/pico-sdk/src/rp2_common/pico_mem_ops/mem_ops_aeabi.S.obj
                0x100914f4                __aeabi_mem_init
 .text.memset   0x10091504        0xc CMakeFiles/grumpy2-main.dir/C_/VSARM/sdk/pico/pico-sdk/src/rp2_common/pico_mem_ops/mem_ops_aeabi.S.obj
                0x10091504                __wrap_memset
 .text.memcpy   0x10091510        0xc CMakeFiles/grumpy2-main.dir/C_/VSARM/sdk/pico/pico-sdk/src/rp2_common/pico_mem_ops/mem_ops_aeabi.S.obj
                0x10091510                __wrap_memcpy
                0x10091510                __wrap___aeabi_memcpy
 .text.stdio_out_chars_no_crlf
                0x1009151c        0xe CMakeFiles/grumpy2-main.dir/C_/VSARM/sdk/pico/pico-sdk/src/rp2_common/pico_stdio/stdio.c.obj
 *fill*         0x1009152a        0x2 
 .text.stdio_out_chars_crlf
                0x1009152c       0x80 CMakeFiles/grumpy2-main.dir/C_/VSARM/sdk/pico/pico-sdk/src/rp2_common/pico_stdio/stdio.c.obj
 .text.stdio_stack_buffer_flush
                0x100915ac       0x44 CMakeFiles/grumpy2-main.dir/C_/VSARM/sdk/pico/pico-sdk/src/rp2_common/pico_stdio/stdio.c.obj
 .text.stdio_buffered_printer
                0x100915f0       0x20 CMakeFiles/grumpy2-main.dir/C_/VSARM/sdk/pico/pico-sdk/src/rp2_common/pico_stdio/stdio.c.obj
 .text.stdout_serialize_begin
                0x10091610       0x5c CMakeFiles/grumpy2-main.dir/C_/VSARM/sdk/pico/pico-sdk/src/rp2_common/pico_stdio/stdio.c.obj
                0x10091610                stdout_serialize_begin
 .text.stdout_serialize_end
                0x1009166c       0x10 CMakeFiles/grumpy2-main.dir/C_/VSARM/sdk/pico/pico-sdk/src/rp2_common/pico_stdio/stdio.c.obj
                0x1009166c                stdout_serialize_end
 .text.stdio_put_string
                0x1009167c       0x98 CMakeFiles/grumpy2-main.dir/C_/VSARM/sdk/pico/pico-sdk/src/rp2_common/pico_stdio/stdio.c.obj
 .text.stdio_set_driver_enabled
                0x10091714       0x2c CMakeFiles/grumpy2-main.dir/C_/VSARM/sdk/pico/pico-sdk/src/rp2_common/pico_stdio/stdio.c.obj
                0x10091714                stdio_set_driver_enabled
 .text.stdio_flush
                0x10091740       0x20 CMakeFiles/grumpy2-main.dir/C_/VSARM/sdk/pico/pico-sdk/src/rp2_common/pico_stdio/stdio.c.obj
                0x10091740                stdio_flush
 .text.__wrap_puts
                0x10091760       0x1e CMakeFiles/grumpy2-main.dir/C_/VSARM/sdk/pico/pico-sdk/src/rp2_common/pico_stdio/stdio.c.obj
                0x10091760                __wrap_puts
 *fill*         0x1009177e        0x2 
 .text.__wrap_vprintf
                0x10091780       0x40 CMakeFiles/grumpy2-main.dir/C_/VSARM/sdk/pico/pico-sdk/src/rp2_common/pico_stdio/stdio.c.obj
                0x10091780                __wrap_vprintf
 .text.__wrap_printf
                0x100917c0       0x18 CMakeFiles/grumpy2-main.dir/C_/VSARM/sdk/pico/pico-sdk/src/rp2_common/pico_stdio/stdio.c.obj
                0x100917c0                __wrap_printf
 .text.stdio_init_all
                0x100917d8        0x8 CMakeFiles/grumpy2-main.dir/C_/VSARM/sdk/pico/pico-sdk/src/rp2_common/pico_stdio/stdio.c.obj
                0x100917d8                stdio_init_all
 .text.resetd_init
                0x100917e0        0x2 CMakeFiles/grumpy2-main.dir/C_/VSARM/sdk/pico/pico-sdk/src/rp2_common/pico_stdio_usb/reset_interface.c.obj
 *fill*         0x100917e2        0x2 
 .text.resetd_reset
                0x100917e4        0xc CMakeFiles/grumpy2-main.dir/C_/VSARM/sdk/pico/pico-sdk/src/rp2_common/pico_stdio_usb/reset_interface.c.obj
 .text.resetd_open
                0x100917f0       0x34 CMakeFiles/grumpy2-main.dir/C_/VSARM/sdk/pico/pico-sdk/src/rp2_common/pico_stdio_usb/reset_interface.c.obj
 .text.resetd_xfer_cb
                0x10091824        0x4 CMakeFiles/grumpy2-main.dir/C_/VSARM/sdk/pico/pico-sdk/src/rp2_common/pico_stdio_usb/reset_interface.c.obj
 .text.reset_usb_boot
                0x10091828       0x18 CMakeFiles/grumpy2-main.dir/C_/VSARM/sdk/pico/pico-sdk/src/rp2_common/pico_stdio_usb/reset_interface.c.obj
 .text.resetd_control_xfer_cb
                0x10091840       0x5c CMakeFiles/grumpy2-main.dir/C_/VSARM/sdk/pico/pico-sdk/src/rp2_common/pico_stdio_usb/reset_interface.c.obj
 .text.usbd_app_driver_get_cb
                0x1009189c        0xc CMakeFiles/grumpy2-main.dir/C_/VSARM/sdk/pico/pico-sdk/src/rp2_common/pico_stdio_usb/reset_interface.c.obj
                0x1009189c                usbd_app_driver_get_cb
 .text.tud_cdc_line_coding_cb
                0x100918a8       0x28 CMakeFiles/grumpy2-main.dir/C_/VSARM/sdk/pico/pico-sdk/src/rp2_common/pico_stdio_usb/reset_interface.c.obj
                0x100918a8                tud_cdc_line_coding_cb
 .text.stdio_usb_set_chars_available_callback
                0x100918d0       0x14 CMakeFiles/grumpy2-main.dir/C_/VSARM/sdk/pico/pico-sdk/src/rp2_common/pico_stdio_usb/stdio_usb.c.obj
                0x100918d0                stdio_usb_set_chars_available_callback
 .text.usb_irq  0x100918e4       0x10 CMakeFiles/grumpy2-main.dir/C_/VSARM/sdk/pico/pico-sdk/src/rp2_common/pico_stdio_usb/stdio_usb.c.obj
 .text.timer_task
                0x100918f4       0x5c CMakeFiles/grumpy2-main.dir/C_/VSARM/sdk/pico/pico-sdk/src/rp2_common/pico_stdio_usb/stdio_usb.c.obj
 .text.low_priority_worker_irq
                0x10091950       0xdc CMakeFiles/grumpy2-main.dir/C_/VSARM/sdk/pico/pico-sdk/src/rp2_common/pico_stdio_usb/stdio_usb.c.obj
 .text.tud_cdc_rx_cb
                0x10091a2c       0x20 CMakeFiles/grumpy2-main.dir/C_/VSARM/sdk/pico/pico-sdk/src/rp2_common/pico_stdio_usb/stdio_usb.c.obj
                0x10091a2c                tud_cdc_rx_cb
 .text.stdio_usb_init
                0x10091a4c      0x11c CMakeFiles/grumpy2-main.dir/C_/VSARM/sdk/pico/pico-sdk/src/rp2_common/pico_stdio_usb/stdio_usb.c.obj
                0x10091a4c                stdio_usb_init
 .text.stdio_usb_connected
                0x10091b68        0xa CMakeFiles/grumpy2-main.dir/C_/VSARM/sdk/pico/pico-sdk/src/rp2_common/pico_stdio_usb/stdio_usb.c.obj
                0x10091b68                stdio_usb_connected
 *fill*         0x10091b72        0x2 
 .text.stdio_usb_in_chars
                0x10091b74       0xc4 CMakeFiles/grumpy2-main.dir/C_/VSARM/sdk/pico/pico-sdk/src/rp2_common/pico_stdio_usb/stdio_usb.c.obj
                0x10091b74                stdio_usb_in_chars
 .text.stdio_usb_out_chars
                0x10091c38      0x114 CMakeFiles/grumpy2-main.dir/C_/VSARM/sdk/pico/pico-sdk/src/rp2_common/pico_stdio_usb/stdio_usb.c.obj
 .text.tud_descriptor_device_cb
                0x10091d4c        0x8 CMakeFiles/grumpy2-main.dir/C_/VSARM/sdk/pico/pico-sdk/src/rp2_common/pico_stdio_usb/stdio_usb_descriptors.c.obj
                0x10091d4c                tud_descriptor_device_cb
 .text.tud_descriptor_configuration_cb
                0x10091d54        0x8 CMakeFiles/grumpy2-main.dir/C_/VSARM/sdk/pico/pico-sdk/src/rp2_common/pico_stdio_usb/stdio_usb_descriptors.c.obj
                0x10091d54                tud_descriptor_configuration_cb
 .text.tud_descriptor_string_cb
                0x10091d5c       0x6c CMakeFiles/grumpy2-main.dir/C_/VSARM/sdk/pico/pico-sdk/src/rp2_common/pico_stdio_usb/stdio_usb_descriptors.c.obj
                0x10091d5c                tud_descriptor_string_cb
 .text._retrieve_unique_id_on_boot
                0x10091dc8       0x10 CMakeFiles/grumpy2-main.dir/C_/VSARM/sdk/pico/pico-sdk/src/rp2_common/pico_unique_id/unique_id.c.obj
 .text.pico_get_unique_board_id_string
                0x10091dd8       0x60 CMakeFiles/grumpy2-main.dir/C_/VSARM/sdk/pico/pico-sdk/src/rp2_common/pico_unique_id/unique_id.c.obj
                0x10091dd8                pico_get_unique_board_id_string
 .text.flash_get_unique_id
                0x10091e38       0x46 CMakeFiles/grumpy2-main.dir/C_/VSARM/sdk/pico/pico-sdk/src/rp2_common/hardware_flash/flash.c.obj
                0x10091e38                flash_get_unique_id
 *fill*         0x10091e7e        0x2 
 .text.hw_endpoint_get_by_addr
                0x10091e80       0x18 CMakeFiles/grumpy2-main.dir/C_/VSARM/sdk/pico/pico-sdk/lib/tinyusb/src/portable/raspberrypi/rp2040/dcd_rp2040.c.obj
 .text._hw_endpoint_alloc
                0x10091e98       0x70 CMakeFiles/grumpy2-main.dir/C_/VSARM/sdk/pico/pico-sdk/lib/tinyusb/src/portable/raspberrypi/rp2040/dcd_rp2040.c.obj
 .text.hw_endpoint_init
                0x10091f08       0x88 CMakeFiles/grumpy2-main.dir/C_/VSARM/sdk/pico/pico-sdk/lib/tinyusb/src/portable/raspberrypi/rp2040/dcd_rp2040.c.obj
 .text.hw_endpoint_xfer
                0x10091f90       0x14 CMakeFiles/grumpy2-main.dir/C_/VSARM/sdk/pico/pico-sdk/lib/tinyusb/src/portable/raspberrypi/rp2040/dcd_rp2040.c.obj
 .text.dcd_int_enable
                0x10091fa4       0x2c CMakeFiles/grumpy2-main.dir/C_/VSARM/sdk/pico/pico-sdk/lib/tinyusb/src/portable/raspberrypi/rp2040/dcd_rp2040.c.obj
                0x10091fa4                dcd_int_enable
 .text.dcd_set_address
                0x10091fd0       0x2c CMakeFiles/grumpy2-main.dir/C_/VSARM/sdk/pico/pico-sdk/lib/tinyusb/src/portable/raspberrypi/rp2040/dcd_rp2040.c.obj
                0x10091fd0                dcd_set_address
 .text.dcd_connect
                0x10091ffc       0x10 CMakeFiles/grumpy2-main.dir/C_/VSARM/sdk/pico/pico-sdk/lib/tinyusb/src/portable/raspberrypi/rp2040/dcd_rp2040.c.obj
                0x10091ffc                dcd_connect
 .text.dcd_init
                0x1009200c       0x80 CMakeFiles/grumpy2-main.dir/C_/VSARM/sdk/pico/pico-sdk/lib/tinyusb/src/portable/raspberrypi/rp2040/dcd_rp2040.c.obj
                0x1009200c                dcd_init
 .text.dcd_edpt0_status_complete
                0x1009208c       0x1c CMakeFiles/grumpy2-main.dir/C_/VSARM/sdk/pico/pico-sdk/lib/tinyusb/src/portable/raspberrypi/rp2040/dcd_rp2040.c.obj
                0x1009208c                dcd_edpt0_status_complete
 .text.dcd_edpt_open
                0x100920a8       0x40 CMakeFiles/grumpy2-main.dir/C_/VSARM/sdk/pico/pico-sdk/lib/tinyusb/src/portable/raspberrypi/rp2040/dcd_rp2040.c.obj
                0x100920a8                dcd_edpt_open
 .text.dcd_edpt_close_all
                0x100920e8        0x8 CMakeFiles/grumpy2-main.dir/C_/VSARM/sdk/pico/pico-sdk/lib/tinyusb/src/portable/raspberrypi/rp2040/dcd_rp2040.c.obj
                0x100920e8                dcd_edpt_close_all
 .text.dcd_edpt_xfer
                0x100920f0       0x34 CMakeFiles/grumpy2-main.dir/C_/VSARM/sdk/pico/pico-sdk/lib/tinyusb/src/portable/raspberrypi/rp2040/dcd_rp2040.c.obj
                0x100920f0                dcd_edpt_xfer
 .text.dcd_edpt_stall
                0x10092124       0x2c CMakeFiles/grumpy2-main.dir/C_/VSARM/sdk/pico/pico-sdk/lib/tinyusb/src/portable/raspberrypi/rp2040/dcd_rp2040.c.obj
                0x10092124                dcd_edpt_stall
 .text.dcd_edpt_clear_stall
                0x10092150       0x20 CMakeFiles/grumpy2-main.dir/C_/VSARM/sdk/pico/pico-sdk/lib/tinyusb/src/portable/raspberrypi/rp2040/dcd_rp2040.c.obj
                0x10092150                dcd_edpt_clear_stall
 .text.rp2040_usb_init
                0x10092170       0x4c CMakeFiles/grumpy2-main.dir/C_/VSARM/sdk/pico/pico-sdk/lib/tinyusb/src/portable/raspberrypi/rp2040/rp2040_usb.c.obj
                0x10092170                rp2040_usb_init
 .text.hw_endpoint_xfer_start
                0x100921bc       0x50 CMakeFiles/grumpy2-main.dir/C_/VSARM/sdk/pico/pico-sdk/lib/tinyusb/src/portable/raspberrypi/rp2040/rp2040_usb.c.obj
                0x100921bc                hw_endpoint_xfer_start
 .text.configuration_reset
                0x1009220c       0x84 CMakeFiles/grumpy2-main.dir/C_/VSARM/sdk/pico/pico-sdk/lib/tinyusb/src/device/usbd.c.obj
 .text.usbd_reset
                0x10092290        0xc CMakeFiles/grumpy2-main.dir/C_/VSARM/sdk/pico/pico-sdk/lib/tinyusb/src/device/usbd.c.obj
 .text.invoke_class_control
                0x1009229c       0x1a CMakeFiles/grumpy2-main.dir/C_/VSARM/sdk/pico/pico-sdk/lib/tinyusb/src/device/usbd.c.obj
 *fill*         0x100922b6        0x2 
 .text.process_set_config
                0x100922b8      0x178 CMakeFiles/grumpy2-main.dir/C_/VSARM/sdk/pico/pico-sdk/lib/tinyusb/src/device/usbd.c.obj
 .text.process_get_descriptor
                0x10092430       0xdc CMakeFiles/grumpy2-main.dir/C_/VSARM/sdk/pico/pico-sdk/lib/tinyusb/src/device/usbd.c.obj
 .text.tud_mounted
                0x1009250c       0x10 CMakeFiles/grumpy2-main.dir/C_/VSARM/sdk/pico/pico-sdk/lib/tinyusb/src/device/usbd.c.obj
                0x1009250c                tud_mounted
 .text.tud_suspended
                0x1009251c       0x10 CMakeFiles/grumpy2-main.dir/C_/VSARM/sdk/pico/pico-sdk/lib/tinyusb/src/device/usbd.c.obj
                0x1009251c                tud_suspended
 .text.tud_inited
                0x1009252c       0x14 CMakeFiles/grumpy2-main.dir/C_/VSARM/sdk/pico/pico-sdk/lib/tinyusb/src/device/usbd.c.obj
                0x1009252c                tud_inited
 .text.tud_init
                0x10092540       0xcc CMakeFiles/grumpy2-main.dir/C_/VSARM/sdk/pico/pico-sdk/lib/tinyusb/src/device/usbd.c.obj
                0x10092540                tud_init
 .text.usbd_defer_func
                0x1009260c       0x2a CMakeFiles/grumpy2-main.dir/C_/VSARM/sdk/pico/pico-sdk/lib/tinyusb/src/device/usbd.c.obj
                0x1009260c                usbd_defer_func
 *fill*         0x10092636        0x2 
 .text.usbd_edpt_open
                0x10092638       0x34 CMakeFiles/grumpy2-main.dir/C_/VSARM/sdk/pico/pico-sdk/lib/tinyusb/src/device/usbd.c.obj
                0x10092638                usbd_edpt_open
 .text.usbd_open_edpt_pair
                0x1009266c       0x62 CMakeFiles/grumpy2-main.dir/C_/VSARM/sdk/pico/pico-sdk/lib/tinyusb/src/device/usbd.c.obj
                0x1009266c                usbd_open_edpt_pair
 *fill*         0x100926ce        0x2 
 .text.usbd_edpt_claim
                0x100926d0       0x28 CMakeFiles/grumpy2-main.dir/C_/VSARM/sdk/pico/pico-sdk/lib/tinyusb/src/device/usbd.c.obj
                0x100926d0                usbd_edpt_claim
 .text.usbd_edpt_release
                0x100926f8       0x28 CMakeFiles/grumpy2-main.dir/C_/VSARM/sdk/pico/pico-sdk/lib/tinyusb/src/device/usbd.c.obj
                0x100926f8                usbd_edpt_release
 .text.usbd_edpt_xfer
                0x10092720       0x78 CMakeFiles/grumpy2-main.dir/C_/VSARM/sdk/pico/pico-sdk/lib/tinyusb/src/device/usbd.c.obj
                0x10092720                usbd_edpt_xfer
 .text.usbd_edpt_stall
                0x10092798       0x48 CMakeFiles/grumpy2-main.dir/C_/VSARM/sdk/pico/pico-sdk/lib/tinyusb/src/device/usbd.c.obj
                0x10092798                usbd_edpt_stall
 .text.usbd_edpt_clear_stall
                0x100927e0       0x48 CMakeFiles/grumpy2-main.dir/C_/VSARM/sdk/pico/pico-sdk/lib/tinyusb/src/device/usbd.c.obj
                0x100927e0                usbd_edpt_clear_stall
 .text.usbd_edpt_stalled
                0x10092828       0x1c CMakeFiles/grumpy2-main.dir/C_/VSARM/sdk/pico/pico-sdk/lib/tinyusb/src/device/usbd.c.obj
                0x10092828                usbd_edpt_stalled
 .text.process_control_request
                0x10092844      0x37c CMakeFiles/grumpy2-main.dir/C_/VSARM/sdk/pico/pico-sdk/lib/tinyusb/src/device/usbd.c.obj
 .text.tud_task_ext
                0x10092bc0      0x1b8 CMakeFiles/grumpy2-main.dir/C_/VSARM/sdk/pico/pico-sdk/lib/tinyusb/src/device/usbd.c.obj
                0x10092bc0                tud_task_ext
 .text._data_stage_xact
                0x10092d78       0x58 CMakeFiles/grumpy2-main.dir/C_/VSARM/sdk/pico/pico-sdk/lib/tinyusb/src/device/usbd_control.c.obj
 .text.tud_control_status
                0x10092dd0       0x38 CMakeFiles/grumpy2-main.dir/C_/VSARM/sdk/pico/pico-sdk/lib/tinyusb/src/device/usbd_control.c.obj
                0x10092dd0                tud_control_status
 .text.tud_control_xfer
                0x10092e08       0x74 CMakeFiles/grumpy2-main.dir/C_/VSARM/sdk/pico/pico-sdk/lib/tinyusb/src/device/usbd_control.c.obj
                0x10092e08                tud_control_xfer
 .text.usbd_control_reset
                0x10092e7c       0x14 CMakeFiles/grumpy2-main.dir/C_/VSARM/sdk/pico/pico-sdk/lib/tinyusb/src/device/usbd_control.c.obj
                0x10092e7c                usbd_control_reset
 .text.usbd_control_set_complete_callback
                0x10092e90        0xc CMakeFiles/grumpy2-main.dir/C_/VSARM/sdk/pico/pico-sdk/lib/tinyusb/src/device/usbd_control.c.obj
                0x10092e90                usbd_control_set_complete_callback
 .text.usbd_control_set_request
                0x10092e9c       0x1c CMakeFiles/grumpy2-main.dir/C_/VSARM/sdk/pico/pico-sdk/lib/tinyusb/src/device/usbd_control.c.obj
                0x10092e9c                usbd_control_set_request
 .text.usbd_control_xfer_cb
                0x10092eb8       0xcc CMakeFiles/grumpy2-main.dir/C_/VSARM/sdk/pico/pico-sdk/lib/tinyusb/src/device/usbd_control.c.obj
                0x10092eb8                usbd_control_xfer_cb
 .text._prep_out_transaction
                0x10092f84       0x4a CMakeFiles/grumpy2-main.dir/C_/VSARM/sdk/pico/pico-sdk/lib/tinyusb/src/class/cdc/cdc_device.c.obj
 *fill*         0x10092fce        0x2 
 .text.tud_cdc_n_connected
                0x10092fd0       0x44 CMakeFiles/grumpy2-main.dir/C_/VSARM/sdk/pico/pico-sdk/lib/tinyusb/src/class/cdc/cdc_device.c.obj
                0x10092fd0                tud_cdc_n_connected
 .text.tud_cdc_n_available
                0x10093014       0x18 CMakeFiles/grumpy2-main.dir/C_/VSARM/sdk/pico/pico-sdk/lib/tinyusb/src/class/cdc/cdc_device.c.obj
                0x10093014                tud_cdc_n_available
 .text.tud_cdc_n_read
                0x1009302c       0x28 CMakeFiles/grumpy2-main.dir/C_/VSARM/sdk/pico/pico-sdk/lib/tinyusb/src/class/cdc/cdc_device.c.obj
                0x1009302c                tud_cdc_n_read
 .text.tud_cdc_n_write_flush
                0x10093054       0xb8 CMakeFiles/grumpy2-main.dir/C_/VSARM/sdk/pico/pico-sdk/lib/tinyusb/src/class/cdc/cdc_device.c.obj
                0x10093054                tud_cdc_n_write_flush
 .text.tud_cdc_n_write
                0x1009310c       0x38 CMakeFiles/grumpy2-main.dir/C_/VSARM/sdk/pico/pico-sdk/lib/tinyusb/src/class/cdc/cdc_device.c.obj
                0x1009310c                tud_cdc_n_write
 .text.tud_cdc_n_write_available
                0x10093144       0x1c CMakeFiles/grumpy2-main.dir/C_/VSARM/sdk/pico/pico-sdk/lib/tinyusb/src/class/cdc/cdc_device.c.obj
                0x10093144                tud_cdc_n_write_available
 .text.cdcd_init
                0x10093160       0xbc CMakeFiles/grumpy2-main.dir/C_/VSARM/sdk/pico/pico-sdk/lib/tinyusb/src/class/cdc/cdc_device.c.obj
                0x10093160                cdcd_init
 .text.cdcd_reset
                0x1009321c       0x44 CMakeFiles/grumpy2-main.dir/C_/VSARM/sdk/pico/pico-sdk/lib/tinyusb/src/class/cdc/cdc_device.c.obj
                0x1009321c                cdcd_reset
 .text.cdcd_open
                0x10093260       0xcc CMakeFiles/grumpy2-main.dir/C_/VSARM/sdk/pico/pico-sdk/lib/tinyusb/src/class/cdc/cdc_device.c.obj
                0x10093260                cdcd_open
 .text.cdcd_control_xfer_cb
                0x1009332c      0x134 CMakeFiles/grumpy2-main.dir/C_/VSARM/sdk/pico/pico-sdk/lib/tinyusb/src/class/cdc/cdc_device.c.obj
                0x1009332c                cdcd_control_xfer_cb
 .text.cdcd_xfer_cb
                0x10093460      0x130 CMakeFiles/grumpy2-main.dir/C_/VSARM/sdk/pico/pico-sdk/lib/tinyusb/src/class/cdc/cdc_device.c.obj
                0x10093460                cdcd_xfer_cb
 .text.tusb_init
                0x10093590        0xa CMakeFiles/grumpy2-main.dir/C_/VSARM/sdk/pico/pico-sdk/lib/tinyusb/src/tusb.c.obj
                0x10093590                tusb_init
 .text.tusb_inited
                0x1009359a        0xe CMakeFiles/grumpy2-main.dir/C_/VSARM/sdk/pico/pico-sdk/lib/tinyusb/src/tusb.c.obj
                0x1009359a                tusb_inited
 .text.tu_edpt_claim
                0x100935a8       0x50 CMakeFiles/grumpy2-main.dir/C_/VSARM/sdk/pico/pico-sdk/lib/tinyusb/src/tusb.c.obj
                0x100935a8                tu_edpt_claim
 .text.tu_edpt_release
                0x100935f8       0x3c CMakeFiles/grumpy2-main.dir/C_/VSARM/sdk/pico/pico-sdk/lib/tinyusb/src/tusb.c.obj
                0x100935f8                tu_edpt_release
 .text.tu_edpt_validate
                0x10093634       0x78 CMakeFiles/grumpy2-main.dir/C_/VSARM/sdk/pico/pico-sdk/lib/tinyusb/src/tusb.c.obj
                0x10093634                tu_edpt_validate
 .text.tu_edpt_bind_driver
                0x100936ac       0x26 CMakeFiles/grumpy2-main.dir/C_/VSARM/sdk/pico/pico-sdk/lib/tinyusb/src/tusb.c.obj
                0x100936ac                tu_edpt_bind_driver
 .text.advance_index
                0x100936d2       0x1a CMakeFiles/grumpy2-main.dir/C_/VSARM/sdk/pico/pico-sdk/lib/tinyusb/src/common/tusb_fifo.c.obj
 .text._tu_fifo_peek
                0x100936ec       0x56 CMakeFiles/grumpy2-main.dir/C_/VSARM/sdk/pico/pico-sdk/lib/tinyusb/src/common/tusb_fifo.c.obj
 .text._ff_pull_const_addr
                0x10093742       0x4c CMakeFiles/grumpy2-main.dir/C_/VSARM/sdk/pico/pico-sdk/lib/tinyusb/src/common/tusb_fifo.c.obj
 .text._ff_pull_n
                0x1009378e      0x110 CMakeFiles/grumpy2-main.dir/C_/VSARM/sdk/pico/pico-sdk/lib/tinyusb/src/common/tusb_fifo.c.obj
 .text._tu_fifo_peek_n
                0x1009389e       0x6a CMakeFiles/grumpy2-main.dir/C_/VSARM/sdk/pico/pico-sdk/lib/tinyusb/src/common/tusb_fifo.c.obj
 .text._tu_fifo_read_n
                0x10093908       0x4e CMakeFiles/grumpy2-main.dir/C_/VSARM/sdk/pico/pico-sdk/lib/tinyusb/src/common/tusb_fifo.c.obj
 .text._ff_push_const_addr
                0x10093956       0x40 CMakeFiles/grumpy2-main.dir/C_/VSARM/sdk/pico/pico-sdk/lib/tinyusb/src/common/tusb_fifo.c.obj
 .text._ff_push_n
                0x10093996      0x10c CMakeFiles/grumpy2-main.dir/C_/VSARM/sdk/pico/pico-sdk/lib/tinyusb/src/common/tusb_fifo.c.obj
 .text._tu_fifo_write_n
                0x10093aa2       0xf0 CMakeFiles/grumpy2-main.dir/C_/VSARM/sdk/pico/pico-sdk/lib/tinyusb/src/common/tusb_fifo.c.obj
 .text.tu_fifo_config
                0x10093b92       0x7c CMakeFiles/grumpy2-main.dir/C_/VSARM/sdk/pico/pico-sdk/lib/tinyusb/src/common/tusb_fifo.c.obj
                0x10093b92                tu_fifo_config
 .text.tu_fifo_count
                0x10093c0e       0x2a CMakeFiles/grumpy2-main.dir/C_/VSARM/sdk/pico/pico-sdk/lib/tinyusb/src/common/tusb_fifo.c.obj
                0x10093c0e                tu_fifo_count
 .text.tu_fifo_empty
                0x10093c38       0x10 CMakeFiles/grumpy2-main.dir/C_/VSARM/sdk/pico/pico-sdk/lib/tinyusb/src/common/tusb_fifo.c.obj
                0x10093c38                tu_fifo_empty
 .text.tu_fifo_full
                0x10093c48       0x28 CMakeFiles/grumpy2-main.dir/C_/VSARM/sdk/pico/pico-sdk/lib/tinyusb/src/common/tusb_fifo.c.obj
                0x10093c48                tu_fifo_full
 .text.tu_fifo_remaining
                0x10093c70       0x2c CMakeFiles/grumpy2-main.dir/C_/VSARM/sdk/pico/pico-sdk/lib/tinyusb/src/common/tusb_fifo.c.obj
                0x10093c70                tu_fifo_remaining
 .text.tu_fifo_read
                0x10093c9c       0x42 CMakeFiles/grumpy2-main.dir/C_/VSARM/sdk/pico/pico-sdk/lib/tinyusb/src/common/tusb_fifo.c.obj
                0x10093c9c                tu_fifo_read
 .text.tu_fifo_read_n
                0x10093cde        0xa CMakeFiles/grumpy2-main.dir/C_/VSARM/sdk/pico/pico-sdk/lib/tinyusb/src/common/tusb_fifo.c.obj
                0x10093cde                tu_fifo_read_n
 .text.tu_fifo_write
                0x10093ce8       0x64 CMakeFiles/grumpy2-main.dir/C_/VSARM/sdk/pico/pico-sdk/lib/tinyusb/src/common/tusb_fifo.c.obj
                0x10093ce8                tu_fifo_write
 .text.tu_fifo_write_n
                0x10093d4c        0xa CMakeFiles/grumpy2-main.dir/C_/VSARM/sdk/pico/pico-sdk/lib/tinyusb/src/common/tusb_fifo.c.obj
                0x10093d4c                tu_fifo_write_n
 .text.tu_fifo_clear
                0x10093d56       0x3e CMakeFiles/grumpy2-main.dir/C_/VSARM/sdk/pico/pico-sdk/lib/tinyusb/src/common/tusb_fifo.c.obj
                0x10093d56                tu_fifo_clear
 .text.tu_fifo_set_overwritable
                0x10093d94       0x46 CMakeFiles/grumpy2-main.dir/C_/VSARM/sdk/pico/pico-sdk/lib/tinyusb/src/common/tusb_fifo.c.obj
                0x10093d94                tu_fifo_set_overwritable
 .text.core1_trampoline
                0x10093dda        0x2 CMakeFiles/grumpy2-main.dir/C_/VSARM/sdk/pico/pico-sdk/src/rp2_common/pico_multicore/multicore.c.obj
 .text.core1_wrapper
                0x10093ddc        0xc CMakeFiles/grumpy2-main.dir/C_/VSARM/sdk/pico/pico-sdk/src/rp2_common/pico_multicore/multicore.c.obj
                0x10093ddc                core1_wrapper
 .text.multicore_fifo_push_blocking
                0x10093de8       0x14 CMakeFiles/grumpy2-main.dir/C_/VSARM/sdk/pico/pico-sdk/src/rp2_common/pico_multicore/multicore.c.obj
                0x10093de8                multicore_fifo_push_blocking
 .text.multicore_fifo_pop_blocking
                0x10093dfc       0x16 CMakeFiles/grumpy2-main.dir/C_/VSARM/sdk/pico/pico-sdk/src/rp2_common/pico_multicore/multicore.c.obj
                0x10093dfc                multicore_fifo_pop_blocking
 .text.multicore_launch_core1_raw
                0x10093e12       0x6e CMakeFiles/grumpy2-main.dir/C_/VSARM/sdk/pico/pico-sdk/src/rp2_common/pico_multicore/multicore.c.obj
                0x10093e12                multicore_launch_core1_raw
 .text.multicore_launch_core1_with_stack
                0x10093e80       0x50 CMakeFiles/grumpy2-main.dir/C_/VSARM/sdk/pico/pico-sdk/src/rp2_common/pico_multicore/multicore.c.obj
                0x10093e80                multicore_launch_core1_with_stack
 .text.multicore_launch_core1
                0x10093ed0       0x24 CMakeFiles/grumpy2-main.dir/C_/VSARM/sdk/pico/pico-sdk/src/rp2_common/pico_multicore/multicore.c.obj
                0x10093ed0                multicore_launch_core1
 .text._malloc_trim_r
                0x10093ef4       0x9c c:/vsarm/armcc/102021~1.10/bin/../lib/gcc/arm-none-eabi/10.3.1/../../../../arm-none-eabi/lib/thumb/v6-m/nofp\libg.a(lib_a-freer.o)
                0x10093ef4                _malloc_trim_r
 .text._free_r  0x10093f90      0x1c4 c:/vsarm/armcc/102021~1.10/bin/../lib/gcc/arm-none-eabi/10.3.1/../../../../arm-none-eabi/lib/thumb/v6-m/nofp\libg.a(lib_a-freer.o)
                0x10093f90                _free_r
 .text.__retarget_lock_acquire_recursive
                0x10094154        0x4 c:/vsarm/armcc/102021~1.10/bin/../lib/gcc/arm-none-eabi/10.3.1/../../../../arm-none-eabi/lib/thumb/v6-m/nofp\libg.a(lib_a-lock.o)
                0x10094154                __retarget_lock_acquire_recursive
 .text.__retarget_lock_release_recursive
                0x10094158        0x4 c:/vsarm/armcc/102021~1.10/bin/../lib/gcc/arm-none-eabi/10.3.1/../../../../arm-none-eabi/lib/thumb/v6-m/nofp\libg.a(lib_a-lock.o)
                0x10094158                __retarget_lock_release_recursive
 .text.malloc   0x1009415c       0x14 c:/vsarm/armcc/102021~1.10/bin/../lib/gcc/arm-none-eabi/10.3.1/../../../../arm-none-eabi/lib/thumb/v6-m/nofp\libg.a(lib_a-malloc.o)
                0x1009415c                malloc
 .text._malloc_r
                0x10094170      0x584 c:/vsarm/armcc/102021~1.10/bin/../lib/gcc/arm-none-eabi/10.3.1/../../../../arm-none-eabi/lib/thumb/v6-m/nofp\libg.a(lib_a-mallocr.o)
                0x10094170                _malloc_r
 .text.__malloc_lock
                0x100946f4       0x10 c:/vsarm/armcc/102021~1.10/bin/../lib/gcc/arm-none-eabi/10.3.1/../../../../arm-none-eabi/lib/thumb/v6-m/nofp\libg.a(lib_a-mlock.o)
                0x100946f4                __malloc_lock
 .text.__malloc_unlock
                0x10094704       0x10 c:/vsarm/armcc/102021~1.10/bin/../lib/gcc/arm-none-eabi/10.3.1/../../../../arm-none-eabi/lib/thumb/v6-m/nofp\libg.a(lib_a-mlock.o)
                0x10094704                __malloc_unlock
 .text.realloc  0x10094714       0x18 c:/vsarm/armcc/102021~1.10/bin/../lib/gcc/arm-none-eabi/10.3.1/../../../../arm-none-eabi/lib/thumb/v6-m/nofp\libg.a(lib_a-realloc.o)
                0x10094714                realloc
 .text._realloc_r
                0x1009472c      0x354 c:/vsarm/armcc/102021~1.10/bin/../lib/gcc/arm-none-eabi/10.3.1/../../../../arm-none-eabi/lib/thumb/v6-m/nofp\libg.a(lib_a-reallocr.o)
                0x1009472c                _realloc_r
 .text._sbrk_r  0x10094a80       0x24 c:/vsarm/armcc/102021~1.10/bin/../lib/gcc/arm-none-eabi/10.3.1/../../../../arm-none-eabi/lib/thumb/v6-m/nofp\libg.a(lib_a-sbrkr.o)
                0x10094a80                _sbrk_r
 .text.strlen   0x10094aa4       0x5c c:/vsarm/armcc/102021~1.10/bin/../lib/gcc/arm-none-eabi/10.3.1/../../../../arm-none-eabi/lib/thumb/v6-m/nofp\libg.a(lib_a-strlen-stub.o)
                0x10094aa4                strlen
 .text.memmove  0x10094b00       0xac c:/vsarm/armcc/102021~1.10/bin/../lib/gcc/arm-none-eabi/10.3.1/../../../../arm-none-eabi/lib/thumb/v6-m/nofp\libg.a(lib_a-memmove.o)
                0x10094b00                memmove
 *(.fini)
 .fini          0x10094bac        0x4 c:/vsarm/armcc/102021~1.10/bin/../lib/gcc/arm-none-eabi/10.3.1/thumb/v6-m/nofp/crti.o
                0x10094bac                _fini
 .fini.__stub   0x10094bb0       0xf0 linker stubs
 *crtbegin.o(.ctors)
 *crtbegin?.o(.ctors)
 *(EXCLUDE_FILE(*crtend.o *crtend?.o) .ctors)
 *(SORT_BY_NAME(.ctors.*))
 *(.ctors)
 *crtbegin.o(.dtors)
 *crtbegin?.o(.dtors)
 *(EXCLUDE_FILE(*crtend.o *crtend?.o) .dtors)
 *(SORT_BY_NAME(.dtors.*))
 *(.dtors)
 *(.eh_frame*)
 .eh_frame      0x10094ca0        0x0 c:/vsarm/armcc/102021~1.10/bin/../lib/gcc/arm-none-eabi/10.3.1/thumb/v6-m/nofp/crtbegin.o
                0x10094ca0                . = ALIGN (0x4)

.glue_7         0x10094ca0        0x0
 .glue_7        0x10094ca0        0x0 linker stubs

.glue_7t        0x10094ca0        0x0
 .glue_7t       0x10094ca0        0x0 linker stubs

.vfp11_veneer   0x10094ca0        0x0
 .vfp11_veneer  0x10094ca0        0x0 linker stubs

.v4_bx          0x10094ca0        0x0
 .v4_bx         0x10094ca0        0x0 linker stubs

.iplt           0x10094ca0        0x0
 .iplt          0x10094ca0        0x0 c:/vsarm/armcc/102021~1.10/bin/../lib/gcc/arm-none-eabi/10.3.1/thumb/v6-m/nofp/crtbegin.o

.rodata         0x10094ca0     0x1a68
 *(EXCLUDE_FILE(*libm.a: *libc.a:*lib_a-mem*.o *libgcc.a:) .rodata*)
 .rodata.alarm_2_irq.str1.4
                0x10094ca0       0x23 CMakeFiles/grumpy2-main.dir/main.c.obj
 *fill*         0x10094cc3        0x1 
 .rodata.main2.str1.4
                0x10094cc4       0x46 CMakeFiles/grumpy2-main.dir/main.c.obj
 *fill*         0x10094d0a        0x2 
 .rodata.load_channel.str1.4
                0x10094d0c       0x37 CMakeFiles/grumpy2-main.dir/main.c.obj
 *fill*         0x10094d43        0x1 
 .rodata.main.str1.4
                0x10094d44      0x195 CMakeFiles/grumpy2-main.dir/main.c.obj
 *fill*         0x10094ed9        0x3 
 .rodata.pitches
                0x10094edc      0x200 CMakeFiles/grumpy2-main.dir/main.c.obj
 .rodata.spin_lock_claim_unused.str1.4
                0x100950dc       0x1b CMakeFiles/grumpy2-main.dir/C_/VSARM/sdk/pico/pico-sdk/src/rp2_common/hardware_sync/sync.c.obj
 *fill*         0x100950f7        0x1 
 .rodata.make_branch.str1.4
                0x100950f8       0x6d CMakeFiles/grumpy2-main.dir/C_/VSARM/sdk/pico/pico-sdk/src/rp2_common/hardware_irq/irq.c.obj
 *fill*         0x10095165        0x3 
 .rodata.insert_branch_and_link.str1.4
                0x10095168       0x10 CMakeFiles/grumpy2-main.dir/C_/VSARM/sdk/pico/pico-sdk/src/rp2_common/hardware_irq/irq.c.obj
 .rodata.irq_set_exclusive_handler.str1.4
                0x10095178       0x36 CMakeFiles/grumpy2-main.dir/C_/VSARM/sdk/pico/pico-sdk/src/rp2_common/hardware_irq/irq.c.obj
 *fill*         0x100951ae        0x2 
 .rodata.irq_add_shared_handler.str1.4
                0x100951b0       0xd9 CMakeFiles/grumpy2-main.dir/C_/VSARM/sdk/pico/pico-sdk/src/rp2_common/hardware_irq/irq.c.obj
 *fill*         0x10095289        0x3 
 .rodata.irq_remove_handler.str1.4
                0x1009528c       0x3a CMakeFiles/grumpy2-main.dir/C_/VSARM/sdk/pico/pico-sdk/src/rp2_common/hardware_irq/irq.c.obj
 *fill*         0x100952c6        0x2 
 .rodata.irq_add_tail_to_free_list.str1.4
                0x100952c8       0x3a CMakeFiles/grumpy2-main.dir/C_/VSARM/sdk/pico/pico-sdk/src/rp2_common/hardware_irq/irq.c.obj
 *fill*         0x10095302        0x2 
 .rodata.user_irq_claim_unused.str1.4
                0x10095304       0x1b CMakeFiles/grumpy2-main.dir/C_/VSARM/sdk/pico/pico-sdk/src/rp2_common/hardware_irq/irq.c.obj
 *fill*         0x1009531f        0x1 
 .rodata.__func__.0
                0x10095320       0x1a CMakeFiles/grumpy2-main.dir/C_/VSARM/sdk/pico/pico-sdk/src/rp2_common/hardware_irq/irq.c.obj
 *fill*         0x1009533a        0x2 
 .rodata.__func__.1
                0x1009533c       0x17 CMakeFiles/grumpy2-main.dir/C_/VSARM/sdk/pico/pico-sdk/src/rp2_common/hardware_irq/irq.c.obj
 *fill*         0x10095353        0x1 
 .rodata.__func__.2
                0x10095354       0x13 CMakeFiles/grumpy2-main.dir/C_/VSARM/sdk/pico/pico-sdk/src/rp2_common/hardware_irq/irq.c.obj
 *fill*         0x10095367        0x1 
 .rodata.__func__.3
                0x10095368        0xc CMakeFiles/grumpy2-main.dir/C_/VSARM/sdk/pico/pico-sdk/src/rp2_common/hardware_irq/irq.c.obj
 .rodata.__func__.4
                0x10095374        0xf CMakeFiles/grumpy2-main.dir/C_/VSARM/sdk/pico/pico-sdk/src/rp2_common/hardware_irq/irq.c.obj
 *fill*         0x10095383        0x1 
 .rodata.__func__.5
                0x10095384       0x17 CMakeFiles/grumpy2-main.dir/C_/VSARM/sdk/pico/pico-sdk/src/rp2_common/hardware_irq/irq.c.obj
 *fill*         0x1009539b        0x1 
 .rodata.__func__.6
                0x1009539c       0x1a CMakeFiles/grumpy2-main.dir/C_/VSARM/sdk/pico/pico-sdk/src/rp2_common/hardware_irq/irq.c.obj
 *fill*         0x100953b6        0x2 
 .rodata.str1.4
                0x100953b8       0xed CMakeFiles/grumpy2-main.dir/C_/VSARM/sdk/pico/pico-sdk/src/common/pico_sync/mutex.c.obj
 *fill*         0x100954a5        0x3 
 .rodata.__func__.1
                0x100954a8        0xb CMakeFiles/grumpy2-main.dir/C_/VSARM/sdk/pico/pico-sdk/src/common/pico_sync/mutex.c.obj
 *fill*         0x100954b3        0x1 
 .rodata.__func__.3
                0x100954b4       0x18 CMakeFiles/grumpy2-main.dir/C_/VSARM/sdk/pico/pico-sdk/src/common/pico_sync/mutex.c.obj
 .rodata.__func__.4
                0x100954cc       0x15 CMakeFiles/grumpy2-main.dir/C_/VSARM/sdk/pico/pico-sdk/src/common/pico_sync/mutex.c.obj
 *fill*         0x100954e1        0x3 
 .rodata.repeating_timer_callback.str1.4
                0x100954e4       0x4b CMakeFiles/grumpy2-main.dir/C_/VSARM/sdk/pico/pico-sdk/src/common/pico_time/time.c.obj
 *fill*         0x1009552f        0x1 
 .rodata.timer_pool_entry_comparator.str1.4
                0x10095530       0x22 CMakeFiles/grumpy2-main.dir/C_/VSARM/sdk/pico/pico-sdk/src/common/pico_time/time.c.obj
 *fill*         0x10095552        0x2 
 .rodata.ph_add_child_node.str1.4
                0x10095554       0x96 CMakeFiles/grumpy2-main.dir/C_/VSARM/sdk/pico/pico-sdk/src/common/pico_time/time.c.obj
 *fill*         0x100955ea        0x2 
 .rodata.add_alarm_under_lock.str1.4
                0x100955ec       0x28 CMakeFiles/grumpy2-main.dir/C_/VSARM/sdk/pico/pico-sdk/src/common/pico_time/time.c.obj
                                 0x2b (size before relaxing)
 .rodata.alarm_pool_alarm_callback.str1.4
                0x10095614       0x98 CMakeFiles/grumpy2-main.dir/C_/VSARM/sdk/pico/pico-sdk/src/common/pico_time/time.c.obj
                                 0xfc (size before relaxing)
 .rodata.alarm_pool_get_default.str1.4
                0x100956ac       0x21 CMakeFiles/grumpy2-main.dir/C_/VSARM/sdk/pico/pico-sdk/src/common/pico_time/time.c.obj
 *fill*         0x100956cd        0x3 
 .rodata.alarm_pool_cancel_alarm.str1.4
                0x100956d0       0x27 CMakeFiles/grumpy2-main.dir/C_/VSARM/sdk/pico/pico-sdk/src/common/pico_time/time.c.obj
 *fill*         0x100956f7        0x1 
 .rodata.sleep_until.str1.4
                0x100956f8       0x4d CMakeFiles/grumpy2-main.dir/C_/VSARM/sdk/pico/pico-sdk/src/common/pico_time/time.c.obj
 *fill*         0x10095745        0x3 
 .rodata.__func__.1
                0x10095748       0x18 CMakeFiles/grumpy2-main.dir/C_/VSARM/sdk/pico/pico-sdk/src/common/pico_time/time.c.obj
 .rodata.__func__.10
                0x10095760       0x15 CMakeFiles/grumpy2-main.dir/C_/VSARM/sdk/pico/pico-sdk/src/common/pico_time/time.c.obj
 *fill*         0x10095775        0x3 
 .rodata.__func__.11
                0x10095778       0x1a CMakeFiles/grumpy2-main.dir/C_/VSARM/sdk/pico/pico-sdk/src/common/pico_time/time.c.obj
 *fill*         0x10095792        0x2 
 .rodata.__func__.12
                0x10095794        0xa CMakeFiles/grumpy2-main.dir/C_/VSARM/sdk/pico/pico-sdk/src/common/pico_time/time.c.obj
 *fill*         0x1009579e        0x2 
 .rodata.__func__.3
                0x100957a0       0x17 CMakeFiles/grumpy2-main.dir/C_/VSARM/sdk/pico/pico-sdk/src/common/pico_time/time.c.obj
 *fill*         0x100957b7        0x1 
 .rodata.__func__.4
                0x100957b8       0x12 CMakeFiles/grumpy2-main.dir/C_/VSARM/sdk/pico/pico-sdk/src/common/pico_time/time.c.obj
 *fill*         0x100957ca        0x2 
 .rodata.__func__.5
                0x100957cc        0xd CMakeFiles/grumpy2-main.dir/C_/VSARM/sdk/pico/pico-sdk/src/common/pico_time/time.c.obj
 *fill*         0x100957d9        0x3 
 .rodata.__func__.6
                0x100957dc       0x12 CMakeFiles/grumpy2-main.dir/C_/VSARM/sdk/pico/pico-sdk/src/common/pico_time/time.c.obj
 *fill*         0x100957ee        0x2 
 .rodata.__func__.7
                0x100957f0        0xf CMakeFiles/grumpy2-main.dir/C_/VSARM/sdk/pico/pico-sdk/src/common/pico_time/time.c.obj
 *fill*         0x100957ff        0x1 
 .rodata.__func__.8
                0x10095800        0xc CMakeFiles/grumpy2-main.dir/C_/VSARM/sdk/pico/pico-sdk/src/common/pico_time/time.c.obj
 .rodata.__func__.9
                0x1009580c       0x15 CMakeFiles/grumpy2-main.dir/C_/VSARM/sdk/pico/pico-sdk/src/common/pico_time/time.c.obj
 *fill*         0x10095821        0x3 
 .rodata.hardware_alarm_claim.str1.4
                0x10095824       0x22 CMakeFiles/grumpy2-main.dir/C_/VSARM/sdk/pico/pico-sdk/src/rp2_common/hardware_timer/timer.c.obj
 .rodata.busy_wait_us.str1.4
                0x10095846       0x61 CMakeFiles/grumpy2-main.dir/C_/VSARM/sdk/pico/pico-sdk/src/rp2_common/hardware_timer/timer.c.obj
 *fill*         0x10095846        0x2 
 .rodata.hardware_alarm_set_target.str1.4
                0x10095848       0x65 CMakeFiles/grumpy2-main.dir/C_/VSARM/sdk/pico/pico-sdk/src/rp2_common/hardware_timer/timer.c.obj
 *fill*         0x100958ad        0x3 
 .rodata.__func__.0
                0x100958b0       0x1a CMakeFiles/grumpy2-main.dir/C_/VSARM/sdk/pico/pico-sdk/src/rp2_common/hardware_timer/timer.c.obj
 *fill*         0x100958ca        0x2 
 .rodata.__func__.1
                0x100958cc       0x15 CMakeFiles/grumpy2-main.dir/C_/VSARM/sdk/pico/pico-sdk/src/rp2_common/hardware_timer/timer.c.obj
 .rodata.ph_add_child_node.str1.4
                0x100958e1       0x96 CMakeFiles/grumpy2-main.dir/C_/VSARM/sdk/pico/pico-sdk/src/common/pico_util/pheap.c.obj
 *fill*         0x100958e1        0x3 
 .rodata.ph_remove_any_head.str1.4
                0x100958e4       0x8c CMakeFiles/grumpy2-main.dir/C_/VSARM/sdk/pico/pico-sdk/src/common/pico_util/pheap.c.obj
                                 0xa0 (size before relaxing)
 .rodata.ph_remove_and_free_node.str1.4
                0x10095970       0x1e CMakeFiles/grumpy2-main.dir/C_/VSARM/sdk/pico/pico-sdk/src/common/pico_util/pheap.c.obj
                                 0x26 (size before relaxing)
 *fill*         0x1009598e        0x2 
 .rodata.__func__.0
                0x10095990       0x18 CMakeFiles/grumpy2-main.dir/C_/VSARM/sdk/pico/pico-sdk/src/common/pico_util/pheap.c.obj
 .rodata.__func__.1
                0x100959a8       0x13 CMakeFiles/grumpy2-main.dir/C_/VSARM/sdk/pico/pico-sdk/src/common/pico_util/pheap.c.obj
 *fill*         0x100959bb        0x1 
 .rodata.__func__.2
                0x100959bc       0x12 CMakeFiles/grumpy2-main.dir/C_/VSARM/sdk/pico/pico-sdk/src/common/pico_util/pheap.c.obj
 *fill*         0x100959ce        0x2 
 .rodata.__func__.3
                0x100959d0        0xc CMakeFiles/grumpy2-main.dir/C_/VSARM/sdk/pico/pico-sdk/src/common/pico_util/pheap.c.obj
 .rodata.clock_configure.str1.4
                0x100959dc       0x57 CMakeFiles/grumpy2-main.dir/C_/VSARM/sdk/pico/pico-sdk/src/rp2_common/hardware_clocks/clocks.c.obj
 *fill*         0x10095a33        0x1 
 .rodata.__func__.1
                0x10095a34       0x10 CMakeFiles/grumpy2-main.dir/C_/VSARM/sdk/pico/pico-sdk/src/rp2_common/hardware_clocks/clocks.c.obj
 .rodata.pll_init.str1.4
                0x10095a44      0x124 CMakeFiles/grumpy2-main.dir/C_/VSARM/sdk/pico/pico-sdk/src/rp2_common/hardware_pll/pll.c.obj
 .rodata.__func__.0
                0x10095b68        0x9 CMakeFiles/grumpy2-main.dir/C_/VSARM/sdk/pico/pico-sdk/src/rp2_common/hardware_pll/pll.c.obj
 *fill*         0x10095b71        0x3 
 .rodata.__assert_func.str1.4
                0x10095b74       0x3f CMakeFiles/grumpy2-main.dir/C_/VSARM/sdk/pico/pico-sdk/src/rp2_common/pico_runtime/runtime.c.obj
                                 0x43 (size before relaxing)
 *fill*         0x10095bb3        0x1 
 .rodata.runtime_init.str1.4
                0x10095bb4       0x61 CMakeFiles/grumpy2-main.dir/C_/VSARM/sdk/pico/pico-sdk/src/rp2_common/pico_runtime/runtime.c.obj
 *fill*         0x10095c15        0x3 
 .rodata.panic.str1.4
                0x10095c18       0x10 CMakeFiles/grumpy2-main.dir/C_/VSARM/sdk/pico/pico-sdk/src/rp2_common/pico_runtime/runtime.c.obj
                                 0x12 (size before relaxing)
 .rodata.__func__.2
                0x10095c28        0xd CMakeFiles/grumpy2-main.dir/C_/VSARM/sdk/pico/pico-sdk/src/rp2_common/pico_runtime/runtime.c.obj
 *fill*         0x10095c35        0x3 
 .rodata._ftoa.str1.4
                0x10095c38       0x15 CMakeFiles/grumpy2-main.dir/C_/VSARM/sdk/pico/pico-sdk/src/rp2_common/pico_printf/printf.c.obj
 *fill*         0x10095c4d        0x3 
 .rodata._vsnprintf
                0x10095c50      0x1e0 CMakeFiles/grumpy2-main.dir/C_/VSARM/sdk/pico/pico-sdk/src/rp2_common/pico_printf/printf.c.obj
 .rodata.pow10.0
                0x10095e30       0x50 CMakeFiles/grumpy2-main.dir/C_/VSARM/sdk/pico/pico-sdk/src/rp2_common/pico_printf/printf.c.obj
 .rodata.__aeabi_double_init.str1.4
                0x10095e80       0x9c CMakeFiles/grumpy2-main.dir/C_/VSARM/sdk/pico/pico-sdk/src/rp2_common/pico_double/double_init_rom.c.obj
 .rodata.__func__.0
                0x10095f1c       0x14 CMakeFiles/grumpy2-main.dir/C_/VSARM/sdk/pico/pico-sdk/src/rp2_common/pico_double/double_init_rom.c.obj
 .rodata.__aeabi_float_init.str1.4
                0x10095f30       0x7a CMakeFiles/grumpy2-main.dir/C_/VSARM/sdk/pico/pico-sdk/src/rp2_common/pico_float/float_init_rom.c.obj
                                 0x7e (size before relaxing)
 *fill*         0x10095faa        0x2 
 .rodata.__func__.0
                0x10095fac       0x13 CMakeFiles/grumpy2-main.dir/C_/VSARM/sdk/pico/pico-sdk/src/rp2_common/pico_float/float_init_rom.c.obj
 *fill*         0x10095fbf        0x1 
 .rodata.__wrap_malloc.str1.4
                0x10095fc0        0xe CMakeFiles/grumpy2-main.dir/C_/VSARM/sdk/pico/pico-sdk/src/rp2_common/pico_malloc/pico_malloc.c.obj
 *fill*         0x10095fce        0x2 
 .rodata.str1.4
                0x10095fd0       0x48 CMakeFiles/grumpy2-main.dir/C_/VSARM/sdk/pico/pico-sdk/src/rp2_common/pico_standard_link/binary_info.c.obj
 .rodata.__bi_44
                0x10096018        0xc CMakeFiles/grumpy2-main.dir/C_/VSARM/sdk/pico/pico-sdk/src/rp2_common/pico_standard_link/binary_info.c.obj
 .rodata.__bi_56
                0x10096024        0xc CMakeFiles/grumpy2-main.dir/C_/VSARM/sdk/pico/pico-sdk/src/rp2_common/pico_standard_link/binary_info.c.obj
 .rodata.__bi_75
                0x10096030        0xc CMakeFiles/grumpy2-main.dir/C_/VSARM/sdk/pico/pico-sdk/src/rp2_common/pico_standard_link/binary_info.c.obj
 .rodata.__bi_81
                0x1009603c        0xc CMakeFiles/grumpy2-main.dir/C_/VSARM/sdk/pico/pico-sdk/src/rp2_common/pico_standard_link/binary_info.c.obj
 .rodata.stdout_serialize_begin.str1.4
                0x10096048       0x61 CMakeFiles/grumpy2-main.dir/C_/VSARM/sdk/pico/pico-sdk/src/rp2_common/pico_stdio/stdio.c.obj
 .rodata.__func__.3
                0x10096048       0x15 CMakeFiles/grumpy2-main.dir/C_/VSARM/sdk/pico/pico-sdk/src/rp2_common/pico_stdio/stdio.c.obj
 *fill*         0x1009605d        0x3 
 .rodata.crlf_str.2
                0x10096060        0x2 CMakeFiles/grumpy2-main.dir/C_/VSARM/sdk/pico/pico-sdk/src/rp2_common/pico_stdio/stdio.c.obj
 *fill*         0x10096062        0x2 
 .rodata._resetd_driver
                0x10096064       0x18 CMakeFiles/grumpy2-main.dir/C_/VSARM/sdk/pico/pico-sdk/src/rp2_common/pico_stdio_usb/reset_interface.c.obj
 .rodata.low_priority_worker_irq.str1.4
                0x1009607c       0x61 CMakeFiles/grumpy2-main.dir/C_/VSARM/sdk/pico/pico-sdk/src/rp2_common/pico_stdio_usb/stdio_usb.c.obj
 .rodata.stdio_usb_init.str1.4
                0x1009607c       0x45 CMakeFiles/grumpy2-main.dir/C_/VSARM/sdk/pico/pico-sdk/src/rp2_common/pico_stdio_usb/stdio_usb.c.obj
                                 0x4d (size before relaxing)
 *fill*         0x100960c1        0x3 
 .rodata.str1.4
                0x100960c4       0x13 CMakeFiles/grumpy2-main.dir/C_/VSARM/sdk/pico/pico-sdk/src/rp2_common/pico_stdio_usb/stdio_usb.c.obj
 *fill*         0x100960d7        0x1 
 .rodata.__bi_182.0
                0x100960d8        0xc CMakeFiles/grumpy2-main.dir/C_/VSARM/sdk/pico/pico-sdk/src/rp2_common/pico_stdio_usb/stdio_usb.c.obj
 .rodata.__func__.1
                0x100960e4        0xf CMakeFiles/grumpy2-main.dir/C_/VSARM/sdk/pico/pico-sdk/src/rp2_common/pico_stdio_usb/stdio_usb.c.obj
 *fill*         0x100960f3        0x1 
 .rodata.__func__.3
                0x100960f4       0x15 CMakeFiles/grumpy2-main.dir/C_/VSARM/sdk/pico/pico-sdk/src/rp2_common/pico_stdio_usb/stdio_usb.c.obj
 *fill*         0x10096109        0x3 
 .rodata.str1.4
                0x1009610c       0x2a CMakeFiles/grumpy2-main.dir/C_/VSARM/sdk/pico/pico-sdk/src/rp2_common/pico_stdio_usb/stdio_usb_descriptors.c.obj
 *fill*         0x10096136        0x2 
 .rodata.usbd_desc_cfg
                0x10096138       0x54 CMakeFiles/grumpy2-main.dir/C_/VSARM/sdk/pico/pico-sdk/src/rp2_common/pico_stdio_usb/stdio_usb_descriptors.c.obj
 .rodata.usbd_desc_device
                0x1009618c       0x12 CMakeFiles/grumpy2-main.dir/C_/VSARM/sdk/pico/pico-sdk/src/rp2_common/pico_stdio_usb/stdio_usb_descriptors.c.obj
 *fill*         0x1009619e        0x2 
 .rodata.usbd_desc_str
                0x100961a0       0x18 CMakeFiles/grumpy2-main.dir/C_/VSARM/sdk/pico/pico-sdk/src/rp2_common/pico_stdio_usb/stdio_usb_descriptors.c.obj
 .rodata.pico_get_unique_board_id_string.str1.4
                0x100961b8       0x4d CMakeFiles/grumpy2-main.dir/C_/VSARM/sdk/pico/pico-sdk/src/rp2_common/pico_unique_id/unique_id.c.obj
 *fill*         0x10096205        0x3 
 .rodata.__func__.0
                0x10096208       0x20 CMakeFiles/grumpy2-main.dir/C_/VSARM/sdk/pico/pico-sdk/src/rp2_common/pico_unique_id/unique_id.c.obj
 .rodata.str1.4
                0x10096228      0x15a CMakeFiles/grumpy2-main.dir/C_/VSARM/sdk/pico/pico-sdk/src/rp2_common/hardware_flash/flash.c.obj
 *fill*         0x10096382        0x2 
 .rodata.__func__.0
                0x10096384        0xd CMakeFiles/grumpy2-main.dir/C_/VSARM/sdk/pico/pico-sdk/src/rp2_common/hardware_flash/flash.c.obj
 *fill*         0x10096391        0x3 
 .rodata._hw_endpoint_alloc.str1.4
                0x10096394       0xb5 CMakeFiles/grumpy2-main.dir/C_/VSARM/sdk/pico/pico-sdk/lib/tinyusb/src/portable/raspberrypi/rp2040/dcd_rp2040.c.obj
 *fill*         0x10096449        0x3 
 .rodata.str1.4
                0x1009644c       0x14 CMakeFiles/grumpy2-main.dir/C_/VSARM/sdk/pico/pico-sdk/lib/tinyusb/src/portable/raspberrypi/rp2040/dcd_rp2040.c.obj
 .rodata.dcd_int_enable.str1.4
                0x10096460        0xc CMakeFiles/grumpy2-main.dir/C_/VSARM/sdk/pico/pico-sdk/lib/tinyusb/src/portable/raspberrypi/rp2040/dcd_rp2040.c.obj
 .rodata.__func__.0
                0x1009646c        0xe CMakeFiles/grumpy2-main.dir/C_/VSARM/sdk/pico/pico-sdk/lib/tinyusb/src/portable/raspberrypi/rp2040/dcd_rp2040.c.obj
 *fill*         0x1009647a        0x2 
 .rodata.__func__.1
                0x1009647c        0xe CMakeFiles/grumpy2-main.dir/C_/VSARM/sdk/pico/pico-sdk/lib/tinyusb/src/portable/raspberrypi/rp2040/dcd_rp2040.c.obj
 *fill*         0x1009648a        0x2 
 .rodata.__func__.3
                0x1009648c       0x10 CMakeFiles/grumpy2-main.dir/C_/VSARM/sdk/pico/pico-sdk/lib/tinyusb/src/portable/raspberrypi/rp2040/dcd_rp2040.c.obj
 .rodata.__func__.5
                0x1009649c        0xf CMakeFiles/grumpy2-main.dir/C_/VSARM/sdk/pico/pico-sdk/lib/tinyusb/src/portable/raspberrypi/rp2040/dcd_rp2040.c.obj
 *fill*         0x100964ab        0x1 
 .rodata.__func__.6
                0x100964ac       0x13 CMakeFiles/grumpy2-main.dir/C_/VSARM/sdk/pico/pico-sdk/lib/tinyusb/src/portable/raspberrypi/rp2040/dcd_rp2040.c.obj
 *fill*         0x100964bf        0x1 
 .rodata.__func__.7
                0x100964c0        0x9 CMakeFiles/grumpy2-main.dir/C_/VSARM/sdk/pico/pico-sdk/lib/tinyusb/src/portable/raspberrypi/rp2040/dcd_rp2040.c.obj
 *fill*         0x100964c9        0x3 
 .rodata.str1.4
                0x100964cc       0xe7 CMakeFiles/grumpy2-main.dir/C_/VSARM/sdk/pico/pico-sdk/lib/tinyusb/src/portable/raspberrypi/rp2040/rp2040_usb.c.obj
 *fill*         0x100965b3        0x1 
 .rodata.__func__.0
                0x100965b4        0xf CMakeFiles/grumpy2-main.dir/C_/VSARM/sdk/pico/pico-sdk/lib/tinyusb/src/portable/raspberrypi/rp2040/rp2040_usb.c.obj
 *fill*         0x100965c3        0x1 
 .rodata.process_get_descriptor
                0x100965c4       0x40 CMakeFiles/grumpy2-main.dir/C_/VSARM/sdk/pico/pico-sdk/lib/tinyusb/src/device/usbd.c.obj
 .rodata.process_control_request
                0x10096604       0x28 CMakeFiles/grumpy2-main.dir/C_/VSARM/sdk/pico/pico-sdk/lib/tinyusb/src/device/usbd.c.obj
 .rodata.tud_task_ext
                0x1009662c       0x24 CMakeFiles/grumpy2-main.dir/C_/VSARM/sdk/pico/pico-sdk/lib/tinyusb/src/device/usbd.c.obj
 .rodata._usbd_driver
                0x10096650       0x18 CMakeFiles/grumpy2-main.dir/C_/VSARM/sdk/pico/pico-sdk/lib/tinyusb/src/device/usbd.c.obj
 .rodata.multicore_lockout_start_block_until.str1.4
                0x10096668       0x5d CMakeFiles/grumpy2-main.dir/C_/VSARM/sdk/pico/pico-sdk/src/rp2_common/pico_multicore/multicore.c.obj
 *fill*         0x100966c5        0x3 
 .rodata.multicore_launch_core1_with_stack.str1.4
                0x100966c8       0x19 CMakeFiles/grumpy2-main.dir/C_/VSARM/sdk/pico/pico-sdk/src/rp2_common/pico_multicore/multicore.c.obj
 *fill*         0x100966e1        0x3 
 .rodata.__func__.2
                0x100966e4       0x22 CMakeFiles/grumpy2-main.dir/C_/VSARM/sdk/pico/pico-sdk/src/rp2_common/pico_multicore/multicore.c.obj
                0x10096708                . = ALIGN (0x4)
 *fill*         0x10096706        0x2 
 *(SORT_BY_ALIGNMENT(SORT_BY_NAME(.flashdata*)))
                0x10096708                . = ALIGN (0x4)

.ARM.extab
 *(.ARM.extab* .gnu.linkonce.armextab.*)
                0x10096708                __exidx_start = .

.ARM.exidx
 *(.ARM.exidx* .gnu.linkonce.armexidx.*)
                0x10096708                __exidx_end = .
                0x10096708                . = ALIGN (0x4)
                0x10096708                __binary_info_start = .

.binary_info    0x10096708       0x24
 *(.binary_info.keep.*)
 .binary_info.keep.__bi_ptr22
                0x10096708        0x4 CMakeFiles/grumpy2-main.dir/C_/VSARM/sdk/pico/pico-sdk/src/rp2_common/pico_standard_link/binary_info.c.obj
 .binary_info.keep.__bi_ptr30
                0x1009670c        0x4 CMakeFiles/grumpy2-main.dir/C_/VSARM/sdk/pico/pico-sdk/src/rp2_common/pico_standard_link/binary_info.c.obj
 .binary_info.keep.__bi_ptr38
                0x10096710        0x4 CMakeFiles/grumpy2-main.dir/C_/VSARM/sdk/pico/pico-sdk/src/rp2_common/pico_standard_link/binary_info.c.obj
 .binary_info.keep.__bi_ptr44
                0x10096714        0x4 CMakeFiles/grumpy2-main.dir/C_/VSARM/sdk/pico/pico-sdk/src/rp2_common/pico_standard_link/binary_info.c.obj
 .binary_info.keep.__bi_ptr50
                0x10096718        0x4 CMakeFiles/grumpy2-main.dir/C_/VSARM/sdk/pico/pico-sdk/src/rp2_common/pico_standard_link/binary_info.c.obj
 .binary_info.keep.__bi_ptr56
                0x1009671c        0x4 CMakeFiles/grumpy2-main.dir/C_/VSARM/sdk/pico/pico-sdk/src/rp2_common/pico_standard_link/binary_info.c.obj
 .binary_info.keep.__bi_ptr75
                0x10096720        0x4 CMakeFiles/grumpy2-main.dir/C_/VSARM/sdk/pico/pico-sdk/src/rp2_common/pico_standard_link/binary_info.c.obj
 .binary_info.keep.__bi_ptr81
                0x10096724        0x4 CMakeFiles/grumpy2-main.dir/C_/VSARM/sdk/pico/pico-sdk/src/rp2_common/pico_standard_link/binary_info.c.obj
 *(.binary_info.*)
 .binary_info.__bi_ptr182
                0x10096728        0x4 CMakeFiles/grumpy2-main.dir/C_/VSARM/sdk/pico/pico-sdk/src/rp2_common/pico_stdio_usb/stdio_usb.c.obj
                0x1009672c                __binary_info_end = .

.rel.dyn        0x1009672c        0x0
 .rel.iplt      0x1009672c        0x0 c:/vsarm/armcc/102021~1.10/bin/../lib/gcc/arm-none-eabi/10.3.1/thumb/v6-m/nofp/crtbegin.o
                0x1009672c                . = ALIGN (0x4)

.ram_vector_table
                0x20000000       0xc0
 *(.ram_vector_table)
 .ram_vector_table
                0x20000000       0xc0 CMakeFiles/grumpy2-main.dir/C_/VSARM/sdk/pico/pico-sdk/src/rp2_common/pico_runtime/runtime.c.obj
                0x20000000                ram_vector_table

.data           0x200000c0     0x1488 load address 0x1009672c
                0x200000c0                __data_start__ = .
 *(vtable)
 *(.time_critical*)
 .time_critical.mutex_enter_blocking
                0x200000c0       0x48 CMakeFiles/grumpy2-main.dir/C_/VSARM/sdk/pico/pico-sdk/src/common/pico_sync/mutex.c.obj
                0x200000c0                mutex_enter_blocking
 .time_critical.mutex_try_enter
                0x20000108       0x46 CMakeFiles/grumpy2-main.dir/C_/VSARM/sdk/pico/pico-sdk/src/common/pico_sync/mutex.c.obj
                0x20000108                mutex_try_enter
 *fill*         0x2000014e        0x2 
 .time_critical.mutex_enter_block_until
                0x20000150       0x8c CMakeFiles/grumpy2-main.dir/C_/VSARM/sdk/pico/pico-sdk/src/common/pico_sync/mutex.c.obj
                0x20000150                mutex_enter_block_until
 .time_critical.mutex_try_enter_block_until
                0x200001dc       0x34 CMakeFiles/grumpy2-main.dir/C_/VSARM/sdk/pico/pico-sdk/src/common/pico_sync/mutex.c.obj
                0x200001dc                mutex_try_enter_block_until
 .time_critical.mutex_enter_timeout_ms
                0x20000210       0x68 CMakeFiles/grumpy2-main.dir/C_/VSARM/sdk/pico/pico-sdk/src/common/pico_sync/mutex.c.obj
                0x20000210                mutex_enter_timeout_ms
 .time_critical.mutex_exit
                0x20000278       0x4c CMakeFiles/grumpy2-main.dir/C_/VSARM/sdk/pico/pico-sdk/src/common/pico_sync/mutex.c.obj
                0x20000278                mutex_exit
 .time_critical.flash_init_boot2_copyout
                0x200002c4       0x30 CMakeFiles/grumpy2-main.dir/C_/VSARM/sdk/pico/pico-sdk/src/rp2_common/hardware_flash/flash.c.obj
 .time_critical.flash_enable_xip_via_boot2
                0x200002f4       0x10 CMakeFiles/grumpy2-main.dir/C_/VSARM/sdk/pico/pico-sdk/src/rp2_common/hardware_flash/flash.c.obj
 .time_critical.flash_cs_force
                0x20000304       0x28 CMakeFiles/grumpy2-main.dir/C_/VSARM/sdk/pico/pico-sdk/src/rp2_common/hardware_flash/flash.c.obj
 .time_critical.flash_do_cmd
                0x2000032c       0xd8 CMakeFiles/grumpy2-main.dir/C_/VSARM/sdk/pico/pico-sdk/src/rp2_common/hardware_flash/flash.c.obj
                0x2000032c                flash_do_cmd
 .time_critical.reset_non_control_endpoints